<!doctype html public "-//w3c//dtd html 4.0 transitional//en">
<html><head>
<title>Static Call Graph - [.\Objects\Projeto2.axf]</title></head>
<body><HR>
<H1>Static Call Graph for image .\Objects\Projeto2.axf</H1><HR>
<BR><P>#&#060CALLGRAPH&#062# ARM Linker, 6190004: Last Updated: Mon Sep  4 20:02:35 2023
<BR><P>
<H3>Maximum Stack Usage =        272 bytes + Unknown(Functions without stacksize, Cycles, Untraceable Function Pointers)</H3><H3>
Call chain for Maximum Stack Depth:</H3>
__rt_entry_main &rArr; main &rArr; modoManual &rArr; realizar_viagem &rArr; send_string &rArr; send_data &rArr; trigger_EN &rArr; atraso &rArr; delay_ms &rArr; __aeabi_idiv
<P>
<H3>
Functions with no stack information
</H3><UL>
 <LI><a href="#[2a]">__user_initial_stackheap</a>
</UL>
</UL>
<P>
<H3>
Mutually Recursive functions
</H3> <LI><a href="#[1]">NMI_Handler</a>&nbsp;&nbsp;&nbsp;&rArr;&nbsp;&nbsp;&nbsp;<a href="#[1]">NMI_Handler</a><BR>
 <LI><a href="#[2]">HardFault_Handler</a>&nbsp;&nbsp;&nbsp;&rArr;&nbsp;&nbsp;&nbsp;<a href="#[2]">HardFault_Handler</a><BR>
 <LI><a href="#[3]">SVC_Handler</a>&nbsp;&nbsp;&nbsp;&rArr;&nbsp;&nbsp;&nbsp;<a href="#[3]">SVC_Handler</a><BR>
 <LI><a href="#[4]">PendSV_Handler</a>&nbsp;&nbsp;&nbsp;&rArr;&nbsp;&nbsp;&nbsp;<a href="#[4]">PendSV_Handler</a><BR>
 <LI><a href="#[5]">SysTick_Handler</a>&nbsp;&nbsp;&nbsp;&rArr;&nbsp;&nbsp;&nbsp;<a href="#[5]">SysTick_Handler</a><BR>
</UL>
<P>
<H3>
Function Pointers
</H3><UL>
 <LI><a href="#[15]">ADC0_IRQHandler</a> from startup_mkl25z4.o(.text) referenced from startup_mkl25z4.o(RESET)
 <LI><a href="#[16]">CMP0_IRQHandler</a> from startup_mkl25z4.o(.text) referenced from startup_mkl25z4.o(RESET)
 <LI><a href="#[1f]">DAC0_IRQHandler</a> from startup_mkl25z4.o(.text) referenced from startup_mkl25z4.o(RESET)
 <LI><a href="#[6]">DMA0_IRQHandler</a> from startup_mkl25z4.o(.text) referenced from startup_mkl25z4.o(RESET)
 <LI><a href="#[7]">DMA1_IRQHandler</a> from startup_mkl25z4.o(.text) referenced from startup_mkl25z4.o(RESET)
 <LI><a href="#[8]">DMA2_IRQHandler</a> from startup_mkl25z4.o(.text) referenced from startup_mkl25z4.o(RESET)
 <LI><a href="#[9]">DMA3_IRQHandler</a> from startup_mkl25z4.o(.text) referenced from startup_mkl25z4.o(RESET)
 <LI><a href="#[28]">DefaultISR</a> from startup_mkl25z4.o(.text) referenced from startup_mkl25z4.o(.text)
 <LI><a href="#[b]">FTFA_IRQHandler</a> from startup_mkl25z4.o(.text) referenced from startup_mkl25z4.o(RESET)
 <LI><a href="#[2]">HardFault_Handler</a> from startup_mkl25z4.o(.text) referenced from startup_mkl25z4.o(RESET)
 <LI><a href="#[e]">I2C0_IRQHandler</a> from startup_mkl25z4.o(.text) referenced from startup_mkl25z4.o(RESET)
 <LI><a href="#[f]">I2C1_IRQHandler</a> from startup_mkl25z4.o(.text) referenced from startup_mkl25z4.o(RESET)
 <LI><a href="#[d]">LLWU_IRQHandler</a> from startup_mkl25z4.o(.text) referenced from startup_mkl25z4.o(RESET)
 <LI><a href="#[22]">LPTMR0_IRQHandler</a> from startup_mkl25z4.o(.text) referenced from startup_mkl25z4.o(RESET)
 <LI><a href="#[c]">LVD_LVW_IRQHandler</a> from startup_mkl25z4.o(.text) referenced from startup_mkl25z4.o(RESET)
 <LI><a href="#[21]">MCG_IRQHandler</a> from startup_mkl25z4.o(.text) referenced from startup_mkl25z4.o(RESET)
 <LI><a href="#[1]">NMI_Handler</a> from startup_mkl25z4.o(.text) referenced from startup_mkl25z4.o(RESET)
 <LI><a href="#[1c]">PIT_IRQHandler</a> from main.o(.text.PIT_IRQHandler) referenced from startup_mkl25z4.o(RESET)
 <LI><a href="#[24]">PORTA_IRQHandler</a> from main.o(.text.PORTA_IRQHandler) referenced from startup_mkl25z4.o(RESET)
 <LI><a href="#[25]">PORTD_IRQHandler</a> from startup_mkl25z4.o(.text) referenced from startup_mkl25z4.o(RESET)
 <LI><a href="#[4]">PendSV_Handler</a> from startup_mkl25z4.o(.text) referenced from startup_mkl25z4.o(RESET)
 <LI><a href="#[1a]">RTC_IRQHandler</a> from startup_mkl25z4.o(.text) referenced from startup_mkl25z4.o(RESET)
 <LI><a href="#[1b]">RTC_Seconds_IRQHandler</a> from startup_mkl25z4.o(.text) referenced from startup_mkl25z4.o(RESET)
 <LI><a href="#[a]">Reserved20_IRQHandler</a> from startup_mkl25z4.o(.text) referenced from startup_mkl25z4.o(RESET)
 <LI><a href="#[1d]">Reserved39_IRQHandler</a> from startup_mkl25z4.o(.text) referenced from startup_mkl25z4.o(RESET)
 <LI><a href="#[23]">Reserved45_IRQHandler</a> from startup_mkl25z4.o(.text) referenced from startup_mkl25z4.o(RESET)
 <LI><a href="#[0]">Reset_Handler</a> from startup_mkl25z4.o(.text) referenced from startup_mkl25z4.o(RESET)
 <LI><a href="#[10]">SPI0_IRQHandler</a> from startup_mkl25z4.o(.text) referenced from startup_mkl25z4.o(RESET)
 <LI><a href="#[11]">SPI1_IRQHandler</a> from startup_mkl25z4.o(.text) referenced from startup_mkl25z4.o(RESET)
 <LI><a href="#[3]">SVC_Handler</a> from startup_mkl25z4.o(.text) referenced from startup_mkl25z4.o(RESET)
 <LI><a href="#[5]">SysTick_Handler</a> from startup_mkl25z4.o(.text) referenced from startup_mkl25z4.o(RESET)
 <LI><a href="#[26]">SystemInit</a> from system_mkl25z4.o(.text.SystemInit) referenced from startup_mkl25z4.o(.text)
 <LI><a href="#[17]">TPM0_IRQHandler</a> from startup_mkl25z4.o(.text) referenced from startup_mkl25z4.o(RESET)
 <LI><a href="#[18]">TPM1_IRQHandler</a> from startup_mkl25z4.o(.text) referenced from startup_mkl25z4.o(RESET)
 <LI><a href="#[19]">TPM2_IRQHandler</a> from startup_mkl25z4.o(.text) referenced from startup_mkl25z4.o(RESET)
 <LI><a href="#[20]">TSI0_IRQHandler</a> from startup_mkl25z4.o(.text) referenced from startup_mkl25z4.o(RESET)
 <LI><a href="#[12]">UART0_IRQHandler</a> from startup_mkl25z4.o(.text) referenced from startup_mkl25z4.o(RESET)
 <LI><a href="#[13]">UART1_IRQHandler</a> from startup_mkl25z4.o(.text) referenced from startup_mkl25z4.o(RESET)
 <LI><a href="#[14]">UART2_IRQHandler</a> from startup_mkl25z4.o(.text) referenced from startup_mkl25z4.o(RESET)
 <LI><a href="#[1e]">USB0_IRQHandler</a> from startup_mkl25z4.o(.text) referenced from startup_mkl25z4.o(RESET)
 <LI><a href="#[27]">__main</a> from __main.o(!!!main) referenced from startup_mkl25z4.o(.text)
 <LI><a href="#[29]">_get_lc_ctype</a> from lc_ctype_c.o(locale$$code) referenced from rt_ctype_table.o(.text)
</UL>
<P>
<H3>
Global Symbols
</H3>
<P><STRONG><a name="[27]"></a>__main</STRONG> (Thumb, 8 bytes, Stack size 0 bytes, __main.o(!!!main))
<BR><BR>[Calls]<UL><LI><a href="#[2c]">&gt;&gt;</a>&nbsp;&nbsp;&nbsp;__rt_entry
<LI><a href="#[2b]">&gt;&gt;</a>&nbsp;&nbsp;&nbsp;__scatterload
</UL>
<BR>[Address Reference Count : 1]<UL><LI> startup_mkl25z4.o(.text)
</UL>
<P><STRONG><a name="[2b]"></a>__scatterload</STRONG> (Thumb, 0 bytes, Stack size unknown bytes, __scatter.o(!!!scatter))
<BR><BR>[Called By]<UL><LI><a href="#[27]">&gt;&gt;</a>&nbsp;&nbsp;&nbsp;__main
</UL>

<P><STRONG><a name="[2d]"></a>__scatterload_rt2</STRONG> (Thumb, 52 bytes, Stack size unknown bytes, __scatter.o(!!!scatter), UNUSED)
<BR><BR>[Calls]<UL><LI><a href="#[2c]">&gt;&gt;</a>&nbsp;&nbsp;&nbsp;__rt_entry
</UL>

<P><STRONG><a name="[a4]"></a>__scatterload_rt2_thumb_only</STRONG> (Thumb, 0 bytes, Stack size unknown bytes, __scatter.o(!!!scatter), UNUSED)

<P><STRONG><a name="[a5]"></a>__scatterload_null</STRONG> (Thumb, 0 bytes, Stack size unknown bytes, __scatter.o(!!!scatter), UNUSED)

<P><STRONG><a name="[2e]"></a>__scatterload_copy</STRONG> (Thumb, 26 bytes, Stack size unknown bytes, __scatter_copy.o(!!handler_copy), UNUSED)
<BR><BR>[Calls]<UL><LI><a href="#[2e]">&gt;&gt;</a>&nbsp;&nbsp;&nbsp;__scatterload_copy
</UL>
<BR>[Called By]<UL><LI><a href="#[2e]">&gt;&gt;</a>&nbsp;&nbsp;&nbsp;__scatterload_copy
</UL>

<P><STRONG><a name="[a6]"></a>__scatterload_zeroinit</STRONG> (Thumb, 28 bytes, Stack size unknown bytes, __scatter_zi.o(!!handler_zi), UNUSED)

<P><STRONG><a name="[35]"></a>__rt_lib_init</STRONG> (Thumb, 0 bytes, Stack size unknown bytes, libinit.o(.ARM.Collect$$libinit$$00000000))
<BR><BR>[Called By]<UL><LI><a href="#[34]">&gt;&gt;</a>&nbsp;&nbsp;&nbsp;__rt_entry_li
</UL>

<P><STRONG><a name="[a7]"></a>__rt_lib_init_fp_1</STRONG> (Thumb, 0 bytes, Stack size unknown bytes, libinit2.o(.ARM.Collect$$libinit$$00000002))

<P><STRONG><a name="[a8]"></a>__rt_lib_init_heap_1</STRONG> (Thumb, 0 bytes, Stack size unknown bytes, libinit2.o(.ARM.Collect$$libinit$$0000000C))

<P><STRONG><a name="[2f]"></a>__rt_lib_init_lc_common</STRONG> (Thumb, 0 bytes, Stack size unknown bytes, libinit2.o(.ARM.Collect$$libinit$$00000011))
<BR><BR>[Calls]<UL><LI><a href="#[30]">&gt;&gt;</a>&nbsp;&nbsp;&nbsp;__rt_locale
</UL>

<P><STRONG><a name="[a9]"></a>__rt_lib_init_preinit_1</STRONG> (Thumb, 0 bytes, Stack size unknown bytes, libinit2.o(.ARM.Collect$$libinit$$00000006))

<P><STRONG><a name="[aa]"></a>__rt_lib_init_rand_1</STRONG> (Thumb, 0 bytes, Stack size unknown bytes, libinit2.o(.ARM.Collect$$libinit$$00000010))

<P><STRONG><a name="[ab]"></a>__rt_lib_init_relocate_pie_1</STRONG> (Thumb, 0 bytes, Stack size unknown bytes, libinit2.o(.ARM.Collect$$libinit$$00000004))

<P><STRONG><a name="[ac]"></a>__rt_lib_init_user_alloc_1</STRONG> (Thumb, 0 bytes, Stack size unknown bytes, libinit2.o(.ARM.Collect$$libinit$$0000000E))

<P><STRONG><a name="[ad]"></a>__rt_lib_init_lc_collate_1</STRONG> (Thumb, 0 bytes, Stack size unknown bytes, libinit2.o(.ARM.Collect$$libinit$$00000013))

<P><STRONG><a name="[31]"></a>__rt_lib_init_lc_ctype_2</STRONG> (Thumb, 0 bytes, Stack size unknown bytes, libinit2.o(.ARM.Collect$$libinit$$00000014))
<BR><BR>[Stack]<UL><LI>Max Depth = 24 + Unknown Stack Size
<LI>Call Chain = __rt_lib_init_lc_ctype_2 &rArr; _get_lc_ctype &rArr; strcmp
</UL>
<BR>[Calls]<UL><LI><a href="#[29]">&gt;&gt;</a>&nbsp;&nbsp;&nbsp;_get_lc_ctype
</UL>

<P><STRONG><a name="[ae]"></a>__rt_lib_init_alloca_1</STRONG> (Thumb, 0 bytes, Stack size unknown bytes, libinit2.o(.ARM.Collect$$libinit$$00000030))

<P><STRONG><a name="[af]"></a>__rt_lib_init_argv_1</STRONG> (Thumb, 0 bytes, Stack size unknown bytes, libinit2.o(.ARM.Collect$$libinit$$0000002E))

<P><STRONG><a name="[b0]"></a>__rt_lib_init_atexit_1</STRONG> (Thumb, 0 bytes, Stack size unknown bytes, libinit2.o(.ARM.Collect$$libinit$$0000001D))

<P><STRONG><a name="[b1]"></a>__rt_lib_init_clock_1</STRONG> (Thumb, 0 bytes, Stack size unknown bytes, libinit2.o(.ARM.Collect$$libinit$$00000023))

<P><STRONG><a name="[b2]"></a>__rt_lib_init_cpp_1</STRONG> (Thumb, 0 bytes, Stack size unknown bytes, libinit2.o(.ARM.Collect$$libinit$$00000034))

<P><STRONG><a name="[b3]"></a>__rt_lib_init_exceptions_1</STRONG> (Thumb, 0 bytes, Stack size unknown bytes, libinit2.o(.ARM.Collect$$libinit$$00000032))

<P><STRONG><a name="[b4]"></a>__rt_lib_init_fp_trap_1</STRONG> (Thumb, 0 bytes, Stack size unknown bytes, libinit2.o(.ARM.Collect$$libinit$$00000021))

<P><STRONG><a name="[b5]"></a>__rt_lib_init_getenv_1</STRONG> (Thumb, 0 bytes, Stack size unknown bytes, libinit2.o(.ARM.Collect$$libinit$$00000025))

<P><STRONG><a name="[b6]"></a>__rt_lib_init_lc_ctype_1</STRONG> (Thumb, 0 bytes, Stack size unknown bytes, libinit2.o(.ARM.Collect$$libinit$$00000015))

<P><STRONG><a name="[b7]"></a>__rt_lib_init_lc_monetary_1</STRONG> (Thumb, 0 bytes, Stack size unknown bytes, libinit2.o(.ARM.Collect$$libinit$$00000017))

<P><STRONG><a name="[b8]"></a>__rt_lib_init_lc_numeric_1</STRONG> (Thumb, 0 bytes, Stack size unknown bytes, libinit2.o(.ARM.Collect$$libinit$$00000019))

<P><STRONG><a name="[b9]"></a>__rt_lib_init_lc_time_1</STRONG> (Thumb, 0 bytes, Stack size unknown bytes, libinit2.o(.ARM.Collect$$libinit$$0000001B))

<P><STRONG><a name="[ba]"></a>__rt_lib_init_return</STRONG> (Thumb, 0 bytes, Stack size unknown bytes, libinit2.o(.ARM.Collect$$libinit$$00000035))

<P><STRONG><a name="[bb]"></a>__rt_lib_init_signal_1</STRONG> (Thumb, 0 bytes, Stack size unknown bytes, libinit2.o(.ARM.Collect$$libinit$$0000001F))

<P><STRONG><a name="[bc]"></a>__rt_lib_init_stdio_1</STRONG> (Thumb, 0 bytes, Stack size unknown bytes, libinit2.o(.ARM.Collect$$libinit$$00000027))

<P><STRONG><a name="[3a]"></a>__rt_lib_shutdown</STRONG> (Thumb, 0 bytes, Stack size unknown bytes, libshutdown.o(.ARM.Collect$$libshutdown$$00000000))
<BR><BR>[Called By]<UL><LI><a href="#[39]">&gt;&gt;</a>&nbsp;&nbsp;&nbsp;__rt_exit_ls
</UL>

<P><STRONG><a name="[bd]"></a>__rt_lib_shutdown_cpp_1</STRONG> (Thumb, 0 bytes, Stack size unknown bytes, libshutdown2.o(.ARM.Collect$$libshutdown$$00000002))

<P><STRONG><a name="[be]"></a>__rt_lib_shutdown_fp_trap_1</STRONG> (Thumb, 0 bytes, Stack size unknown bytes, libshutdown2.o(.ARM.Collect$$libshutdown$$00000007))

<P><STRONG><a name="[bf]"></a>__rt_lib_shutdown_heap_1</STRONG> (Thumb, 0 bytes, Stack size unknown bytes, libshutdown2.o(.ARM.Collect$$libshutdown$$0000000F))

<P><STRONG><a name="[c0]"></a>__rt_lib_shutdown_return</STRONG> (Thumb, 0 bytes, Stack size unknown bytes, libshutdown2.o(.ARM.Collect$$libshutdown$$00000010))

<P><STRONG><a name="[c1]"></a>__rt_lib_shutdown_signal_1</STRONG> (Thumb, 0 bytes, Stack size unknown bytes, libshutdown2.o(.ARM.Collect$$libshutdown$$0000000A))

<P><STRONG><a name="[c2]"></a>__rt_lib_shutdown_stdio_1</STRONG> (Thumb, 0 bytes, Stack size unknown bytes, libshutdown2.o(.ARM.Collect$$libshutdown$$00000004))

<P><STRONG><a name="[c3]"></a>__rt_lib_shutdown_user_alloc_1</STRONG> (Thumb, 0 bytes, Stack size unknown bytes, libshutdown2.o(.ARM.Collect$$libshutdown$$0000000C))

<P><STRONG><a name="[2c]"></a>__rt_entry</STRONG> (Thumb, 0 bytes, Stack size unknown bytes, __rtentry.o(.ARM.Collect$$rtentry$$00000000))
<BR><BR>[Called By]<UL><LI><a href="#[27]">&gt;&gt;</a>&nbsp;&nbsp;&nbsp;__main
<LI><a href="#[2d]">&gt;&gt;</a>&nbsp;&nbsp;&nbsp;__scatterload_rt2
</UL>

<P><STRONG><a name="[c4]"></a>__rt_entry_presh_1</STRONG> (Thumb, 0 bytes, Stack size unknown bytes, __rtentry2.o(.ARM.Collect$$rtentry$$00000002))

<P><STRONG><a name="[32]"></a>__rt_entry_sh</STRONG> (Thumb, 0 bytes, Stack size unknown bytes, __rtentry4.o(.ARM.Collect$$rtentry$$00000004))
<BR><BR>[Stack]<UL><LI>Max Depth = 8 + Unknown Stack Size
<LI>Call Chain = __rt_entry_sh &rArr; __user_setup_stackheap
</UL>
<BR>[Calls]<UL><LI><a href="#[33]">&gt;&gt;</a>&nbsp;&nbsp;&nbsp;__user_setup_stackheap
</UL>

<P><STRONG><a name="[34]"></a>__rt_entry_li</STRONG> (Thumb, 0 bytes, Stack size unknown bytes, __rtentry2.o(.ARM.Collect$$rtentry$$0000000A))
<BR><BR>[Calls]<UL><LI><a href="#[35]">&gt;&gt;</a>&nbsp;&nbsp;&nbsp;__rt_lib_init
</UL>

<P><STRONG><a name="[c5]"></a>__rt_entry_postsh_1</STRONG> (Thumb, 0 bytes, Stack size unknown bytes, __rtentry2.o(.ARM.Collect$$rtentry$$00000009))

<P><STRONG><a name="[36]"></a>__rt_entry_main</STRONG> (Thumb, 0 bytes, Stack size unknown bytes, __rtentry2.o(.ARM.Collect$$rtentry$$0000000D))
<BR><BR>[Stack]<UL><LI>Max Depth = 272 + Unknown Stack Size
<LI>Call Chain = __rt_entry_main &rArr; main &rArr; modoManual &rArr; realizar_viagem &rArr; send_string &rArr; send_data &rArr; trigger_EN &rArr; atraso &rArr; delay_ms &rArr; __aeabi_idiv
</UL>
<BR>[Calls]<UL><LI><a href="#[38]">&gt;&gt;</a>&nbsp;&nbsp;&nbsp;exit
<LI><a href="#[37]">&gt;&gt;</a>&nbsp;&nbsp;&nbsp;main
</UL>

<P><STRONG><a name="[c6]"></a>__rt_entry_postli_1</STRONG> (Thumb, 0 bytes, Stack size unknown bytes, __rtentry2.o(.ARM.Collect$$rtentry$$0000000C))

<P><STRONG><a name="[57]"></a>__rt_exit</STRONG> (Thumb, 0 bytes, Stack size unknown bytes, rtexit.o(.ARM.Collect$$rtexit$$00000000))
<BR><BR>[Called By]<UL><LI><a href="#[38]">&gt;&gt;</a>&nbsp;&nbsp;&nbsp;exit
</UL>

<P><STRONG><a name="[39]"></a>__rt_exit_ls</STRONG> (Thumb, 0 bytes, Stack size unknown bytes, rtexit2.o(.ARM.Collect$$rtexit$$00000003))
<BR><BR>[Calls]<UL><LI><a href="#[3a]">&gt;&gt;</a>&nbsp;&nbsp;&nbsp;__rt_lib_shutdown
</UL>

<P><STRONG><a name="[c7]"></a>__rt_exit_prels_1</STRONG> (Thumb, 0 bytes, Stack size unknown bytes, rtexit2.o(.ARM.Collect$$rtexit$$00000002))

<P><STRONG><a name="[3b]"></a>__rt_exit_exit</STRONG> (Thumb, 0 bytes, Stack size unknown bytes, rtexit2.o(.ARM.Collect$$rtexit$$00000004))
<BR><BR>[Calls]<UL><LI><a href="#[3c]">&gt;&gt;</a>&nbsp;&nbsp;&nbsp;_sys_exit
</UL>

<P><STRONG><a name="[0]"></a>Reset_Handler</STRONG> (Thumb, 12 bytes, Stack size 0 bytes, startup_mkl25z4.o(.text))
<BR>[Address Reference Count : 1]<UL><LI> startup_mkl25z4.o(RESET)
</UL>
<P><STRONG><a name="[1]"></a>NMI_Handler</STRONG> (Thumb, 2 bytes, Stack size 0 bytes, startup_mkl25z4.o(.text))
<BR><BR>[Calls]<UL><LI><a href="#[1]">&gt;&gt;</a>&nbsp;&nbsp;&nbsp;NMI_Handler
</UL>
<BR>[Called By]<UL><LI><a href="#[1]">&gt;&gt;</a>&nbsp;&nbsp;&nbsp;NMI_Handler
</UL>
<BR>[Address Reference Count : 1]<UL><LI> startup_mkl25z4.o(RESET)
</UL>
<P><STRONG><a name="[2]"></a>HardFault_Handler</STRONG> (Thumb, 2 bytes, Stack size 0 bytes, startup_mkl25z4.o(.text))
<BR><BR>[Calls]<UL><LI><a href="#[2]">&gt;&gt;</a>&nbsp;&nbsp;&nbsp;HardFault_Handler
</UL>
<BR>[Called By]<UL><LI><a href="#[2]">&gt;&gt;</a>&nbsp;&nbsp;&nbsp;HardFault_Handler
</UL>
<BR>[Address Reference Count : 1]<UL><LI> startup_mkl25z4.o(RESET)
</UL>
<P><STRONG><a name="[3]"></a>SVC_Handler</STRONG> (Thumb, 2 bytes, Stack size 0 bytes, startup_mkl25z4.o(.text))
<BR><BR>[Calls]<UL><LI><a href="#[3]">&gt;&gt;</a>&nbsp;&nbsp;&nbsp;SVC_Handler
</UL>
<BR>[Called By]<UL><LI><a href="#[3]">&gt;&gt;</a>&nbsp;&nbsp;&nbsp;SVC_Handler
</UL>
<BR>[Address Reference Count : 1]<UL><LI> startup_mkl25z4.o(RESET)
</UL>
<P><STRONG><a name="[4]"></a>PendSV_Handler</STRONG> (Thumb, 2 bytes, Stack size 0 bytes, startup_mkl25z4.o(.text))
<BR><BR>[Calls]<UL><LI><a href="#[4]">&gt;&gt;</a>&nbsp;&nbsp;&nbsp;PendSV_Handler
</UL>
<BR>[Called By]<UL><LI><a href="#[4]">&gt;&gt;</a>&nbsp;&nbsp;&nbsp;PendSV_Handler
</UL>
<BR>[Address Reference Count : 1]<UL><LI> startup_mkl25z4.o(RESET)
</UL>
<P><STRONG><a name="[5]"></a>SysTick_Handler</STRONG> (Thumb, 2 bytes, Stack size 0 bytes, startup_mkl25z4.o(.text))
<BR><BR>[Calls]<UL><LI><a href="#[5]">&gt;&gt;</a>&nbsp;&nbsp;&nbsp;SysTick_Handler
</UL>
<BR>[Called By]<UL><LI><a href="#[5]">&gt;&gt;</a>&nbsp;&nbsp;&nbsp;SysTick_Handler
</UL>
<BR>[Address Reference Count : 1]<UL><LI> startup_mkl25z4.o(RESET)
</UL>
<P><STRONG><a name="[15]"></a>ADC0_IRQHandler</STRONG> (Thumb, 0 bytes, Stack size 0 bytes, startup_mkl25z4.o(.text))
<BR>[Address Reference Count : 1]<UL><LI> startup_mkl25z4.o(RESET)
</UL>
<P><STRONG><a name="[16]"></a>CMP0_IRQHandler</STRONG> (Thumb, 0 bytes, Stack size 0 bytes, startup_mkl25z4.o(.text))
<BR>[Address Reference Count : 1]<UL><LI> startup_mkl25z4.o(RESET)
</UL>
<P><STRONG><a name="[1f]"></a>DAC0_IRQHandler</STRONG> (Thumb, 0 bytes, Stack size 0 bytes, startup_mkl25z4.o(.text))
<BR>[Address Reference Count : 1]<UL><LI> startup_mkl25z4.o(RESET)
</UL>
<P><STRONG><a name="[6]"></a>DMA0_IRQHandler</STRONG> (Thumb, 0 bytes, Stack size 0 bytes, startup_mkl25z4.o(.text))
<BR>[Address Reference Count : 1]<UL><LI> startup_mkl25z4.o(RESET)
</UL>
<P><STRONG><a name="[7]"></a>DMA1_IRQHandler</STRONG> (Thumb, 0 bytes, Stack size 0 bytes, startup_mkl25z4.o(.text))
<BR>[Address Reference Count : 1]<UL><LI> startup_mkl25z4.o(RESET)
</UL>
<P><STRONG><a name="[8]"></a>DMA2_IRQHandler</STRONG> (Thumb, 0 bytes, Stack size 0 bytes, startup_mkl25z4.o(.text))
<BR>[Address Reference Count : 1]<UL><LI> startup_mkl25z4.o(RESET)
</UL>
<P><STRONG><a name="[9]"></a>DMA3_IRQHandler</STRONG> (Thumb, 0 bytes, Stack size 0 bytes, startup_mkl25z4.o(.text))
<BR>[Address Reference Count : 1]<UL><LI> startup_mkl25z4.o(RESET)
</UL>
<P><STRONG><a name="[28]"></a>DefaultISR</STRONG> (Thumb, 0 bytes, Stack size 0 bytes, startup_mkl25z4.o(.text))
<BR>[Address Reference Count : 1]<UL><LI> startup_mkl25z4.o(.text)
</UL>
<P><STRONG><a name="[b]"></a>FTFA_IRQHandler</STRONG> (Thumb, 0 bytes, Stack size 0 bytes, startup_mkl25z4.o(.text))
<BR>[Address Reference Count : 1]<UL><LI> startup_mkl25z4.o(RESET)
</UL>
<P><STRONG><a name="[e]"></a>I2C0_IRQHandler</STRONG> (Thumb, 0 bytes, Stack size 0 bytes, startup_mkl25z4.o(.text))
<BR>[Address Reference Count : 1]<UL><LI> startup_mkl25z4.o(RESET)
</UL>
<P><STRONG><a name="[f]"></a>I2C1_IRQHandler</STRONG> (Thumb, 0 bytes, Stack size 0 bytes, startup_mkl25z4.o(.text))
<BR>[Address Reference Count : 1]<UL><LI> startup_mkl25z4.o(RESET)
</UL>
<P><STRONG><a name="[d]"></a>LLWU_IRQHandler</STRONG> (Thumb, 0 bytes, Stack size 0 bytes, startup_mkl25z4.o(.text))
<BR>[Address Reference Count : 1]<UL><LI> startup_mkl25z4.o(RESET)
</UL>
<P><STRONG><a name="[22]"></a>LPTMR0_IRQHandler</STRONG> (Thumb, 0 bytes, Stack size 0 bytes, startup_mkl25z4.o(.text))
<BR>[Address Reference Count : 1]<UL><LI> startup_mkl25z4.o(RESET)
</UL>
<P><STRONG><a name="[c]"></a>LVD_LVW_IRQHandler</STRONG> (Thumb, 0 bytes, Stack size 0 bytes, startup_mkl25z4.o(.text))
<BR>[Address Reference Count : 1]<UL><LI> startup_mkl25z4.o(RESET)
</UL>
<P><STRONG><a name="[21]"></a>MCG_IRQHandler</STRONG> (Thumb, 0 bytes, Stack size 0 bytes, startup_mkl25z4.o(.text))
<BR>[Address Reference Count : 1]<UL><LI> startup_mkl25z4.o(RESET)
</UL>
<P><STRONG><a name="[25]"></a>PORTD_IRQHandler</STRONG> (Thumb, 0 bytes, Stack size 0 bytes, startup_mkl25z4.o(.text))
<BR>[Address Reference Count : 1]<UL><LI> startup_mkl25z4.o(RESET)
</UL>
<P><STRONG><a name="[1a]"></a>RTC_IRQHandler</STRONG> (Thumb, 0 bytes, Stack size 0 bytes, startup_mkl25z4.o(.text))
<BR>[Address Reference Count : 1]<UL><LI> startup_mkl25z4.o(RESET)
</UL>
<P><STRONG><a name="[1b]"></a>RTC_Seconds_IRQHandler</STRONG> (Thumb, 0 bytes, Stack size 0 bytes, startup_mkl25z4.o(.text))
<BR>[Address Reference Count : 1]<UL><LI> startup_mkl25z4.o(RESET)
</UL>
<P><STRONG><a name="[a]"></a>Reserved20_IRQHandler</STRONG> (Thumb, 0 bytes, Stack size 0 bytes, startup_mkl25z4.o(.text))
<BR>[Address Reference Count : 1]<UL><LI> startup_mkl25z4.o(RESET)
</UL>
<P><STRONG><a name="[1d]"></a>Reserved39_IRQHandler</STRONG> (Thumb, 0 bytes, Stack size 0 bytes, startup_mkl25z4.o(.text))
<BR>[Address Reference Count : 1]<UL><LI> startup_mkl25z4.o(RESET)
</UL>
<P><STRONG><a name="[23]"></a>Reserved45_IRQHandler</STRONG> (Thumb, 0 bytes, Stack size 0 bytes, startup_mkl25z4.o(.text))
<BR>[Address Reference Count : 1]<UL><LI> startup_mkl25z4.o(RESET)
</UL>
<P><STRONG><a name="[10]"></a>SPI0_IRQHandler</STRONG> (Thumb, 0 bytes, Stack size 0 bytes, startup_mkl25z4.o(.text))
<BR>[Address Reference Count : 1]<UL><LI> startup_mkl25z4.o(RESET)
</UL>
<P><STRONG><a name="[11]"></a>SPI1_IRQHandler</STRONG> (Thumb, 0 bytes, Stack size 0 bytes, startup_mkl25z4.o(.text))
<BR>[Address Reference Count : 1]<UL><LI> startup_mkl25z4.o(RESET)
</UL>
<P><STRONG><a name="[17]"></a>TPM0_IRQHandler</STRONG> (Thumb, 0 bytes, Stack size 0 bytes, startup_mkl25z4.o(.text))
<BR>[Address Reference Count : 1]<UL><LI> startup_mkl25z4.o(RESET)
</UL>
<P><STRONG><a name="[18]"></a>TPM1_IRQHandler</STRONG> (Thumb, 0 bytes, Stack size 0 bytes, startup_mkl25z4.o(.text))
<BR>[Address Reference Count : 1]<UL><LI> startup_mkl25z4.o(RESET)
</UL>
<P><STRONG><a name="[19]"></a>TPM2_IRQHandler</STRONG> (Thumb, 0 bytes, Stack size 0 bytes, startup_mkl25z4.o(.text))
<BR>[Address Reference Count : 1]<UL><LI> startup_mkl25z4.o(RESET)
</UL>
<P><STRONG><a name="[20]"></a>TSI0_IRQHandler</STRONG> (Thumb, 0 bytes, Stack size 0 bytes, startup_mkl25z4.o(.text))
<BR>[Address Reference Count : 1]<UL><LI> startup_mkl25z4.o(RESET)
</UL>
<P><STRONG><a name="[12]"></a>UART0_IRQHandler</STRONG> (Thumb, 0 bytes, Stack size 0 bytes, startup_mkl25z4.o(.text))
<BR>[Address Reference Count : 1]<UL><LI> startup_mkl25z4.o(RESET)
</UL>
<P><STRONG><a name="[13]"></a>UART1_IRQHandler</STRONG> (Thumb, 0 bytes, Stack size 0 bytes, startup_mkl25z4.o(.text))
<BR>[Address Reference Count : 1]<UL><LI> startup_mkl25z4.o(RESET)
</UL>
<P><STRONG><a name="[14]"></a>UART2_IRQHandler</STRONG> (Thumb, 0 bytes, Stack size 0 bytes, startup_mkl25z4.o(.text))
<BR>[Address Reference Count : 1]<UL><LI> startup_mkl25z4.o(RESET)
</UL>
<P><STRONG><a name="[1e]"></a>USB0_IRQHandler</STRONG> (Thumb, 0 bytes, Stack size 0 bytes, startup_mkl25z4.o(.text))
<BR>[Address Reference Count : 1]<UL><LI> startup_mkl25z4.o(RESET)
</UL>
<P><STRONG><a name="[2a]"></a>__user_initial_stackheap</STRONG> (Thumb, 0 bytes, Stack size unknown bytes, startup_mkl25z4.o(.text))
<BR><BR>[Called By]<UL><LI><a href="#[33]">&gt;&gt;</a>&nbsp;&nbsp;&nbsp;__user_setup_stackheap
</UL>

<P><STRONG><a name="[3d]"></a>atoi</STRONG> (Thumb, 26 bytes, Stack size 16 bytes, atoi.o(.text))
<BR><BR>[Stack]<UL><LI>Max Depth = 88<LI>Call Chain = atoi &rArr; strtol &rArr; _strtoul
</UL>
<BR>[Calls]<UL><LI><a href="#[3f]">&gt;&gt;</a>&nbsp;&nbsp;&nbsp;strtol
<LI><a href="#[3e]">&gt;&gt;</a>&nbsp;&nbsp;&nbsp;__aeabi_errno_addr
</UL>
<BR>[Called By]<UL><LI><a href="#[75]">&gt;&gt;</a>&nbsp;&nbsp;&nbsp;edicaoTempoParada
<LI><a href="#[74]">&gt;&gt;</a>&nbsp;&nbsp;&nbsp;edicaoTempoViagem
<LI><a href="#[71]">&gt;&gt;</a>&nbsp;&nbsp;&nbsp;edicaoVel
<LI><a href="#[69]">&gt;&gt;</a>&nbsp;&nbsp;&nbsp;edicaoDist
</UL>

<P><STRONG><a name="[72]"></a>strcpy</STRONG> (Thumb, 70 bytes, Stack size 16 bytes, strcpy.o(.text))
<BR><BR>[Stack]<UL><LI>Max Depth = 16<LI>Call Chain = strcpy
</UL>
<BR>[Called By]<UL><LI><a href="#[8a]">&gt;&gt;</a>&nbsp;&nbsp;&nbsp;modoManual
<LI><a href="#[89]">&gt;&gt;</a>&nbsp;&nbsp;&nbsp;modoAuto
<LI><a href="#[6e]">&gt;&gt;</a>&nbsp;&nbsp;&nbsp;edicaoParametros
<LI><a href="#[88]">&gt;&gt;</a>&nbsp;&nbsp;&nbsp;selecaoModoMaquinista
<LI><a href="#[7c]">&gt;&gt;</a>&nbsp;&nbsp;&nbsp;lerSenha
</UL>

<P><STRONG><a name="[59]"></a>strcmp</STRONG> (Thumb, 132 bytes, Stack size 16 bytes, strcmp.o(.text))
<BR><BR>[Stack]<UL><LI>Max Depth = 16<LI>Call Chain = strcmp
</UL>
<BR>[Called By]<UL><LI><a href="#[29]">&gt;&gt;</a>&nbsp;&nbsp;&nbsp;_get_lc_ctype
<LI><a href="#[8b]">&gt;&gt;</a>&nbsp;&nbsp;&nbsp;realizar_viagem
<LI><a href="#[1c]">&gt;&gt;</a>&nbsp;&nbsp;&nbsp;PIT_IRQHandler
<LI><a href="#[8a]">&gt;&gt;</a>&nbsp;&nbsp;&nbsp;modoManual
<LI><a href="#[89]">&gt;&gt;</a>&nbsp;&nbsp;&nbsp;modoAuto
<LI><a href="#[7c]">&gt;&gt;</a>&nbsp;&nbsp;&nbsp;lerSenha
<LI><a href="#[37]">&gt;&gt;</a>&nbsp;&nbsp;&nbsp;main
</UL>

<P><STRONG><a name="[c8]"></a>__use_two_region_memory</STRONG> (Thumb, 2 bytes, Stack size 0 bytes, heapauxi.o(.text), UNUSED)

<P><STRONG><a name="[c9]"></a>__rt_heap_escrow$2region</STRONG> (Thumb, 2 bytes, Stack size 0 bytes, heapauxi.o(.text), UNUSED)

<P><STRONG><a name="[ca]"></a>__rt_heap_expand$2region</STRONG> (Thumb, 2 bytes, Stack size 0 bytes, heapauxi.o(.text), UNUSED)

<P><STRONG><a name="[95]"></a>__aeabi_d2f</STRONG> (Thumb, 0 bytes, Stack size 12 bytes, d2f.o(.text))
<BR><BR>[Stack]<UL><LI>Max Depth = 12<LI>Call Chain = __aeabi_d2f
</UL>
<BR>[Called By]<UL><LI><a href="#[8b]">&gt;&gt;</a>&nbsp;&nbsp;&nbsp;realizar_viagem
</UL>

<P><STRONG><a name="[cb]"></a>_d2f</STRONG> (Thumb, 120 bytes, Stack size 12 bytes, d2f.o(.text), UNUSED)

<P><STRONG><a name="[93]"></a>__aeabi_d2iz</STRONG> (Thumb, 0 bytes, Stack size 12 bytes, dfixi.o(.text))
<BR><BR>[Stack]<UL><LI>Max Depth = 12<LI>Call Chain = __aeabi_d2iz
</UL>
<BR>[Called By]<UL><LI><a href="#[8b]">&gt;&gt;</a>&nbsp;&nbsp;&nbsp;realizar_viagem
</UL>

<P><STRONG><a name="[cc]"></a>_dfix</STRONG> (Thumb, 98 bytes, Stack size 12 bytes, dfixi.o(.text), UNUSED)

<P><STRONG><a name="[41]"></a>__aeabi_i2d_normalise</STRONG> (Thumb, 66 bytes, Stack size 0 bytes, dflti.o(.text))
<BR><BR>[Called By]<UL><LI><a href="#[42]">&gt;&gt;</a>&nbsp;&nbsp;&nbsp;__aeabi_ui2d
<LI><a href="#[40]">&gt;&gt;</a>&nbsp;&nbsp;&nbsp;__aeabi_i2d
</UL>

<P><STRONG><a name="[40]"></a>__aeabi_i2d</STRONG> (Thumb, 16 bytes, Stack size 0 bytes, dflti.o(.text))
<BR><BR>[Calls]<UL><LI><a href="#[41]">&gt;&gt;</a>&nbsp;&nbsp;&nbsp;__aeabi_i2d_normalise
</UL>
<BR>[Called By]<UL><LI><a href="#[8b]">&gt;&gt;</a>&nbsp;&nbsp;&nbsp;realizar_viagem
<LI><a href="#[75]">&gt;&gt;</a>&nbsp;&nbsp;&nbsp;edicaoTempoParada
<LI><a href="#[74]">&gt;&gt;</a>&nbsp;&nbsp;&nbsp;edicaoTempoViagem
<LI><a href="#[71]">&gt;&gt;</a>&nbsp;&nbsp;&nbsp;edicaoVel
<LI><a href="#[69]">&gt;&gt;</a>&nbsp;&nbsp;&nbsp;edicaoDist
</UL>

<P><STRONG><a name="[cd]"></a>_dflt</STRONG> (Thumb, 0 bytes, Stack size 0 bytes, dflti.o(.text), UNUSED)

<P><STRONG><a name="[42]"></a>__aeabi_ui2d</STRONG> (Thumb, 6 bytes, Stack size 0 bytes, dflti.o(.text), UNUSED)
<BR><BR>[Calls]<UL><LI><a href="#[41]">&gt;&gt;</a>&nbsp;&nbsp;&nbsp;__aeabi_i2d_normalise
</UL>

<P><STRONG><a name="[ce]"></a>_dfltu</STRONG> (Thumb, 0 bytes, Stack size 0 bytes, dflti.o(.text), UNUSED)

<P><STRONG><a name="[3e]"></a>__aeabi_errno_addr</STRONG> (Thumb, 8 bytes, Stack size 0 bytes, rt_errno_addr_intlibspace.o(.text))
<BR><BR>[Called By]<UL><LI><a href="#[50]">&gt;&gt;</a>&nbsp;&nbsp;&nbsp;_strtoul
<LI><a href="#[3f]">&gt;&gt;</a>&nbsp;&nbsp;&nbsp;strtol
<LI><a href="#[3d]">&gt;&gt;</a>&nbsp;&nbsp;&nbsp;atoi
</UL>

<P><STRONG><a name="[cf]"></a>__errno$intlibspace</STRONG> (Thumb, 0 bytes, Stack size 0 bytes, rt_errno_addr_intlibspace.o(.text), UNUSED)

<P><STRONG><a name="[d0]"></a>__rt_errno_addr$intlibspace</STRONG> (Thumb, 0 bytes, Stack size 0 bytes, rt_errno_addr_intlibspace.o(.text), UNUSED)

<P><STRONG><a name="[d1]"></a>__user_libspace</STRONG> (Thumb, 8 bytes, Stack size 0 bytes, libspace.o(.text), UNUSED)

<P><STRONG><a name="[55]"></a>__user_perproc_libspace</STRONG> (Thumb, 0 bytes, Stack size 0 bytes, libspace.o(.text))
<BR><BR>[Called By]<UL><LI><a href="#[33]">&gt;&gt;</a>&nbsp;&nbsp;&nbsp;__user_setup_stackheap
</UL>

<P><STRONG><a name="[d2]"></a>__user_perthread_libspace</STRONG> (Thumb, 0 bytes, Stack size 0 bytes, libspace.o(.text), UNUSED)

<P><STRONG><a name="[d3]"></a>__I$use$semihosting</STRONG> (Thumb, 0 bytes, Stack size 0 bytes, use_no_semi.o(.text), UNUSED)

<P><STRONG><a name="[d4]"></a>__use_no_semihosting_swi</STRONG> (Thumb, 2 bytes, Stack size 0 bytes, use_no_semi.o(.text), UNUSED)

<P><STRONG><a name="[d5]"></a>__semihosting_library_function</STRONG> (Thumb, 0 bytes, Stack size unknown bytes, indicate_semi.o(.text), UNUSED)

<P><STRONG><a name="[d6]"></a>__aeabi_uidiv</STRONG> (Thumb, 0 bytes, Stack size 0 bytes, aeabi_sdiv.o(.text), UNUSED)

<P><STRONG><a name="[d7]"></a>__aeabi_uidivmod</STRONG> (Thumb, 20 bytes, Stack size 0 bytes, aeabi_sdiv.o(.text), UNUSED)

<P><STRONG><a name="[68]"></a>__aeabi_idiv</STRONG> (Thumb, 0 bytes, Stack size 8 bytes, aeabi_sdiv.o(.text))
<BR><BR>[Stack]<UL><LI>Max Depth = 8<LI>Call Chain = __aeabi_idiv
</UL>
<BR>[Called By]<UL><LI><a href="#[66]">&gt;&gt;</a>&nbsp;&nbsp;&nbsp;delay_ms
<LI><a href="#[5d]">&gt;&gt;</a>&nbsp;&nbsp;&nbsp;tostring
<LI><a href="#[86]">&gt;&gt;</a>&nbsp;&nbsp;&nbsp;pwm_motor
</UL>

<P><STRONG><a name="[9d]"></a>__aeabi_idivmod</STRONG> (Thumb, 338 bytes, Stack size 8 bytes, aeabi_sdiv.o(.text))
<BR><BR>[Stack]<UL><LI>Max Depth = 8<LI>Call Chain = __aeabi_idivmod
</UL>
<BR>[Called By]<UL><LI><a href="#[5d]">&gt;&gt;</a>&nbsp;&nbsp;&nbsp;tostring
</UL>

<P><STRONG><a name="[92]"></a>__aeabi_dadd</STRONG> (Thumb, 0 bytes, Stack size 8 bytes, daddsub.o(.text))
<BR><BR>[Stack]<UL><LI>Max Depth = 8<LI>Call Chain = __aeabi_dadd
</UL>
<BR>[Called By]<UL><LI><a href="#[8b]">&gt;&gt;</a>&nbsp;&nbsp;&nbsp;realizar_viagem
</UL>

<P><STRONG><a name="[43]"></a>_dadd</STRONG> (Thumb, 26 bytes, Stack size 8 bytes, daddsub.o(.text), UNUSED)
<BR><BR>[Calls]<UL><LI><a href="#[44]">&gt;&gt;</a>&nbsp;&nbsp;&nbsp;_dsub1
<LI><a href="#[45]">&gt;&gt;</a>&nbsp;&nbsp;&nbsp;_dadd1
</UL>

<P><STRONG><a name="[96]"></a>__aeabi_dsub</STRONG> (Thumb, 0 bytes, Stack size 8 bytes, daddsub.o(.text))
<BR><BR>[Stack]<UL><LI>Max Depth = 8<LI>Call Chain = __aeabi_dsub
</UL>
<BR>[Called By]<UL><LI><a href="#[8b]">&gt;&gt;</a>&nbsp;&nbsp;&nbsp;realizar_viagem
</UL>

<P><STRONG><a name="[46]"></a>_dsub</STRONG> (Thumb, 22 bytes, Stack size 8 bytes, daddsub.o(.text), UNUSED)
<BR><BR>[Calls]<UL><LI><a href="#[44]">&gt;&gt;</a>&nbsp;&nbsp;&nbsp;_dsub1
<LI><a href="#[45]">&gt;&gt;</a>&nbsp;&nbsp;&nbsp;_dadd1
</UL>

<P><STRONG><a name="[d8]"></a>__aeabi_drsub</STRONG> (Thumb, 0 bytes, Stack size 16 bytes, daddsub.o(.text), UNUSED)

<P><STRONG><a name="[47]"></a>_drsb</STRONG> (Thumb, 28 bytes, Stack size 16 bytes, daddsub.o(.text), UNUSED)
<BR><BR>[Calls]<UL><LI><a href="#[44]">&gt;&gt;</a>&nbsp;&nbsp;&nbsp;_dsub1
<LI><a href="#[45]">&gt;&gt;</a>&nbsp;&nbsp;&nbsp;_dadd1
</UL>

<P><STRONG><a name="[94]"></a>__aeabi_ddiv</STRONG> (Thumb, 0 bytes, Stack size 64 bytes, ddiv.o(.text))
<BR><BR>[Stack]<UL><LI>Max Depth = 64<LI>Call Chain = __aeabi_ddiv
</UL>
<BR>[Called By]<UL><LI><a href="#[8b]">&gt;&gt;</a>&nbsp;&nbsp;&nbsp;realizar_viagem
</UL>

<P><STRONG><a name="[49]"></a>_ddiv</STRONG> (Thumb, 1072 bytes, Stack size 64 bytes, ddiv.o(.text), UNUSED)
<BR><BR>[Called By]<UL><LI><a href="#[48]">&gt;&gt;</a>&nbsp;&nbsp;&nbsp;_drdiv
</UL>

<P><STRONG><a name="[48]"></a>_drdiv</STRONG> (Thumb, 20 bytes, Stack size 16 bytes, ddiv.o(.text), UNUSED)
<BR><BR>[Calls]<UL><LI><a href="#[49]">&gt;&gt;</a>&nbsp;&nbsp;&nbsp;_ddiv
</UL>

<P><STRONG><a name="[8f]"></a>__aeabi_fdiv</STRONG> (Thumb, 0 bytes, Stack size 20 bytes, fdiv.o(.text))
<BR><BR>[Stack]<UL><LI>Max Depth = 20<LI>Call Chain = __aeabi_fdiv
</UL>
<BR>[Called By]<UL><LI><a href="#[86]">&gt;&gt;</a>&nbsp;&nbsp;&nbsp;pwm_motor
</UL>

<P><STRONG><a name="[4b]"></a>_fdiv</STRONG> (Thumb, 334 bytes, Stack size 20 bytes, fdiv.o(.text), UNUSED)
<BR><BR>[Called By]<UL><LI><a href="#[4a]">&gt;&gt;</a>&nbsp;&nbsp;&nbsp;_frdiv
</UL>

<P><STRONG><a name="[4a]"></a>_frdiv</STRONG> (Thumb, 8 bytes, Stack size 0 bytes, fdiv.o(.text), UNUSED)
<BR><BR>[Calls]<UL><LI><a href="#[4b]">&gt;&gt;</a>&nbsp;&nbsp;&nbsp;_fdiv
</UL>

<P><STRONG><a name="[91]"></a>__aeabi_f2iz</STRONG> (Thumb, 0 bytes, Stack size 8 bytes, ffixi.o(.text))
<BR><BR>[Stack]<UL><LI>Max Depth = 8<LI>Call Chain = __aeabi_f2iz
</UL>
<BR>[Called By]<UL><LI><a href="#[86]">&gt;&gt;</a>&nbsp;&nbsp;&nbsp;pwm_motor
</UL>

<P><STRONG><a name="[d9]"></a>_ffix</STRONG> (Thumb, 76 bytes, Stack size 8 bytes, ffixi.o(.text), UNUSED)

<P><STRONG><a name="[4d]"></a>__aeabi_i2f_normalise</STRONG> (Thumb, 72 bytes, Stack size 0 bytes, fflti.o(.text))
<BR><BR>[Called By]<UL><LI><a href="#[4e]">&gt;&gt;</a>&nbsp;&nbsp;&nbsp;__aeabi_ui2f
<LI><a href="#[4c]">&gt;&gt;</a>&nbsp;&nbsp;&nbsp;__aeabi_i2f
</UL>

<P><STRONG><a name="[4c]"></a>__aeabi_i2f</STRONG> (Thumb, 16 bytes, Stack size 0 bytes, fflti.o(.text))
<BR><BR>[Calls]<UL><LI><a href="#[4d]">&gt;&gt;</a>&nbsp;&nbsp;&nbsp;__aeabi_i2f_normalise
</UL>
<BR>[Called By]<UL><LI><a href="#[8b]">&gt;&gt;</a>&nbsp;&nbsp;&nbsp;realizar_viagem
</UL>

<P><STRONG><a name="[da]"></a>_fflt</STRONG> (Thumb, 0 bytes, Stack size 0 bytes, fflti.o(.text), UNUSED)

<P><STRONG><a name="[4e]"></a>__aeabi_ui2f</STRONG> (Thumb, 6 bytes, Stack size 0 bytes, fflti.o(.text), UNUSED)
<BR><BR>[Calls]<UL><LI><a href="#[4d]">&gt;&gt;</a>&nbsp;&nbsp;&nbsp;__aeabi_i2f_normalise
</UL>

<P><STRONG><a name="[db]"></a>_ffltu</STRONG> (Thumb, 0 bytes, Stack size 0 bytes, fflti.o(.text), UNUSED)

<P><STRONG><a name="[3f]"></a>strtol</STRONG> (Thumb, 108 bytes, Stack size 32 bytes, strtol.o(.text))
<BR><BR>[Stack]<UL><LI>Max Depth = 72<LI>Call Chain = strtol &rArr; _strtoul
</UL>
<BR>[Calls]<UL><LI><a href="#[50]">&gt;&gt;</a>&nbsp;&nbsp;&nbsp;_strtoul
<LI><a href="#[4f]">&gt;&gt;</a>&nbsp;&nbsp;&nbsp;__rt_ctype_table
<LI><a href="#[3e]">&gt;&gt;</a>&nbsp;&nbsp;&nbsp;__aeabi_errno_addr
</UL>
<BR>[Called By]<UL><LI><a href="#[3d]">&gt;&gt;</a>&nbsp;&nbsp;&nbsp;atoi
</UL>

<P><STRONG><a name="[4f]"></a>__rt_ctype_table</STRONG> (Thumb, 16 bytes, Stack size 8 bytes, rt_ctype_table.o(.text))
<BR><BR>[Stack]<UL><LI>Max Depth = 8<LI>Call Chain = __rt_ctype_table
</UL>
<BR>[Calls]<UL><LI><a href="#[30]">&gt;&gt;</a>&nbsp;&nbsp;&nbsp;__rt_locale
</UL>
<BR>[Called By]<UL><LI><a href="#[3f]">&gt;&gt;</a>&nbsp;&nbsp;&nbsp;strtol
</UL>

<P><STRONG><a name="[50]"></a>_strtoul</STRONG> (Thumb, 166 bytes, Stack size 40 bytes, _strtoul.o(.text))
<BR><BR>[Stack]<UL><LI>Max Depth = 40<LI>Call Chain = _strtoul
</UL>
<BR>[Calls]<UL><LI><a href="#[51]">&gt;&gt;</a>&nbsp;&nbsp;&nbsp;_chval
<LI><a href="#[3e]">&gt;&gt;</a>&nbsp;&nbsp;&nbsp;__aeabi_errno_addr
</UL>
<BR>[Called By]<UL><LI><a href="#[3f]">&gt;&gt;</a>&nbsp;&nbsp;&nbsp;strtol
</UL>

<P><STRONG><a name="[52]"></a>__fpl_dcmp_InfNaN</STRONG> (Thumb, 154 bytes, Stack size 24 bytes, dcmpin.o(.text), UNUSED)
<BR><BR>[Calls]<UL><LI><a href="#[54]">&gt;&gt;</a>&nbsp;&nbsp;&nbsp;__fpl_dcheck_NaN2
<LI><a href="#[53]">&gt;&gt;</a>&nbsp;&nbsp;&nbsp;__fpl_cmpreturn
</UL>
<BR>[Called By]<UL><LI><a href="#[9f]">&gt;&gt;</a>&nbsp;&nbsp;&nbsp;_dcmpge
</UL>

<P><STRONG><a name="[33]"></a>__user_setup_stackheap</STRONG> (Thumb, 62 bytes, Stack size 8 bytes, sys_stackheap_outer.o(.text))
<BR><BR>[Stack]<UL><LI>Max Depth = 8 + Unknown Stack Size
<LI>Call Chain = __user_setup_stackheap
</UL>
<BR>[Calls]<UL><LI><a href="#[55]">&gt;&gt;</a>&nbsp;&nbsp;&nbsp;__user_perproc_libspace
<LI><a href="#[2a]">&gt;&gt;</a>&nbsp;&nbsp;&nbsp;__user_initial_stackheap
</UL>
<BR>[Called By]<UL><LI><a href="#[32]">&gt;&gt;</a>&nbsp;&nbsp;&nbsp;__rt_entry_sh
</UL>

<P><STRONG><a name="[30]"></a>__rt_locale</STRONG> (Thumb, 8 bytes, Stack size 0 bytes, rt_locale_intlibspace.o(.text))
<BR><BR>[Called By]<UL><LI><a href="#[2f]">&gt;&gt;</a>&nbsp;&nbsp;&nbsp;__rt_lib_init_lc_common
<LI><a href="#[4f]">&gt;&gt;</a>&nbsp;&nbsp;&nbsp;__rt_ctype_table
</UL>

<P><STRONG><a name="[51]"></a>_chval</STRONG> (Thumb, 30 bytes, Stack size 0 bytes, _chval.o(.text))
<BR><BR>[Called By]<UL><LI><a href="#[50]">&gt;&gt;</a>&nbsp;&nbsp;&nbsp;_strtoul
</UL>

<P><STRONG><a name="[38]"></a>exit</STRONG> (Thumb, 16 bytes, Stack size 8 bytes, exit.o(.text))
<BR><BR>[Stack]<UL><LI>Max Depth = 8 + Unknown Stack Size
<LI>Call Chain = exit
</UL>
<BR>[Calls]<UL><LI><a href="#[57]">&gt;&gt;</a>&nbsp;&nbsp;&nbsp;__rt_exit
<LI><a href="#[56]">&gt;&gt;</a>&nbsp;&nbsp;&nbsp;_call_atexit_fns (Weak Reference)
</UL>
<BR>[Called By]<UL><LI><a href="#[36]">&gt;&gt;</a>&nbsp;&nbsp;&nbsp;__rt_entry_main
</UL>

<P><STRONG><a name="[53]"></a>__fpl_cmpreturn</STRONG> (Thumb, 46 bytes, Stack size 0 bytes, cmpret.o(.text), UNUSED)
<BR><BR>[Called By]<UL><LI><a href="#[52]">&gt;&gt;</a>&nbsp;&nbsp;&nbsp;__fpl_dcmp_InfNaN
<LI><a href="#[58]">&gt;&gt;</a>&nbsp;&nbsp;&nbsp;__fpl_return_NaN
</UL>

<P><STRONG><a name="[54]"></a>__fpl_dcheck_NaN2</STRONG> (Thumb, 14 bytes, Stack size 8 bytes, dnan2.o(.text), UNUSED)
<BR><BR>[Calls]<UL><LI><a href="#[58]">&gt;&gt;</a>&nbsp;&nbsp;&nbsp;__fpl_return_NaN
</UL>
<BR>[Called By]<UL><LI><a href="#[52]">&gt;&gt;</a>&nbsp;&nbsp;&nbsp;__fpl_dcmp_InfNaN
</UL>

<P><STRONG><a name="[58]"></a>__fpl_return_NaN</STRONG> (Thumb, 94 bytes, Stack size 8 bytes, retnan.o(.text), UNUSED)
<BR><BR>[Calls]<UL><LI><a href="#[53]">&gt;&gt;</a>&nbsp;&nbsp;&nbsp;__fpl_cmpreturn
</UL>
<BR>[Called By]<UL><LI><a href="#[54]">&gt;&gt;</a>&nbsp;&nbsp;&nbsp;__fpl_dcheck_NaN2
</UL>

<P><STRONG><a name="[3c]"></a>_sys_exit</STRONG> (Thumb, 8 bytes, Stack size 0 bytes, sys_exit.o(.text))
<BR><BR>[Called By]<UL><LI><a href="#[3b]">&gt;&gt;</a>&nbsp;&nbsp;&nbsp;__rt_exit_exit
</UL>

<P><STRONG><a name="[1c]"></a>PIT_IRQHandler</STRONG> (Thumb, 268 bytes, Stack size 16 bytes, main.o(.text.PIT_IRQHandler))
<BR><BR>[Stack]<UL><LI>Max Depth = 112<LI>Call Chain = PIT_IRQHandler &rArr; send_string &rArr; send_data &rArr; trigger_EN &rArr; atraso &rArr; delay_ms &rArr; __aeabi_idiv
</UL>
<BR>[Calls]<UL><LI><a href="#[59]">&gt;&gt;</a>&nbsp;&nbsp;&nbsp;strcmp
<LI><a href="#[61]">&gt;&gt;</a>&nbsp;&nbsp;&nbsp;atraso
<LI><a href="#[60]">&gt;&gt;</a>&nbsp;&nbsp;&nbsp;send_command
<LI><a href="#[5f]">&gt;&gt;</a>&nbsp;&nbsp;&nbsp;send_string
<LI><a href="#[5e]">&gt;&gt;</a>&nbsp;&nbsp;&nbsp;proxima_linha
<LI><a href="#[5d]">&gt;&gt;</a>&nbsp;&nbsp;&nbsp;tostring
<LI><a href="#[5c]">&gt;&gt;</a>&nbsp;&nbsp;&nbsp;desliga_PIT1
<LI><a href="#[5b]">&gt;&gt;</a>&nbsp;&nbsp;&nbsp;desliga_PIT0
<LI><a href="#[5a]">&gt;&gt;</a>&nbsp;&nbsp;&nbsp;setup_PIT1
</UL>
<BR>[Address Reference Count : 1]<UL><LI> startup_mkl25z4.o(RESET)
</UL>
<P><STRONG><a name="[24]"></a>PORTA_IRQHandler</STRONG> (Thumb, 224 bytes, Stack size 16 bytes, main.o(.text.PORTA_IRQHandler))
<BR><BR>[Stack]<UL><LI>Max Depth = 136<LI>Call Chain = PORTA_IRQHandler &rArr; procuraTecla &rArr; procuraLinhas &rArr; ligaLinhas &rArr; teclaDeboucing &rArr; atraso &rArr; delay_ms &rArr; __aeabi_idiv
</UL>
<BR>[Calls]<UL><LI><a href="#[62]">&gt;&gt;</a>&nbsp;&nbsp;&nbsp;procuraTecla
<LI><a href="#[5c]">&gt;&gt;</a>&nbsp;&nbsp;&nbsp;desliga_PIT1
<LI><a href="#[5b]">&gt;&gt;</a>&nbsp;&nbsp;&nbsp;desliga_PIT0
</UL>
<BR>[Address Reference Count : 1]<UL><LI> startup_mkl25z4.o(RESET)
</UL>
<P><STRONG><a name="[26]"></a>SystemInit</STRONG> (Thumb, 8 bytes, Stack size 0 bytes, system_mkl25z4.o(.text.SystemInit))
<BR>[Address Reference Count : 1]<UL><LI> startup_mkl25z4.o(.text)
</UL>
<P><STRONG><a name="[63]"></a>abrePortasEspera</STRONG> (Thumb, 84 bytes, Stack size 8 bytes, rotinas_viagem.o(.text.abrePortasEspera))
<BR><BR>[Stack]<UL><LI>Max Depth = 48<LI>Call Chain = abrePortasEspera &rArr; setup_PIT0 &rArr; __NVIC_SetPriority
</UL>
<BR>[Calls]<UL><LI><a href="#[64]">&gt;&gt;</a>&nbsp;&nbsp;&nbsp;setup_PIT0
</UL>
<BR>[Called By]<UL><LI><a href="#[8b]">&gt;&gt;</a>&nbsp;&nbsp;&nbsp;realizar_viagem
</UL>

<P><STRONG><a name="[61]"></a>atraso</STRONG> (Thumb, 50 bytes, Stack size 16 bytes, timers.o(.text.atraso))
<BR><BR>[Stack]<UL><LI>Max Depth = 40<LI>Call Chain = atraso &rArr; delay_ms &rArr; __aeabi_idiv
</UL>
<BR>[Calls]<UL><LI><a href="#[66]">&gt;&gt;</a>&nbsp;&nbsp;&nbsp;delay_ms
<LI><a href="#[65]">&gt;&gt;</a>&nbsp;&nbsp;&nbsp;delay_s
</UL>
<BR>[Called By]<UL><LI><a href="#[8b]">&gt;&gt;</a>&nbsp;&nbsp;&nbsp;realizar_viagem
<LI><a href="#[71]">&gt;&gt;</a>&nbsp;&nbsp;&nbsp;edicaoVel
<LI><a href="#[6b]">&gt;&gt;</a>&nbsp;&nbsp;&nbsp;lerTeclado
<LI><a href="#[82]">&gt;&gt;</a>&nbsp;&nbsp;&nbsp;teclaDeboucing
<LI><a href="#[7d]">&gt;&gt;</a>&nbsp;&nbsp;&nbsp;telaAdmLogado
<LI><a href="#[7f]">&gt;&gt;</a>&nbsp;&nbsp;&nbsp;telaSenhaIncorreta
<LI><a href="#[7e]">&gt;&gt;</a>&nbsp;&nbsp;&nbsp;telaSenhaCorreta
<LI><a href="#[6d]">&gt;&gt;</a>&nbsp;&nbsp;&nbsp;send_data
<LI><a href="#[99]">&gt;&gt;</a>&nbsp;&nbsp;&nbsp;trigger_EN
<LI><a href="#[60]">&gt;&gt;</a>&nbsp;&nbsp;&nbsp;send_command
<LI><a href="#[5e]">&gt;&gt;</a>&nbsp;&nbsp;&nbsp;proxima_linha
<LI><a href="#[1c]">&gt;&gt;</a>&nbsp;&nbsp;&nbsp;PIT_IRQHandler
<LI><a href="#[8a]">&gt;&gt;</a>&nbsp;&nbsp;&nbsp;modoManual
<LI><a href="#[80]">&gt;&gt;</a>&nbsp;&nbsp;&nbsp;limpa_reseta_cursor
</UL>

<P><STRONG><a name="[67]"></a>config_lcd_padrao</STRONG> (Thumb, 28 bytes, Stack size 8 bytes, lcdio.o(.text.config_lcd_padrao))
<BR><BR>[Stack]<UL><LI>Max Depth = 88<LI>Call Chain = config_lcd_padrao &rArr; send_command &rArr; trigger_EN &rArr; atraso &rArr; delay_ms &rArr; __aeabi_idiv
</UL>
<BR>[Calls]<UL><LI><a href="#[60]">&gt;&gt;</a>&nbsp;&nbsp;&nbsp;send_command
</UL>
<BR>[Called By]<UL><LI><a href="#[37]">&gt;&gt;</a>&nbsp;&nbsp;&nbsp;main
</UL>

<P><STRONG><a name="[85]"></a>configura_motor</STRONG> (Thumb, 40 bytes, Stack size 0 bytes, controle_motor.o(.text.configura_motor))
<BR><BR>[Called By]<UL><LI><a href="#[37]">&gt;&gt;</a>&nbsp;&nbsp;&nbsp;main
</UL>

<P><STRONG><a name="[66]"></a>delay_ms</STRONG> (Thumb, 72 bytes, Stack size 16 bytes, timers.o(.text.delay_ms))
<BR><BR>[Stack]<UL><LI>Max Depth = 24<LI>Call Chain = delay_ms &rArr; __aeabi_idiv
</UL>
<BR>[Calls]<UL><LI><a href="#[68]">&gt;&gt;</a>&nbsp;&nbsp;&nbsp;__aeabi_idiv
</UL>
<BR>[Called By]<UL><LI><a href="#[61]">&gt;&gt;</a>&nbsp;&nbsp;&nbsp;atraso
</UL>

<P><STRONG><a name="[65]"></a>delay_s</STRONG> (Thumb, 84 bytes, Stack size 8 bytes, timers.o(.text.delay_s))
<BR><BR>[Stack]<UL><LI>Max Depth = 8<LI>Call Chain = delay_s
</UL>
<BR>[Called By]<UL><LI><a href="#[61]">&gt;&gt;</a>&nbsp;&nbsp;&nbsp;atraso
</UL>

<P><STRONG><a name="[5b]"></a>desliga_PIT0</STRONG> (Thumb, 8 bytes, Stack size 0 bytes, timers.o(.text.desliga_PIT0))
<BR><BR>[Called By]<UL><LI><a href="#[24]">&gt;&gt;</a>&nbsp;&nbsp;&nbsp;PORTA_IRQHandler
<LI><a href="#[1c]">&gt;&gt;</a>&nbsp;&nbsp;&nbsp;PIT_IRQHandler
<LI><a href="#[8a]">&gt;&gt;</a>&nbsp;&nbsp;&nbsp;modoManual
</UL>

<P><STRONG><a name="[5c]"></a>desliga_PIT1</STRONG> (Thumb, 8 bytes, Stack size 0 bytes, timers.o(.text.desliga_PIT1))
<BR><BR>[Called By]<UL><LI><a href="#[24]">&gt;&gt;</a>&nbsp;&nbsp;&nbsp;PORTA_IRQHandler
<LI><a href="#[1c]">&gt;&gt;</a>&nbsp;&nbsp;&nbsp;PIT_IRQHandler
</UL>

<P><STRONG><a name="[69]"></a>edicaoDist</STRONG> (Thumb, 324 bytes, Stack size 48 bytes, menus.o(.text.edicaoDist))
<BR><BR>[Stack]<UL><LI>Max Depth = 176<LI>Call Chain = edicaoDist &rArr; lerTeclado &rArr; procuraTecla &rArr; procuraLinhas &rArr; ligaLinhas &rArr; teclaDeboucing &rArr; atraso &rArr; delay_ms &rArr; __aeabi_idiv
</UL>
<BR>[Calls]<UL><LI><a href="#[40]">&gt;&gt;</a>&nbsp;&nbsp;&nbsp;__aeabi_i2d
<LI><a href="#[3d]">&gt;&gt;</a>&nbsp;&nbsp;&nbsp;atoi
<LI><a href="#[6b]">&gt;&gt;</a>&nbsp;&nbsp;&nbsp;lerTeclado
<LI><a href="#[6c]">&gt;&gt;</a>&nbsp;&nbsp;&nbsp;telaNovaDist
<LI><a href="#[6a]">&gt;&gt;</a>&nbsp;&nbsp;&nbsp;telaEditarDist
<LI><a href="#[6d]">&gt;&gt;</a>&nbsp;&nbsp;&nbsp;send_data
</UL>
<BR>[Called By]<UL><LI><a href="#[6e]">&gt;&gt;</a>&nbsp;&nbsp;&nbsp;edicaoParametros
</UL>

<P><STRONG><a name="[6e]"></a>edicaoParametros</STRONG> (Thumb, 160 bytes, Stack size 16 bytes, menus.o(.text.edicaoParametros))
<BR><BR>[Stack]<UL><LI>Max Depth = 200<LI>Call Chain = edicaoParametros &rArr; edicaoTempo &rArr; edicaoTempoParada &rArr; lerTeclado &rArr; procuraTecla &rArr; procuraLinhas &rArr; ligaLinhas &rArr; teclaDeboucing &rArr; atraso &rArr; delay_ms &rArr; __aeabi_idiv
</UL>
<BR>[Calls]<UL><LI><a href="#[72]">&gt;&gt;</a>&nbsp;&nbsp;&nbsp;strcpy
<LI><a href="#[71]">&gt;&gt;</a>&nbsp;&nbsp;&nbsp;edicaoVel
<LI><a href="#[70]">&gt;&gt;</a>&nbsp;&nbsp;&nbsp;edicaoTempo
<LI><a href="#[69]">&gt;&gt;</a>&nbsp;&nbsp;&nbsp;edicaoDist
<LI><a href="#[6b]">&gt;&gt;</a>&nbsp;&nbsp;&nbsp;lerTeclado
<LI><a href="#[6f]">&gt;&gt;</a>&nbsp;&nbsp;&nbsp;telaEditarParametros
</UL>
<BR>[Called By]<UL><LI><a href="#[37]">&gt;&gt;</a>&nbsp;&nbsp;&nbsp;main
</UL>

<P><STRONG><a name="[70]"></a>edicaoTempo</STRONG> (Thumb, 100 bytes, Stack size 16 bytes, menus.o(.text.edicaoTempo))
<BR><BR>[Stack]<UL><LI>Max Depth = 184<LI>Call Chain = edicaoTempo &rArr; edicaoTempoParada &rArr; lerTeclado &rArr; procuraTecla &rArr; procuraLinhas &rArr; ligaLinhas &rArr; teclaDeboucing &rArr; atraso &rArr; delay_ms &rArr; __aeabi_idiv
</UL>
<BR>[Calls]<UL><LI><a href="#[75]">&gt;&gt;</a>&nbsp;&nbsp;&nbsp;edicaoTempoParada
<LI><a href="#[74]">&gt;&gt;</a>&nbsp;&nbsp;&nbsp;edicaoTempoViagem
<LI><a href="#[6b]">&gt;&gt;</a>&nbsp;&nbsp;&nbsp;lerTeclado
<LI><a href="#[73]">&gt;&gt;</a>&nbsp;&nbsp;&nbsp;telaEditarTempos
</UL>
<BR>[Called By]<UL><LI><a href="#[6e]">&gt;&gt;</a>&nbsp;&nbsp;&nbsp;edicaoParametros
</UL>

<P><STRONG><a name="[75]"></a>edicaoTempoParada</STRONG> (Thumb, 316 bytes, Stack size 40 bytes, menus.o(.text.edicaoTempoParada))
<BR><BR>[Stack]<UL><LI>Max Depth = 168<LI>Call Chain = edicaoTempoParada &rArr; lerTeclado &rArr; procuraTecla &rArr; procuraLinhas &rArr; ligaLinhas &rArr; teclaDeboucing &rArr; atraso &rArr; delay_ms &rArr; __aeabi_idiv
</UL>
<BR>[Calls]<UL><LI><a href="#[40]">&gt;&gt;</a>&nbsp;&nbsp;&nbsp;__aeabi_i2d
<LI><a href="#[3d]">&gt;&gt;</a>&nbsp;&nbsp;&nbsp;atoi
<LI><a href="#[6b]">&gt;&gt;</a>&nbsp;&nbsp;&nbsp;lerTeclado
<LI><a href="#[77]">&gt;&gt;</a>&nbsp;&nbsp;&nbsp;telaTempoParada
<LI><a href="#[76]">&gt;&gt;</a>&nbsp;&nbsp;&nbsp;telaEditarTempoParada
<LI><a href="#[6d]">&gt;&gt;</a>&nbsp;&nbsp;&nbsp;send_data
</UL>
<BR>[Called By]<UL><LI><a href="#[70]">&gt;&gt;</a>&nbsp;&nbsp;&nbsp;edicaoTempo
</UL>

<P><STRONG><a name="[74]"></a>edicaoTempoViagem</STRONG> (Thumb, 316 bytes, Stack size 40 bytes, menus.o(.text.edicaoTempoViagem))
<BR><BR>[Stack]<UL><LI>Max Depth = 168<LI>Call Chain = edicaoTempoViagem &rArr; lerTeclado &rArr; procuraTecla &rArr; procuraLinhas &rArr; ligaLinhas &rArr; teclaDeboucing &rArr; atraso &rArr; delay_ms &rArr; __aeabi_idiv
</UL>
<BR>[Calls]<UL><LI><a href="#[40]">&gt;&gt;</a>&nbsp;&nbsp;&nbsp;__aeabi_i2d
<LI><a href="#[3d]">&gt;&gt;</a>&nbsp;&nbsp;&nbsp;atoi
<LI><a href="#[6b]">&gt;&gt;</a>&nbsp;&nbsp;&nbsp;lerTeclado
<LI><a href="#[79]">&gt;&gt;</a>&nbsp;&nbsp;&nbsp;telaTempoViagem
<LI><a href="#[78]">&gt;&gt;</a>&nbsp;&nbsp;&nbsp;telaEditarTempoViagem
<LI><a href="#[6d]">&gt;&gt;</a>&nbsp;&nbsp;&nbsp;send_data
</UL>
<BR>[Called By]<UL><LI><a href="#[70]">&gt;&gt;</a>&nbsp;&nbsp;&nbsp;edicaoTempo
</UL>

<P><STRONG><a name="[71]"></a>edicaoVel</STRONG> (Thumb, 332 bytes, Stack size 40 bytes, menus.o(.text.edicaoVel))
<BR><BR>[Stack]<UL><LI>Max Depth = 168<LI>Call Chain = edicaoVel &rArr; lerTeclado &rArr; procuraTecla &rArr; procuraLinhas &rArr; ligaLinhas &rArr; teclaDeboucing &rArr; atraso &rArr; delay_ms &rArr; __aeabi_idiv
</UL>
<BR>[Calls]<UL><LI><a href="#[40]">&gt;&gt;</a>&nbsp;&nbsp;&nbsp;__aeabi_i2d
<LI><a href="#[3d]">&gt;&gt;</a>&nbsp;&nbsp;&nbsp;atoi
<LI><a href="#[6b]">&gt;&gt;</a>&nbsp;&nbsp;&nbsp;lerTeclado
<LI><a href="#[7b]">&gt;&gt;</a>&nbsp;&nbsp;&nbsp;telaNovaVel
<LI><a href="#[7a]">&gt;&gt;</a>&nbsp;&nbsp;&nbsp;telaEditarVel
<LI><a href="#[6d]">&gt;&gt;</a>&nbsp;&nbsp;&nbsp;send_data
<LI><a href="#[61]">&gt;&gt;</a>&nbsp;&nbsp;&nbsp;atraso
</UL>
<BR>[Called By]<UL><LI><a href="#[6e]">&gt;&gt;</a>&nbsp;&nbsp;&nbsp;edicaoParametros
</UL>

<P><STRONG><a name="[7c]"></a>lerSenha</STRONG> (Thumb, 188 bytes, Stack size 8 bytes, menus.o(.text.lerSenha))
<BR><BR>[Stack]<UL><LI>Max Depth = 136<LI>Call Chain = lerSenha &rArr; lerTeclado &rArr; procuraTecla &rArr; procuraLinhas &rArr; ligaLinhas &rArr; teclaDeboucing &rArr; atraso &rArr; delay_ms &rArr; __aeabi_idiv
</UL>
<BR>[Calls]<UL><LI><a href="#[59]">&gt;&gt;</a>&nbsp;&nbsp;&nbsp;strcmp
<LI><a href="#[72]">&gt;&gt;</a>&nbsp;&nbsp;&nbsp;strcpy
<LI><a href="#[6b]">&gt;&gt;</a>&nbsp;&nbsp;&nbsp;lerTeclado
<LI><a href="#[7d]">&gt;&gt;</a>&nbsp;&nbsp;&nbsp;telaAdmLogado
<LI><a href="#[7f]">&gt;&gt;</a>&nbsp;&nbsp;&nbsp;telaSenhaIncorreta
<LI><a href="#[7e]">&gt;&gt;</a>&nbsp;&nbsp;&nbsp;telaSenhaCorreta
<LI><a href="#[6d]">&gt;&gt;</a>&nbsp;&nbsp;&nbsp;send_data
<LI><a href="#[80]">&gt;&gt;</a>&nbsp;&nbsp;&nbsp;limpa_reseta_cursor
</UL>
<BR>[Called By]<UL><LI><a href="#[37]">&gt;&gt;</a>&nbsp;&nbsp;&nbsp;main
</UL>

<P><STRONG><a name="[6b]"></a>lerTeclado</STRONG> (Thumb, 136 bytes, Stack size 8 bytes, teclado.o(.text.lerTeclado))
<BR><BR>[Stack]<UL><LI>Max Depth = 128<LI>Call Chain = lerTeclado &rArr; procuraTecla &rArr; procuraLinhas &rArr; ligaLinhas &rArr; teclaDeboucing &rArr; atraso &rArr; delay_ms &rArr; __aeabi_idiv
</UL>
<BR>[Calls]<UL><LI><a href="#[62]">&gt;&gt;</a>&nbsp;&nbsp;&nbsp;procuraTecla
<LI><a href="#[61]">&gt;&gt;</a>&nbsp;&nbsp;&nbsp;atraso
</UL>
<BR>[Called By]<UL><LI><a href="#[75]">&gt;&gt;</a>&nbsp;&nbsp;&nbsp;edicaoTempoParada
<LI><a href="#[74]">&gt;&gt;</a>&nbsp;&nbsp;&nbsp;edicaoTempoViagem
<LI><a href="#[71]">&gt;&gt;</a>&nbsp;&nbsp;&nbsp;edicaoVel
<LI><a href="#[70]">&gt;&gt;</a>&nbsp;&nbsp;&nbsp;edicaoTempo
<LI><a href="#[69]">&gt;&gt;</a>&nbsp;&nbsp;&nbsp;edicaoDist
<LI><a href="#[8a]">&gt;&gt;</a>&nbsp;&nbsp;&nbsp;modoManual
<LI><a href="#[6e]">&gt;&gt;</a>&nbsp;&nbsp;&nbsp;edicaoParametros
<LI><a href="#[88]">&gt;&gt;</a>&nbsp;&nbsp;&nbsp;selecaoModoMaquinista
<LI><a href="#[7c]">&gt;&gt;</a>&nbsp;&nbsp;&nbsp;lerSenha
</UL>

<P><STRONG><a name="[81]"></a>ligaLinhas</STRONG> (Thumb, 256 bytes, Stack size 24 bytes, teclado.o(.text.ligaLinhas))
<BR><BR>[Stack]<UL><LI>Max Depth = 96<LI>Call Chain = ligaLinhas &rArr; teclaDeboucing &rArr; atraso &rArr; delay_ms &rArr; __aeabi_idiv
</UL>
<BR>[Calls]<UL><LI><a href="#[82]">&gt;&gt;</a>&nbsp;&nbsp;&nbsp;teclaDeboucing
</UL>
<BR>[Called By]<UL><LI><a href="#[8d]">&gt;&gt;</a>&nbsp;&nbsp;&nbsp;procuraLinhas
</UL>

<P><STRONG><a name="[80]"></a>limpa_reseta_cursor</STRONG> (Thumb, 24 bytes, Stack size 16 bytes, lcdio.o(.text.limpa_reseta_cursor))
<BR><BR>[Stack]<UL><LI>Max Depth = 96<LI>Call Chain = limpa_reseta_cursor &rArr; send_command &rArr; trigger_EN &rArr; atraso &rArr; delay_ms &rArr; __aeabi_idiv
</UL>
<BR>[Calls]<UL><LI><a href="#[61]">&gt;&gt;</a>&nbsp;&nbsp;&nbsp;atraso
<LI><a href="#[60]">&gt;&gt;</a>&nbsp;&nbsp;&nbsp;send_command
</UL>
<BR>[Called By]<UL><LI><a href="#[8b]">&gt;&gt;</a>&nbsp;&nbsp;&nbsp;realizar_viagem
<LI><a href="#[98]">&gt;&gt;</a>&nbsp;&nbsp;&nbsp;telaModosMaquinista
<LI><a href="#[79]">&gt;&gt;</a>&nbsp;&nbsp;&nbsp;telaTempoViagem
<LI><a href="#[77]">&gt;&gt;</a>&nbsp;&nbsp;&nbsp;telaTempoParada
<LI><a href="#[6c]">&gt;&gt;</a>&nbsp;&nbsp;&nbsp;telaNovaDist
<LI><a href="#[7b]">&gt;&gt;</a>&nbsp;&nbsp;&nbsp;telaNovaVel
<LI><a href="#[7a]">&gt;&gt;</a>&nbsp;&nbsp;&nbsp;telaEditarVel
<LI><a href="#[76]">&gt;&gt;</a>&nbsp;&nbsp;&nbsp;telaEditarTempoParada
<LI><a href="#[78]">&gt;&gt;</a>&nbsp;&nbsp;&nbsp;telaEditarTempoViagem
<LI><a href="#[73]">&gt;&gt;</a>&nbsp;&nbsp;&nbsp;telaEditarTempos
<LI><a href="#[6a]">&gt;&gt;</a>&nbsp;&nbsp;&nbsp;telaEditarDist
<LI><a href="#[6f]">&gt;&gt;</a>&nbsp;&nbsp;&nbsp;telaEditarParametros
<LI><a href="#[7d]">&gt;&gt;</a>&nbsp;&nbsp;&nbsp;telaAdmLogado
<LI><a href="#[7f]">&gt;&gt;</a>&nbsp;&nbsp;&nbsp;telaSenhaIncorreta
<LI><a href="#[7e]">&gt;&gt;</a>&nbsp;&nbsp;&nbsp;telaSenhaCorreta
<LI><a href="#[8a]">&gt;&gt;</a>&nbsp;&nbsp;&nbsp;modoManual
<LI><a href="#[89]">&gt;&gt;</a>&nbsp;&nbsp;&nbsp;modoAuto
<LI><a href="#[7c]">&gt;&gt;</a>&nbsp;&nbsp;&nbsp;lerSenha
<LI><a href="#[87]">&gt;&gt;</a>&nbsp;&nbsp;&nbsp;telaArmMetro
<LI><a href="#[37]">&gt;&gt;</a>&nbsp;&nbsp;&nbsp;main
</UL>

<P><STRONG><a name="[37]"></a>main</STRONG> (Thumb, 352 bytes, Stack size 32 bytes, main.o(.text.main))
<BR><BR>[Stack]<UL><LI>Max Depth = 272<LI>Call Chain = main &rArr; modoManual &rArr; realizar_viagem &rArr; send_string &rArr; send_data &rArr; trigger_EN &rArr; atraso &rArr; delay_ms &rArr; __aeabi_idiv
</UL>
<BR>[Calls]<UL><LI><a href="#[59]">&gt;&gt;</a>&nbsp;&nbsp;&nbsp;strcmp
<LI><a href="#[8a]">&gt;&gt;</a>&nbsp;&nbsp;&nbsp;modoManual
<LI><a href="#[89]">&gt;&gt;</a>&nbsp;&nbsp;&nbsp;modoAuto
<LI><a href="#[6e]">&gt;&gt;</a>&nbsp;&nbsp;&nbsp;edicaoParametros
<LI><a href="#[88]">&gt;&gt;</a>&nbsp;&nbsp;&nbsp;selecaoModoMaquinista
<LI><a href="#[7c]">&gt;&gt;</a>&nbsp;&nbsp;&nbsp;lerSenha
<LI><a href="#[87]">&gt;&gt;</a>&nbsp;&nbsp;&nbsp;telaArmMetro
<LI><a href="#[86]">&gt;&gt;</a>&nbsp;&nbsp;&nbsp;pwm_motor
<LI><a href="#[85]">&gt;&gt;</a>&nbsp;&nbsp;&nbsp;configura_motor
<LI><a href="#[80]">&gt;&gt;</a>&nbsp;&nbsp;&nbsp;limpa_reseta_cursor
<LI><a href="#[67]">&gt;&gt;</a>&nbsp;&nbsp;&nbsp;config_lcd_padrao
<LI><a href="#[84]">&gt;&gt;</a>&nbsp;&nbsp;&nbsp;__NVIC_EnableIRQ
<LI><a href="#[83]">&gt;&gt;</a>&nbsp;&nbsp;&nbsp;__NVIC_SetPriority
</UL>
<BR>[Called By]<UL><LI><a href="#[36]">&gt;&gt;</a>&nbsp;&nbsp;&nbsp;__rt_entry_main
</UL>

<P><STRONG><a name="[89]"></a>modoAuto</STRONG> (Thumb, 280 bytes, Stack size 8 bytes, rotinas_viagem.o(.text.modoAuto))
<BR><BR>[Stack]<UL><LI>Max Depth = 208<LI>Call Chain = modoAuto &rArr; realizar_viagem &rArr; send_string &rArr; send_data &rArr; trigger_EN &rArr; atraso &rArr; delay_ms &rArr; __aeabi_idiv
</UL>
<BR>[Calls]<UL><LI><a href="#[59]">&gt;&gt;</a>&nbsp;&nbsp;&nbsp;strcmp
<LI><a href="#[72]">&gt;&gt;</a>&nbsp;&nbsp;&nbsp;strcpy
<LI><a href="#[8b]">&gt;&gt;</a>&nbsp;&nbsp;&nbsp;realizar_viagem
<LI><a href="#[5f]">&gt;&gt;</a>&nbsp;&nbsp;&nbsp;send_string
<LI><a href="#[5e]">&gt;&gt;</a>&nbsp;&nbsp;&nbsp;proxima_linha
<LI><a href="#[80]">&gt;&gt;</a>&nbsp;&nbsp;&nbsp;limpa_reseta_cursor
</UL>
<BR>[Called By]<UL><LI><a href="#[37]">&gt;&gt;</a>&nbsp;&nbsp;&nbsp;main
</UL>

<P><STRONG><a name="[8a]"></a>modoManual</STRONG> (Thumb, 1092 bytes, Stack size 40 bytes, rotinas_viagem.o(.text.modoManual))
<BR><BR>[Stack]<UL><LI>Max Depth = 240<LI>Call Chain = modoManual &rArr; realizar_viagem &rArr; send_string &rArr; send_data &rArr; trigger_EN &rArr; atraso &rArr; delay_ms &rArr; __aeabi_idiv
</UL>
<BR>[Calls]<UL><LI><a href="#[59]">&gt;&gt;</a>&nbsp;&nbsp;&nbsp;strcmp
<LI><a href="#[72]">&gt;&gt;</a>&nbsp;&nbsp;&nbsp;strcpy
<LI><a href="#[8b]">&gt;&gt;</a>&nbsp;&nbsp;&nbsp;realizar_viagem
<LI><a href="#[8c]">&gt;&gt;</a>&nbsp;&nbsp;&nbsp;setup_PIT0_modoManual
<LI><a href="#[6b]">&gt;&gt;</a>&nbsp;&nbsp;&nbsp;lerTeclado
<LI><a href="#[61]">&gt;&gt;</a>&nbsp;&nbsp;&nbsp;atraso
<LI><a href="#[5f]">&gt;&gt;</a>&nbsp;&nbsp;&nbsp;send_string
<LI><a href="#[5e]">&gt;&gt;</a>&nbsp;&nbsp;&nbsp;proxima_linha
<LI><a href="#[5b]">&gt;&gt;</a>&nbsp;&nbsp;&nbsp;desliga_PIT0
<LI><a href="#[80]">&gt;&gt;</a>&nbsp;&nbsp;&nbsp;limpa_reseta_cursor
</UL>
<BR>[Called By]<UL><LI><a href="#[37]">&gt;&gt;</a>&nbsp;&nbsp;&nbsp;main
</UL>

<P><STRONG><a name="[8d]"></a>procuraLinhas</STRONG> (Thumb, 124 bytes, Stack size 16 bytes, teclado.o(.text.procuraLinhas))
<BR><BR>[Stack]<UL><LI>Max Depth = 112<LI>Call Chain = procuraLinhas &rArr; ligaLinhas &rArr; teclaDeboucing &rArr; atraso &rArr; delay_ms &rArr; __aeabi_idiv
</UL>
<BR>[Calls]<UL><LI><a href="#[81]">&gt;&gt;</a>&nbsp;&nbsp;&nbsp;ligaLinhas
</UL>
<BR>[Called By]<UL><LI><a href="#[62]">&gt;&gt;</a>&nbsp;&nbsp;&nbsp;procuraTecla
</UL>

<P><STRONG><a name="[62]"></a>procuraTecla</STRONG> (Thumb, 20 bytes, Stack size 8 bytes, teclado.o(.text.procuraTecla))
<BR><BR>[Stack]<UL><LI>Max Depth = 120<LI>Call Chain = procuraTecla &rArr; procuraLinhas &rArr; ligaLinhas &rArr; teclaDeboucing &rArr; atraso &rArr; delay_ms &rArr; __aeabi_idiv
</UL>
<BR>[Calls]<UL><LI><a href="#[8d]">&gt;&gt;</a>&nbsp;&nbsp;&nbsp;procuraLinhas
</UL>
<BR>[Called By]<UL><LI><a href="#[6b]">&gt;&gt;</a>&nbsp;&nbsp;&nbsp;lerTeclado
<LI><a href="#[24]">&gt;&gt;</a>&nbsp;&nbsp;&nbsp;PORTA_IRQHandler
</UL>

<P><STRONG><a name="[5e]"></a>proxima_linha</STRONG> (Thumb, 18 bytes, Stack size 8 bytes, lcdio.o(.text.proxima_linha))
<BR><BR>[Stack]<UL><LI>Max Depth = 88<LI>Call Chain = proxima_linha &rArr; send_command &rArr; trigger_EN &rArr; atraso &rArr; delay_ms &rArr; __aeabi_idiv
</UL>
<BR>[Calls]<UL><LI><a href="#[61]">&gt;&gt;</a>&nbsp;&nbsp;&nbsp;atraso
<LI><a href="#[60]">&gt;&gt;</a>&nbsp;&nbsp;&nbsp;send_command
</UL>
<BR>[Called By]<UL><LI><a href="#[8b]">&gt;&gt;</a>&nbsp;&nbsp;&nbsp;realizar_viagem
<LI><a href="#[98]">&gt;&gt;</a>&nbsp;&nbsp;&nbsp;telaModosMaquinista
<LI><a href="#[79]">&gt;&gt;</a>&nbsp;&nbsp;&nbsp;telaTempoViagem
<LI><a href="#[77]">&gt;&gt;</a>&nbsp;&nbsp;&nbsp;telaTempoParada
<LI><a href="#[6c]">&gt;&gt;</a>&nbsp;&nbsp;&nbsp;telaNovaDist
<LI><a href="#[7b]">&gt;&gt;</a>&nbsp;&nbsp;&nbsp;telaNovaVel
<LI><a href="#[7a]">&gt;&gt;</a>&nbsp;&nbsp;&nbsp;telaEditarVel
<LI><a href="#[76]">&gt;&gt;</a>&nbsp;&nbsp;&nbsp;telaEditarTempoParada
<LI><a href="#[78]">&gt;&gt;</a>&nbsp;&nbsp;&nbsp;telaEditarTempoViagem
<LI><a href="#[73]">&gt;&gt;</a>&nbsp;&nbsp;&nbsp;telaEditarTempos
<LI><a href="#[6a]">&gt;&gt;</a>&nbsp;&nbsp;&nbsp;telaEditarDist
<LI><a href="#[6f]">&gt;&gt;</a>&nbsp;&nbsp;&nbsp;telaEditarParametros
<LI><a href="#[1c]">&gt;&gt;</a>&nbsp;&nbsp;&nbsp;PIT_IRQHandler
<LI><a href="#[8a]">&gt;&gt;</a>&nbsp;&nbsp;&nbsp;modoManual
<LI><a href="#[89]">&gt;&gt;</a>&nbsp;&nbsp;&nbsp;modoAuto
<LI><a href="#[87]">&gt;&gt;</a>&nbsp;&nbsp;&nbsp;telaArmMetro
</UL>

<P><STRONG><a name="[86]"></a>pwm_motor</STRONG> (Thumb, 80 bytes, Stack size 24 bytes, controle_motor.o(.text.pwm_motor))
<BR><BR>[Stack]<UL><LI>Max Depth = 44<LI>Call Chain = pwm_motor &rArr; __aeabi_fdiv
</UL>
<BR>[Calls]<UL><LI><a href="#[8e]">&gt;&gt;</a>&nbsp;&nbsp;&nbsp;__aeabi_fmul
<LI><a href="#[91]">&gt;&gt;</a>&nbsp;&nbsp;&nbsp;__aeabi_f2iz
<LI><a href="#[8f]">&gt;&gt;</a>&nbsp;&nbsp;&nbsp;__aeabi_fdiv
<LI><a href="#[90]">&gt;&gt;</a>&nbsp;&nbsp;&nbsp;__aeabi_fadd
<LI><a href="#[68]">&gt;&gt;</a>&nbsp;&nbsp;&nbsp;__aeabi_idiv
</UL>
<BR>[Called By]<UL><LI><a href="#[8b]">&gt;&gt;</a>&nbsp;&nbsp;&nbsp;realizar_viagem
<LI><a href="#[37]">&gt;&gt;</a>&nbsp;&nbsp;&nbsp;main
</UL>

<P><STRONG><a name="[8b]"></a>realizar_viagem</STRONG> (Thumb, 588 bytes, Stack size 104 bytes, rotinas_viagem.o(.text.realizar_viagem))
<BR><BR>[Stack]<UL><LI>Max Depth = 200<LI>Call Chain = realizar_viagem &rArr; send_string &rArr; send_data &rArr; trigger_EN &rArr; atraso &rArr; delay_ms &rArr; __aeabi_idiv
</UL>
<BR>[Calls]<UL><LI><a href="#[8e]">&gt;&gt;</a>&nbsp;&nbsp;&nbsp;__aeabi_fmul
<LI><a href="#[4c]">&gt;&gt;</a>&nbsp;&nbsp;&nbsp;__aeabi_i2f
<LI><a href="#[40]">&gt;&gt;</a>&nbsp;&nbsp;&nbsp;__aeabi_i2d
<LI><a href="#[93]">&gt;&gt;</a>&nbsp;&nbsp;&nbsp;__aeabi_d2iz
<LI><a href="#[94]">&gt;&gt;</a>&nbsp;&nbsp;&nbsp;__aeabi_ddiv
<LI><a href="#[97]">&gt;&gt;</a>&nbsp;&nbsp;&nbsp;__aeabi_dcmpge
<LI><a href="#[96]">&gt;&gt;</a>&nbsp;&nbsp;&nbsp;__aeabi_dsub
<LI><a href="#[92]">&gt;&gt;</a>&nbsp;&nbsp;&nbsp;__aeabi_dadd
<LI><a href="#[95]">&gt;&gt;</a>&nbsp;&nbsp;&nbsp;__aeabi_d2f
<LI><a href="#[59]">&gt;&gt;</a>&nbsp;&nbsp;&nbsp;strcmp
<LI><a href="#[63]">&gt;&gt;</a>&nbsp;&nbsp;&nbsp;abrePortasEspera
<LI><a href="#[61]">&gt;&gt;</a>&nbsp;&nbsp;&nbsp;atraso
<LI><a href="#[5f]">&gt;&gt;</a>&nbsp;&nbsp;&nbsp;send_string
<LI><a href="#[5e]">&gt;&gt;</a>&nbsp;&nbsp;&nbsp;proxima_linha
<LI><a href="#[5d]">&gt;&gt;</a>&nbsp;&nbsp;&nbsp;tostring
<LI><a href="#[86]">&gt;&gt;</a>&nbsp;&nbsp;&nbsp;pwm_motor
<LI><a href="#[80]">&gt;&gt;</a>&nbsp;&nbsp;&nbsp;limpa_reseta_cursor
</UL>
<BR>[Called By]<UL><LI><a href="#[8a]">&gt;&gt;</a>&nbsp;&nbsp;&nbsp;modoManual
<LI><a href="#[89]">&gt;&gt;</a>&nbsp;&nbsp;&nbsp;modoAuto
</UL>

<P><STRONG><a name="[88]"></a>selecaoModoMaquinista</STRONG> (Thumb, 108 bytes, Stack size 16 bytes, menus.o(.text.selecaoModoMaquinista))
<BR><BR>[Stack]<UL><LI>Max Depth = 144<LI>Call Chain = selecaoModoMaquinista &rArr; lerTeclado &rArr; procuraTecla &rArr; procuraLinhas &rArr; ligaLinhas &rArr; teclaDeboucing &rArr; atraso &rArr; delay_ms &rArr; __aeabi_idiv
</UL>
<BR>[Calls]<UL><LI><a href="#[72]">&gt;&gt;</a>&nbsp;&nbsp;&nbsp;strcpy
<LI><a href="#[6b]">&gt;&gt;</a>&nbsp;&nbsp;&nbsp;lerTeclado
<LI><a href="#[98]">&gt;&gt;</a>&nbsp;&nbsp;&nbsp;telaModosMaquinista
</UL>
<BR>[Called By]<UL><LI><a href="#[37]">&gt;&gt;</a>&nbsp;&nbsp;&nbsp;main
</UL>

<P><STRONG><a name="[60]"></a>send_command</STRONG> (Thumb, 72 bytes, Stack size 24 bytes, lcdio.o(.text.send_command))
<BR><BR>[Stack]<UL><LI>Max Depth = 80<LI>Call Chain = send_command &rArr; trigger_EN &rArr; atraso &rArr; delay_ms &rArr; __aeabi_idiv
</UL>
<BR>[Calls]<UL><LI><a href="#[99]">&gt;&gt;</a>&nbsp;&nbsp;&nbsp;trigger_EN
<LI><a href="#[61]">&gt;&gt;</a>&nbsp;&nbsp;&nbsp;atraso
</UL>
<BR>[Called By]<UL><LI><a href="#[5e]">&gt;&gt;</a>&nbsp;&nbsp;&nbsp;proxima_linha
<LI><a href="#[1c]">&gt;&gt;</a>&nbsp;&nbsp;&nbsp;PIT_IRQHandler
<LI><a href="#[80]">&gt;&gt;</a>&nbsp;&nbsp;&nbsp;limpa_reseta_cursor
<LI><a href="#[67]">&gt;&gt;</a>&nbsp;&nbsp;&nbsp;config_lcd_padrao
</UL>

<P><STRONG><a name="[6d]"></a>send_data</STRONG> (Thumb, 72 bytes, Stack size 24 bytes, lcdio.o(.text.send_data))
<BR><BR>[Stack]<UL><LI>Max Depth = 80<LI>Call Chain = send_data &rArr; trigger_EN &rArr; atraso &rArr; delay_ms &rArr; __aeabi_idiv
</UL>
<BR>[Calls]<UL><LI><a href="#[99]">&gt;&gt;</a>&nbsp;&nbsp;&nbsp;trigger_EN
<LI><a href="#[61]">&gt;&gt;</a>&nbsp;&nbsp;&nbsp;atraso
</UL>
<BR>[Called By]<UL><LI><a href="#[75]">&gt;&gt;</a>&nbsp;&nbsp;&nbsp;edicaoTempoParada
<LI><a href="#[74]">&gt;&gt;</a>&nbsp;&nbsp;&nbsp;edicaoTempoViagem
<LI><a href="#[71]">&gt;&gt;</a>&nbsp;&nbsp;&nbsp;edicaoVel
<LI><a href="#[69]">&gt;&gt;</a>&nbsp;&nbsp;&nbsp;edicaoDist
<LI><a href="#[5f]">&gt;&gt;</a>&nbsp;&nbsp;&nbsp;send_string
<LI><a href="#[7c]">&gt;&gt;</a>&nbsp;&nbsp;&nbsp;lerSenha
</UL>

<P><STRONG><a name="[5f]"></a>send_string</STRONG> (Thumb, 38 bytes, Stack size 16 bytes, lcdio.o(.text.send_string))
<BR><BR>[Stack]<UL><LI>Max Depth = 96<LI>Call Chain = send_string &rArr; send_data &rArr; trigger_EN &rArr; atraso &rArr; delay_ms &rArr; __aeabi_idiv
</UL>
<BR>[Calls]<UL><LI><a href="#[6d]">&gt;&gt;</a>&nbsp;&nbsp;&nbsp;send_data
</UL>
<BR>[Called By]<UL><LI><a href="#[8b]">&gt;&gt;</a>&nbsp;&nbsp;&nbsp;realizar_viagem
<LI><a href="#[98]">&gt;&gt;</a>&nbsp;&nbsp;&nbsp;telaModosMaquinista
<LI><a href="#[79]">&gt;&gt;</a>&nbsp;&nbsp;&nbsp;telaTempoViagem
<LI><a href="#[77]">&gt;&gt;</a>&nbsp;&nbsp;&nbsp;telaTempoParada
<LI><a href="#[6c]">&gt;&gt;</a>&nbsp;&nbsp;&nbsp;telaNovaDist
<LI><a href="#[7b]">&gt;&gt;</a>&nbsp;&nbsp;&nbsp;telaNovaVel
<LI><a href="#[7a]">&gt;&gt;</a>&nbsp;&nbsp;&nbsp;telaEditarVel
<LI><a href="#[76]">&gt;&gt;</a>&nbsp;&nbsp;&nbsp;telaEditarTempoParada
<LI><a href="#[78]">&gt;&gt;</a>&nbsp;&nbsp;&nbsp;telaEditarTempoViagem
<LI><a href="#[73]">&gt;&gt;</a>&nbsp;&nbsp;&nbsp;telaEditarTempos
<LI><a href="#[6a]">&gt;&gt;</a>&nbsp;&nbsp;&nbsp;telaEditarDist
<LI><a href="#[6f]">&gt;&gt;</a>&nbsp;&nbsp;&nbsp;telaEditarParametros
<LI><a href="#[7d]">&gt;&gt;</a>&nbsp;&nbsp;&nbsp;telaAdmLogado
<LI><a href="#[7f]">&gt;&gt;</a>&nbsp;&nbsp;&nbsp;telaSenhaIncorreta
<LI><a href="#[7e]">&gt;&gt;</a>&nbsp;&nbsp;&nbsp;telaSenhaCorreta
<LI><a href="#[1c]">&gt;&gt;</a>&nbsp;&nbsp;&nbsp;PIT_IRQHandler
<LI><a href="#[8a]">&gt;&gt;</a>&nbsp;&nbsp;&nbsp;modoManual
<LI><a href="#[89]">&gt;&gt;</a>&nbsp;&nbsp;&nbsp;modoAuto
<LI><a href="#[87]">&gt;&gt;</a>&nbsp;&nbsp;&nbsp;telaArmMetro
</UL>

<P><STRONG><a name="[64]"></a>setup_PIT0</STRONG> (Thumb, 84 bytes, Stack size 16 bytes, timers.o(.text.setup_PIT0))
<BR><BR>[Stack]<UL><LI>Max Depth = 40<LI>Call Chain = setup_PIT0 &rArr; __NVIC_SetPriority
</UL>
<BR>[Calls]<UL><LI><a href="#[9c]">&gt;&gt;</a>&nbsp;&nbsp;&nbsp;__NVIC_EnableIRQ
<LI><a href="#[9b]">&gt;&gt;</a>&nbsp;&nbsp;&nbsp;__NVIC_ClearPendingIRQ
<LI><a href="#[9a]">&gt;&gt;</a>&nbsp;&nbsp;&nbsp;__NVIC_SetPriority
</UL>
<BR>[Called By]<UL><LI><a href="#[63]">&gt;&gt;</a>&nbsp;&nbsp;&nbsp;abrePortasEspera
</UL>

<P><STRONG><a name="[8c]"></a>setup_PIT0_modoManual</STRONG> (Thumb, 84 bytes, Stack size 16 bytes, timers.o(.text.setup_PIT0_modoManual))
<BR><BR>[Stack]<UL><LI>Max Depth = 40<LI>Call Chain = setup_PIT0_modoManual &rArr; __NVIC_SetPriority
</UL>
<BR>[Calls]<UL><LI><a href="#[9c]">&gt;&gt;</a>&nbsp;&nbsp;&nbsp;__NVIC_EnableIRQ
<LI><a href="#[9b]">&gt;&gt;</a>&nbsp;&nbsp;&nbsp;__NVIC_ClearPendingIRQ
<LI><a href="#[9a]">&gt;&gt;</a>&nbsp;&nbsp;&nbsp;__NVIC_SetPriority
</UL>
<BR>[Called By]<UL><LI><a href="#[8a]">&gt;&gt;</a>&nbsp;&nbsp;&nbsp;modoManual
</UL>

<P><STRONG><a name="[5a]"></a>setup_PIT1</STRONG> (Thumb, 84 bytes, Stack size 16 bytes, timers.o(.text.setup_PIT1))
<BR><BR>[Stack]<UL><LI>Max Depth = 40<LI>Call Chain = setup_PIT1 &rArr; __NVIC_SetPriority
</UL>
<BR>[Calls]<UL><LI><a href="#[9c]">&gt;&gt;</a>&nbsp;&nbsp;&nbsp;__NVIC_EnableIRQ
<LI><a href="#[9b]">&gt;&gt;</a>&nbsp;&nbsp;&nbsp;__NVIC_ClearPendingIRQ
<LI><a href="#[9a]">&gt;&gt;</a>&nbsp;&nbsp;&nbsp;__NVIC_SetPriority
</UL>
<BR>[Called By]<UL><LI><a href="#[1c]">&gt;&gt;</a>&nbsp;&nbsp;&nbsp;PIT_IRQHandler
</UL>

<P><STRONG><a name="[82]"></a>teclaDeboucing</STRONG> (Thumb, 116 bytes, Stack size 32 bytes, teclado.o(.text.teclaDeboucing))
<BR><BR>[Stack]<UL><LI>Max Depth = 72<LI>Call Chain = teclaDeboucing &rArr; atraso &rArr; delay_ms &rArr; __aeabi_idiv
</UL>
<BR>[Calls]<UL><LI><a href="#[61]">&gt;&gt;</a>&nbsp;&nbsp;&nbsp;atraso
</UL>
<BR>[Called By]<UL><LI><a href="#[81]">&gt;&gt;</a>&nbsp;&nbsp;&nbsp;ligaLinhas
</UL>

<P><STRONG><a name="[7d]"></a>telaAdmLogado</STRONG> (Thumb, 24 bytes, Stack size 8 bytes, lcdio.o(.text.telaAdmLogado))
<BR><BR>[Stack]<UL><LI>Max Depth = 104<LI>Call Chain = telaAdmLogado &rArr; send_string &rArr; send_data &rArr; trigger_EN &rArr; atraso &rArr; delay_ms &rArr; __aeabi_idiv
</UL>
<BR>[Calls]<UL><LI><a href="#[61]">&gt;&gt;</a>&nbsp;&nbsp;&nbsp;atraso
<LI><a href="#[5f]">&gt;&gt;</a>&nbsp;&nbsp;&nbsp;send_string
<LI><a href="#[80]">&gt;&gt;</a>&nbsp;&nbsp;&nbsp;limpa_reseta_cursor
</UL>
<BR>[Called By]<UL><LI><a href="#[7c]">&gt;&gt;</a>&nbsp;&nbsp;&nbsp;lerSenha
</UL>

<P><STRONG><a name="[87]"></a>telaArmMetro</STRONG> (Thumb, 24 bytes, Stack size 8 bytes, lcdio.o(.text.telaArmMetro))
<BR><BR>[Stack]<UL><LI>Max Depth = 104<LI>Call Chain = telaArmMetro &rArr; send_string &rArr; send_data &rArr; trigger_EN &rArr; atraso &rArr; delay_ms &rArr; __aeabi_idiv
</UL>
<BR>[Calls]<UL><LI><a href="#[5f]">&gt;&gt;</a>&nbsp;&nbsp;&nbsp;send_string
<LI><a href="#[5e]">&gt;&gt;</a>&nbsp;&nbsp;&nbsp;proxima_linha
<LI><a href="#[80]">&gt;&gt;</a>&nbsp;&nbsp;&nbsp;limpa_reseta_cursor
</UL>
<BR>[Called By]<UL><LI><a href="#[37]">&gt;&gt;</a>&nbsp;&nbsp;&nbsp;main
</UL>

<P><STRONG><a name="[6a]"></a>telaEditarDist</STRONG> (Thumb, 24 bytes, Stack size 8 bytes, lcdio.o(.text.telaEditarDist))
<BR><BR>[Stack]<UL><LI>Max Depth = 104<LI>Call Chain = telaEditarDist &rArr; send_string &rArr; send_data &rArr; trigger_EN &rArr; atraso &rArr; delay_ms &rArr; __aeabi_idiv
</UL>
<BR>[Calls]<UL><LI><a href="#[5f]">&gt;&gt;</a>&nbsp;&nbsp;&nbsp;send_string
<LI><a href="#[5e]">&gt;&gt;</a>&nbsp;&nbsp;&nbsp;proxima_linha
<LI><a href="#[80]">&gt;&gt;</a>&nbsp;&nbsp;&nbsp;limpa_reseta_cursor
</UL>
<BR>[Called By]<UL><LI><a href="#[69]">&gt;&gt;</a>&nbsp;&nbsp;&nbsp;edicaoDist
</UL>

<P><STRONG><a name="[6f]"></a>telaEditarParametros</STRONG> (Thumb, 24 bytes, Stack size 8 bytes, lcdio.o(.text.telaEditarParametros))
<BR><BR>[Stack]<UL><LI>Max Depth = 104<LI>Call Chain = telaEditarParametros &rArr; send_string &rArr; send_data &rArr; trigger_EN &rArr; atraso &rArr; delay_ms &rArr; __aeabi_idiv
</UL>
<BR>[Calls]<UL><LI><a href="#[5f]">&gt;&gt;</a>&nbsp;&nbsp;&nbsp;send_string
<LI><a href="#[5e]">&gt;&gt;</a>&nbsp;&nbsp;&nbsp;proxima_linha
<LI><a href="#[80]">&gt;&gt;</a>&nbsp;&nbsp;&nbsp;limpa_reseta_cursor
</UL>
<BR>[Called By]<UL><LI><a href="#[6e]">&gt;&gt;</a>&nbsp;&nbsp;&nbsp;edicaoParametros
</UL>

<P><STRONG><a name="[76]"></a>telaEditarTempoParada</STRONG> (Thumb, 24 bytes, Stack size 8 bytes, lcdio.o(.text.telaEditarTempoParada))
<BR><BR>[Stack]<UL><LI>Max Depth = 104<LI>Call Chain = telaEditarTempoParada &rArr; send_string &rArr; send_data &rArr; trigger_EN &rArr; atraso &rArr; delay_ms &rArr; __aeabi_idiv
</UL>
<BR>[Calls]<UL><LI><a href="#[5f]">&gt;&gt;</a>&nbsp;&nbsp;&nbsp;send_string
<LI><a href="#[5e]">&gt;&gt;</a>&nbsp;&nbsp;&nbsp;proxima_linha
<LI><a href="#[80]">&gt;&gt;</a>&nbsp;&nbsp;&nbsp;limpa_reseta_cursor
</UL>
<BR>[Called By]<UL><LI><a href="#[75]">&gt;&gt;</a>&nbsp;&nbsp;&nbsp;edicaoTempoParada
</UL>

<P><STRONG><a name="[78]"></a>telaEditarTempoViagem</STRONG> (Thumb, 24 bytes, Stack size 8 bytes, lcdio.o(.text.telaEditarTempoViagem))
<BR><BR>[Stack]<UL><LI>Max Depth = 104<LI>Call Chain = telaEditarTempoViagem &rArr; send_string &rArr; send_data &rArr; trigger_EN &rArr; atraso &rArr; delay_ms &rArr; __aeabi_idiv
</UL>
<BR>[Calls]<UL><LI><a href="#[5f]">&gt;&gt;</a>&nbsp;&nbsp;&nbsp;send_string
<LI><a href="#[5e]">&gt;&gt;</a>&nbsp;&nbsp;&nbsp;proxima_linha
<LI><a href="#[80]">&gt;&gt;</a>&nbsp;&nbsp;&nbsp;limpa_reseta_cursor
</UL>
<BR>[Called By]<UL><LI><a href="#[74]">&gt;&gt;</a>&nbsp;&nbsp;&nbsp;edicaoTempoViagem
</UL>

<P><STRONG><a name="[73]"></a>telaEditarTempos</STRONG> (Thumb, 20 bytes, Stack size 8 bytes, lcdio.o(.text.telaEditarTempos))
<BR><BR>[Stack]<UL><LI>Max Depth = 104<LI>Call Chain = telaEditarTempos &rArr; send_string &rArr; send_data &rArr; trigger_EN &rArr; atraso &rArr; delay_ms &rArr; __aeabi_idiv
</UL>
<BR>[Calls]<UL><LI><a href="#[5f]">&gt;&gt;</a>&nbsp;&nbsp;&nbsp;send_string
<LI><a href="#[5e]">&gt;&gt;</a>&nbsp;&nbsp;&nbsp;proxima_linha
<LI><a href="#[80]">&gt;&gt;</a>&nbsp;&nbsp;&nbsp;limpa_reseta_cursor
</UL>
<BR>[Called By]<UL><LI><a href="#[70]">&gt;&gt;</a>&nbsp;&nbsp;&nbsp;edicaoTempo
</UL>

<P><STRONG><a name="[7a]"></a>telaEditarVel</STRONG> (Thumb, 24 bytes, Stack size 8 bytes, lcdio.o(.text.telaEditarVel))
<BR><BR>[Stack]<UL><LI>Max Depth = 104<LI>Call Chain = telaEditarVel &rArr; send_string &rArr; send_data &rArr; trigger_EN &rArr; atraso &rArr; delay_ms &rArr; __aeabi_idiv
</UL>
<BR>[Calls]<UL><LI><a href="#[5f]">&gt;&gt;</a>&nbsp;&nbsp;&nbsp;send_string
<LI><a href="#[5e]">&gt;&gt;</a>&nbsp;&nbsp;&nbsp;proxima_linha
<LI><a href="#[80]">&gt;&gt;</a>&nbsp;&nbsp;&nbsp;limpa_reseta_cursor
</UL>
<BR>[Called By]<UL><LI><a href="#[71]">&gt;&gt;</a>&nbsp;&nbsp;&nbsp;edicaoVel
</UL>

<P><STRONG><a name="[98]"></a>telaModosMaquinista</STRONG> (Thumb, 24 bytes, Stack size 8 bytes, lcdio.o(.text.telaModosMaquinista))
<BR><BR>[Stack]<UL><LI>Max Depth = 104<LI>Call Chain = telaModosMaquinista &rArr; send_string &rArr; send_data &rArr; trigger_EN &rArr; atraso &rArr; delay_ms &rArr; __aeabi_idiv
</UL>
<BR>[Calls]<UL><LI><a href="#[5f]">&gt;&gt;</a>&nbsp;&nbsp;&nbsp;send_string
<LI><a href="#[5e]">&gt;&gt;</a>&nbsp;&nbsp;&nbsp;proxima_linha
<LI><a href="#[80]">&gt;&gt;</a>&nbsp;&nbsp;&nbsp;limpa_reseta_cursor
</UL>
<BR>[Called By]<UL><LI><a href="#[88]">&gt;&gt;</a>&nbsp;&nbsp;&nbsp;selecaoModoMaquinista
</UL>

<P><STRONG><a name="[6c]"></a>telaNovaDist</STRONG> (Thumb, 20 bytes, Stack size 8 bytes, lcdio.o(.text.telaNovaDist))
<BR><BR>[Stack]<UL><LI>Max Depth = 104<LI>Call Chain = telaNovaDist &rArr; send_string &rArr; send_data &rArr; trigger_EN &rArr; atraso &rArr; delay_ms &rArr; __aeabi_idiv
</UL>
<BR>[Calls]<UL><LI><a href="#[5f]">&gt;&gt;</a>&nbsp;&nbsp;&nbsp;send_string
<LI><a href="#[5e]">&gt;&gt;</a>&nbsp;&nbsp;&nbsp;proxima_linha
<LI><a href="#[80]">&gt;&gt;</a>&nbsp;&nbsp;&nbsp;limpa_reseta_cursor
</UL>
<BR>[Called By]<UL><LI><a href="#[69]">&gt;&gt;</a>&nbsp;&nbsp;&nbsp;edicaoDist
</UL>

<P><STRONG><a name="[7b]"></a>telaNovaVel</STRONG> (Thumb, 20 bytes, Stack size 8 bytes, lcdio.o(.text.telaNovaVel))
<BR><BR>[Stack]<UL><LI>Max Depth = 104<LI>Call Chain = telaNovaVel &rArr; send_string &rArr; send_data &rArr; trigger_EN &rArr; atraso &rArr; delay_ms &rArr; __aeabi_idiv
</UL>
<BR>[Calls]<UL><LI><a href="#[5f]">&gt;&gt;</a>&nbsp;&nbsp;&nbsp;send_string
<LI><a href="#[5e]">&gt;&gt;</a>&nbsp;&nbsp;&nbsp;proxima_linha
<LI><a href="#[80]">&gt;&gt;</a>&nbsp;&nbsp;&nbsp;limpa_reseta_cursor
</UL>
<BR>[Called By]<UL><LI><a href="#[71]">&gt;&gt;</a>&nbsp;&nbsp;&nbsp;edicaoVel
</UL>

<P><STRONG><a name="[7e]"></a>telaSenhaCorreta</STRONG> (Thumb, 24 bytes, Stack size 8 bytes, lcdio.o(.text.telaSenhaCorreta))
<BR><BR>[Stack]<UL><LI>Max Depth = 104<LI>Call Chain = telaSenhaCorreta &rArr; send_string &rArr; send_data &rArr; trigger_EN &rArr; atraso &rArr; delay_ms &rArr; __aeabi_idiv
</UL>
<BR>[Calls]<UL><LI><a href="#[61]">&gt;&gt;</a>&nbsp;&nbsp;&nbsp;atraso
<LI><a href="#[5f]">&gt;&gt;</a>&nbsp;&nbsp;&nbsp;send_string
<LI><a href="#[80]">&gt;&gt;</a>&nbsp;&nbsp;&nbsp;limpa_reseta_cursor
</UL>
<BR>[Called By]<UL><LI><a href="#[7c]">&gt;&gt;</a>&nbsp;&nbsp;&nbsp;lerSenha
</UL>

<P><STRONG><a name="[7f]"></a>telaSenhaIncorreta</STRONG> (Thumb, 24 bytes, Stack size 8 bytes, lcdio.o(.text.telaSenhaIncorreta))
<BR><BR>[Stack]<UL><LI>Max Depth = 104<LI>Call Chain = telaSenhaIncorreta &rArr; send_string &rArr; send_data &rArr; trigger_EN &rArr; atraso &rArr; delay_ms &rArr; __aeabi_idiv
</UL>
<BR>[Calls]<UL><LI><a href="#[61]">&gt;&gt;</a>&nbsp;&nbsp;&nbsp;atraso
<LI><a href="#[5f]">&gt;&gt;</a>&nbsp;&nbsp;&nbsp;send_string
<LI><a href="#[80]">&gt;&gt;</a>&nbsp;&nbsp;&nbsp;limpa_reseta_cursor
</UL>
<BR>[Called By]<UL><LI><a href="#[7c]">&gt;&gt;</a>&nbsp;&nbsp;&nbsp;lerSenha
</UL>

<P><STRONG><a name="[77]"></a>telaTempoParada</STRONG> (Thumb, 20 bytes, Stack size 8 bytes, lcdio.o(.text.telaTempoParada))
<BR><BR>[Stack]<UL><LI>Max Depth = 104<LI>Call Chain = telaTempoParada &rArr; send_string &rArr; send_data &rArr; trigger_EN &rArr; atraso &rArr; delay_ms &rArr; __aeabi_idiv
</UL>
<BR>[Calls]<UL><LI><a href="#[5f]">&gt;&gt;</a>&nbsp;&nbsp;&nbsp;send_string
<LI><a href="#[5e]">&gt;&gt;</a>&nbsp;&nbsp;&nbsp;proxima_linha
<LI><a href="#[80]">&gt;&gt;</a>&nbsp;&nbsp;&nbsp;limpa_reseta_cursor
</UL>
<BR>[Called By]<UL><LI><a href="#[75]">&gt;&gt;</a>&nbsp;&nbsp;&nbsp;edicaoTempoParada
</UL>

<P><STRONG><a name="[79]"></a>telaTempoViagem</STRONG> (Thumb, 20 bytes, Stack size 8 bytes, lcdio.o(.text.telaTempoViagem))
<BR><BR>[Stack]<UL><LI>Max Depth = 104<LI>Call Chain = telaTempoViagem &rArr; send_string &rArr; send_data &rArr; trigger_EN &rArr; atraso &rArr; delay_ms &rArr; __aeabi_idiv
</UL>
<BR>[Calls]<UL><LI><a href="#[5f]">&gt;&gt;</a>&nbsp;&nbsp;&nbsp;send_string
<LI><a href="#[5e]">&gt;&gt;</a>&nbsp;&nbsp;&nbsp;proxima_linha
<LI><a href="#[80]">&gt;&gt;</a>&nbsp;&nbsp;&nbsp;limpa_reseta_cursor
</UL>
<BR>[Called By]<UL><LI><a href="#[74]">&gt;&gt;</a>&nbsp;&nbsp;&nbsp;edicaoTempoViagem
</UL>

<P><STRONG><a name="[5d]"></a>tostring</STRONG> (Thumb, 124 bytes, Stack size 40 bytes, rotinas_viagem.o(.text.tostring))
<BR><BR>[Stack]<UL><LI>Max Depth = 48<LI>Call Chain = tostring &rArr; __aeabi_idivmod
</UL>
<BR>[Calls]<UL><LI><a href="#[9d]">&gt;&gt;</a>&nbsp;&nbsp;&nbsp;__aeabi_idivmod
<LI><a href="#[68]">&gt;&gt;</a>&nbsp;&nbsp;&nbsp;__aeabi_idiv
</UL>
<BR>[Called By]<UL><LI><a href="#[8b]">&gt;&gt;</a>&nbsp;&nbsp;&nbsp;realizar_viagem
<LI><a href="#[1c]">&gt;&gt;</a>&nbsp;&nbsp;&nbsp;PIT_IRQHandler
</UL>

<P><STRONG><a name="[99]"></a>trigger_EN</STRONG> (Thumb, 48 bytes, Stack size 16 bytes, lcdio.o(.text.trigger_EN))
<BR><BR>[Stack]<UL><LI>Max Depth = 56<LI>Call Chain = trigger_EN &rArr; atraso &rArr; delay_ms &rArr; __aeabi_idiv
</UL>
<BR>[Calls]<UL><LI><a href="#[61]">&gt;&gt;</a>&nbsp;&nbsp;&nbsp;atraso
</UL>
<BR>[Called By]<UL><LI><a href="#[6d]">&gt;&gt;</a>&nbsp;&nbsp;&nbsp;send_data
<LI><a href="#[60]">&gt;&gt;</a>&nbsp;&nbsp;&nbsp;send_command
</UL>

<P><STRONG><a name="[97]"></a>__aeabi_dcmpge</STRONG> (Thumb, 0 bytes, Stack size 8 bytes, dcmp.o(i._dgeq))
<BR><BR>[Stack]<UL><LI>Max Depth = 8<LI>Call Chain = __aeabi_dcmpge
</UL>
<BR>[Called By]<UL><LI><a href="#[8b]">&gt;&gt;</a>&nbsp;&nbsp;&nbsp;realizar_viagem
</UL>

<P><STRONG><a name="[9e]"></a>_dgeq</STRONG> (Thumb, 22 bytes, Stack size 8 bytes, dcmp.o(i._dgeq), UNUSED)
<BR><BR>[Calls]<UL><LI><a href="#[9f]">&gt;&gt;</a>&nbsp;&nbsp;&nbsp;_dcmpge
</UL>

<P><STRONG><a name="[29]"></a>_get_lc_ctype</STRONG> (Thumb, 44 bytes, Stack size 8 bytes, lc_ctype_c.o(locale$$code))
<BR><BR>[Stack]<UL><LI>Max Depth = 24<LI>Call Chain = _get_lc_ctype &rArr; strcmp
</UL>
<BR>[Calls]<UL><LI><a href="#[59]">&gt;&gt;</a>&nbsp;&nbsp;&nbsp;strcmp
</UL>
<BR>[Called By]<UL><LI><a href="#[31]">&gt;&gt;</a>&nbsp;&nbsp;&nbsp;__rt_lib_init_lc_ctype_2
</UL>
<BR>[Address Reference Count : 1]<UL><LI> rt_ctype_table.o(.text)
</UL>
<P><STRONG><a name="[9f]"></a>_dcmpge</STRONG> (Thumb, 94 bytes, Stack size 24 bytes, dgef.o(x$fpl$dgeqf), UNUSED)
<BR><BR>[Calls]<UL><LI><a href="#[52]">&gt;&gt;</a>&nbsp;&nbsp;&nbsp;__fpl_dcmp_InfNaN
</UL>
<BR>[Called By]<UL><LI><a href="#[9e]">&gt;&gt;</a>&nbsp;&nbsp;&nbsp;_dgeq
</UL>

<P><STRONG><a name="[90]"></a>__aeabi_fadd</STRONG> (Thumb, 0 bytes, Stack size 16 bytes, faddsub.o(x$fpl$fadd))
<BR><BR>[Stack]<UL><LI>Max Depth = 16<LI>Call Chain = __aeabi_fadd
</UL>
<BR>[Called By]<UL><LI><a href="#[86]">&gt;&gt;</a>&nbsp;&nbsp;&nbsp;pwm_motor
</UL>

<P><STRONG><a name="[a0]"></a>_fadd</STRONG> (Thumb, 134 bytes, Stack size 16 bytes, faddsub.o(x$fpl$fadd), UNUSED)
<BR><BR>[Calls]<UL><LI><a href="#[a1]">&gt;&gt;</a>&nbsp;&nbsp;&nbsp;_fsub1
</UL>

<P><STRONG><a name="[8e]"></a>__aeabi_fmul</STRONG> (Thumb, 0 bytes, Stack size 16 bytes, fmul.o(x$fpl$fmul))
<BR><BR>[Stack]<UL><LI>Max Depth = 16<LI>Call Chain = __aeabi_fmul
</UL>
<BR>[Called By]<UL><LI><a href="#[8b]">&gt;&gt;</a>&nbsp;&nbsp;&nbsp;realizar_viagem
<LI><a href="#[86]">&gt;&gt;</a>&nbsp;&nbsp;&nbsp;pwm_motor
</UL>

<P><STRONG><a name="[dc]"></a>_fmul</STRONG> (Thumb, 172 bytes, Stack size 16 bytes, fmul.o(x$fpl$fmul), UNUSED)

<P><STRONG><a name="[dd]"></a>__aeabi_fsub</STRONG> (Thumb, 0 bytes, Stack size 16 bytes, faddsub.o(x$fpl$fsub), UNUSED)

<P><STRONG><a name="[a2]"></a>_fsub</STRONG> (Thumb, 204 bytes, Stack size 16 bytes, faddsub.o(x$fpl$fsub), UNUSED)
<BR><BR>[Calls]<UL><LI><a href="#[a3]">&gt;&gt;</a>&nbsp;&nbsp;&nbsp;_fadd1
</UL>
<P>
<H3>
Local Symbols
</H3>
<P><STRONG><a name="[83]"></a>__NVIC_SetPriority</STRONG> (Thumb, 124 bytes, Stack size 24 bytes, main.o(.text.__NVIC_SetPriority))
<BR><BR>[Stack]<UL><LI>Max Depth = 24<LI>Call Chain = __NVIC_SetPriority
</UL>
<BR>[Called By]<UL><LI><a href="#[37]">&gt;&gt;</a>&nbsp;&nbsp;&nbsp;main
</UL>

<P><STRONG><a name="[84]"></a>__NVIC_EnableIRQ</STRONG> (Thumb, 40 bytes, Stack size 4 bytes, main.o(.text.__NVIC_EnableIRQ))
<BR><BR>[Stack]<UL><LI>Max Depth = 4<LI>Call Chain = __NVIC_EnableIRQ
</UL>
<BR>[Called By]<UL><LI><a href="#[37]">&gt;&gt;</a>&nbsp;&nbsp;&nbsp;main
</UL>

<P><STRONG><a name="[9a]"></a>__NVIC_SetPriority</STRONG> (Thumb, 124 bytes, Stack size 24 bytes, timers.o(.text.__NVIC_SetPriority))
<BR><BR>[Stack]<UL><LI>Max Depth = 24<LI>Call Chain = __NVIC_SetPriority
</UL>
<BR>[Called By]<UL><LI><a href="#[8c]">&gt;&gt;</a>&nbsp;&nbsp;&nbsp;setup_PIT0_modoManual
<LI><a href="#[64]">&gt;&gt;</a>&nbsp;&nbsp;&nbsp;setup_PIT0
<LI><a href="#[5a]">&gt;&gt;</a>&nbsp;&nbsp;&nbsp;setup_PIT1
</UL>

<P><STRONG><a name="[9b]"></a>__NVIC_ClearPendingIRQ</STRONG> (Thumb, 40 bytes, Stack size 4 bytes, timers.o(.text.__NVIC_ClearPendingIRQ))
<BR><BR>[Stack]<UL><LI>Max Depth = 4<LI>Call Chain = __NVIC_ClearPendingIRQ
</UL>
<BR>[Called By]<UL><LI><a href="#[8c]">&gt;&gt;</a>&nbsp;&nbsp;&nbsp;setup_PIT0_modoManual
<LI><a href="#[64]">&gt;&gt;</a>&nbsp;&nbsp;&nbsp;setup_PIT0
<LI><a href="#[5a]">&gt;&gt;</a>&nbsp;&nbsp;&nbsp;setup_PIT1
</UL>

<P><STRONG><a name="[9c]"></a>__NVIC_EnableIRQ</STRONG> (Thumb, 40 bytes, Stack size 4 bytes, timers.o(.text.__NVIC_EnableIRQ))
<BR><BR>[Stack]<UL><LI>Max Depth = 4<LI>Call Chain = __NVIC_EnableIRQ
</UL>
<BR>[Called By]<UL><LI><a href="#[8c]">&gt;&gt;</a>&nbsp;&nbsp;&nbsp;setup_PIT0_modoManual
<LI><a href="#[64]">&gt;&gt;</a>&nbsp;&nbsp;&nbsp;setup_PIT0
<LI><a href="#[5a]">&gt;&gt;</a>&nbsp;&nbsp;&nbsp;setup_PIT1
</UL>

<P><STRONG><a name="[45]"></a>_dadd1</STRONG> (Thumb, 290 bytes, Stack size 20 bytes, daddsub.o(.text), UNUSED)
<BR><BR>[Called By]<UL><LI><a href="#[47]">&gt;&gt;</a>&nbsp;&nbsp;&nbsp;_drsb
<LI><a href="#[46]">&gt;&gt;</a>&nbsp;&nbsp;&nbsp;_dsub
<LI><a href="#[43]">&gt;&gt;</a>&nbsp;&nbsp;&nbsp;_dadd
</UL>

<P><STRONG><a name="[44]"></a>_dsub1</STRONG> (Thumb, 470 bytes, Stack size 40 bytes, daddsub.o(.text), UNUSED)
<BR><BR>[Called By]<UL><LI><a href="#[47]">&gt;&gt;</a>&nbsp;&nbsp;&nbsp;_drsb
<LI><a href="#[46]">&gt;&gt;</a>&nbsp;&nbsp;&nbsp;_dsub
<LI><a href="#[43]">&gt;&gt;</a>&nbsp;&nbsp;&nbsp;_dadd
</UL>

<P><STRONG><a name="[a3]"></a>_fadd1</STRONG> (Thumb, 0 bytes, Stack size unknown bytes, faddsub.o(x$fpl$fadd), UNUSED)
<BR><BR>[Called By]<UL><LI><a href="#[a2]">&gt;&gt;</a>&nbsp;&nbsp;&nbsp;_fsub
</UL>

<P><STRONG><a name="[a1]"></a>_fsub1</STRONG> (Thumb, 0 bytes, Stack size unknown bytes, faddsub.o(x$fpl$fsub), UNUSED)
<BR><BR>[Called By]<UL><LI><a href="#[a0]">&gt;&gt;</a>&nbsp;&nbsp;&nbsp;_fadd
</UL>
<P>
<H3>
Undefined Global Symbols
</H3>
<P><STRONG><a name="[56]"></a>_call_atexit_fns</STRONG> (ARM, 0 bytes, Stack size 0 bytes, UNDEFINED)
<BR><BR>[Called By]<UL><LI><a href="#[38]">&gt;&gt;</a>&nbsp;&nbsp;&nbsp;exit
</UL>
<HR></body></html>
