Component: Arm Compiler for Embedded 6.19 Tool: armlink [5e73cb00]

==============================================================================

Section Cross References

    main.o(.text.main) refers to controle_motor.o(.text.RTC_timer_configura) for RTC_timer_configura
    main.o(.text.main) refers to main.o(.text.__NVIC_SetPriority) for __NVIC_SetPriority
    main.o(.text.main) refers to main.o(.text.__NVIC_EnableIRQ) for __NVIC_EnableIRQ
    main.o(.text.main) refers to lcdio.o(.text.config_lcd_padrao) for config_lcd_padrao
    main.o(.text.main) refers to lcdio.o(.text.limpa_reseta_cursor) for limpa_reseta_cursor
    main.o(.text.main) refers to controle_motor.o(.text.configura_motor) for configura_motor
    main.o(.text.main) refers to strcmp.o(.text) for strcmp
    main.o(.text.main) refers to controle_motor.o(.text.pwm_motor) for pwm_motor
    main.o(.text.main) refers to lcdio.o(.text.telaArmMetro) for telaArmMetro
    main.o(.text.main) refers to validacao_senhas.o(.text.lerSenha) for lerSenha
    main.o(.text.main) refers to validacao_senhas.o(.text.selecaoModoMaquinista) for selecaoModoMaquinista
    main.o(.text.main) refers to validacao_senhas.o(.text.edicaoParametros) for edicaoParametros
    main.o(.text.main) refers to validacao_senhas.o(.text.modoAuto) for modoAuto
    main.o(.text.main) refers to controle_motor.o(.bss.distancia) for distancia
    main.o(.text.main) refers to controle_motor.o(.bss.tempoFaltando) for tempoFaltando
    main.o(.text.main) refers to controle_motor.o(.bss.tempoEntrePulsos) for tempoEntrePulsos
    main.o(.text.main) refers to controle_motor.o(.bss.pulsos) for pulsos
    main.o(.text.main) refers to controle_motor.o(.bss.rotacoes_80kmh) for rotacoes_80kmh
    main.o(.text.main) refers to controle_motor.o(.bss.rotacoes_0kmh) for rotacoes_0kmh
    main.o(.text.main) refers to controle_motor.o(.bss.motor_calibrado) for motor_calibrado
    main.o(.text.main) refers to controle_motor.o(.bss.velocidadeAtual) for velocidadeAtual
    main.o(.text.main) refers to validacao_senhas.o(.data.estado) for estado
    main.o(.text.main) refers to main.o(.rodata.str1.1) for [Anonymous Symbol]
    main.o(.ARM.exidx.text.main) refers to main.o(.text.main) for [Anonymous Symbol]
    main.o(.ARM.exidx.text.__NVIC_SetPriority) refers to main.o(.text.__NVIC_SetPriority) for [Anonymous Symbol]
    main.o(.ARM.exidx.text.__NVIC_EnableIRQ) refers to main.o(.text.__NVIC_EnableIRQ) for [Anonymous Symbol]
    main.o(.text.PIT_IRQHandler) refers to timers.o(.text.setup_PIT1) for setup_PIT1
    main.o(.text.PIT_IRQHandler) refers to timers.o(.text.desliga_PIT0) for desliga_PIT0
    main.o(.text.PIT_IRQHandler) refers to timers.o(.text.desliga_PIT1) for desliga_PIT1
    main.o(.text.PIT_IRQHandler) refers to main.o(.bss.contagemBlinkLed) for contagemBlinkLed
    main.o(.text.PIT_IRQHandler) refers to validacao_senhas.o(.bss.portas_abertas) for portas_abertas
    main.o(.ARM.exidx.text.PIT_IRQHandler) refers to main.o(.text.PIT_IRQHandler) for [Anonymous Symbol]
    main.o(.text.PORTA_IRQHandler) refers to timers.o(.text.atraso) for atraso
    main.o(.text.PORTA_IRQHandler) refers to timers.o(.text.desliga_PIT0) for desliga_PIT0
    main.o(.text.PORTA_IRQHandler) refers to timers.o(.text.desliga_PIT1) for desliga_PIT1
    main.o(.text.PORTA_IRQHandler) refers to main.o(.bss.contagemBlinkLed) for contagemBlinkLed
    main.o(.ARM.exidx.text.PORTA_IRQHandler) refers to main.o(.text.PORTA_IRQHandler) for [Anonymous Symbol]
    validacao_senhas.o(.text.lerSenha) refers to teclado.o(.text.lerTeclado) for lerTeclado
    validacao_senhas.o(.text.lerSenha) refers to lcdio.o(.text.send_data) for send_data
    validacao_senhas.o(.text.lerSenha) refers to strcmp.o(.text) for strcmp
    validacao_senhas.o(.text.lerSenha) refers to strcpy.o(.text) for strcpy
    validacao_senhas.o(.text.lerSenha) refers to lcdio.o(.text.telaAdmLogado) for telaAdmLogado
    validacao_senhas.o(.text.lerSenha) refers to lcdio.o(.text.telaSenhaCorreta) for telaSenhaCorreta
    validacao_senhas.o(.text.lerSenha) refers to lcdio.o(.text.telaSenhaIncorreta) for telaSenhaIncorreta
    validacao_senhas.o(.text.lerSenha) refers to lcdio.o(.text.limpa_reseta_cursor) for limpa_reseta_cursor
    validacao_senhas.o(.text.lerSenha) refers to validacao_senhas.o(.bss.nr_digitados) for nr_digitados
    validacao_senhas.o(.text.lerSenha) refers to teclado.o(.bss.tecla) for tecla
    validacao_senhas.o(.text.lerSenha) refers to validacao_senhas.o(.bss.senha) for senha
    validacao_senhas.o(.text.lerSenha) refers to validacao_senhas.o(.data.senhaAdm) for senhaAdm
    validacao_senhas.o(.text.lerSenha) refers to validacao_senhas.o(.data.estado) for estado
    validacao_senhas.o(.text.lerSenha) refers to validacao_senhas.o(.rodata.str1.1) for [Anonymous Symbol]
    validacao_senhas.o(.text.lerSenha) refers to validacao_senhas.o(.data.senhaOp1) for senhaOp1
[...]
    ../clib/signal.c                         0x00000000   Number         0  defsig_rtred_inner.o ABSOLUTE
    ../clib/signal.c                         0x00000000   Number         0  defsig_rtmem_inner.o ABSOLUTE
    ../clib/signal.c                         0x00000000   Number         0  defsig_rtmem_outer.o ABSOLUTE
    ../clib/signal.c                         0x00000000   Number         0  defsig_rtmem_formal.o ABSOLUTE
    ../clib/signal.c                         0x00000000   Number         0  defsig_stak_inner.o ABSOLUTE
    ../clib/signal.c                         0x00000000   Number         0  defsig_pvfn_inner.o ABSOLUTE
    ../clib/signal.c                         0x00000000   Number         0  defsig_cppl_inner.o ABSOLUTE
    ../clib/signal.c                         0x00000000   Number         0  defsig_segv_inner.o ABSOLUTE
    ../clib/signal.c                         0x00000000   Number         0  defsig_other.o ABSOLUTE
    ../clib/signal.s                         0x00000000   Number         0  defsig.o ABSOLUTE
    ../clib/stdlib.c                         0x00000000   Number         0  exit.o ABSOLUTE
    ../clib/string.c                         0x00000000   Number         0  strcpy.o ABSOLUTE
    ../clib/string.c                         0x00000000   Number         0  strcmp.o ABSOLUTE
    ../fplib/cfplib/cmp.c                    0x00000000   Number         0  dcmp.o ABSOLUTE
    ../fplib/cfplib/cmpret.c                 0x00000000   Number         0  cmpret.o ABSOLUTE
    ../fplib/cfplib/d2f.c                    0x00000000   Number         0  d2f.o ABSOLUTE
    ../fplib/cfplib/daddsub.c                0x00000000   Number         0  daddsub.o ABSOLUTE
    ../fplib/cfplib/dcmpin.c                 0x00000000   Number         0  dcmpin.o ABSOLUTE
    ../fplib/cfplib/ddiv.c                   0x00000000   Number         0  ddiv.o ABSOLUTE
    ../fplib/cfplib/fdiv.c                   0x00000000   Number         0  fdiv.o ABSOLUTE
    ../fplib/cfplib/ffix.c                   0x00000000   Number         0  dfixi.o ABSOLUTE
    ../fplib/cfplib/ffix.c                   0x00000000   Number         0  ffixi.o ABSOLUTE
    ../fplib/cfplib/fflt.c                   0x00000000   Number         0  dflti.o ABSOLUTE
    ../fplib/cfplib/fflt.c                   0x00000000   Number         0  fflti.o ABSOLUTE
    ../fplib/cfplib/fpinit.c                 0x00000000   Number         0  fpinit.o ABSOLUTE
    ../fplib/cfplib/nan2.c                   0x00000000   Number         0  dnan2.o ABSOLUTE
    ../fplib/cfplib/retnan.c                 0x00000000   Number         0  retnan.o ABSOLUTE
    ../fplib/deqf6m.s                        0x00000000   Number         0  deqf.o ABSOLUTE
    ../fplib/dgeqf6m.s                       0x00000000   Number         0  dgef.o ABSOLUTE
    ../fplib/dleqf6m.s                       0x00000000   Number         0  dlef.o ABSOLUTE
    ../fplib/faddsub6m.s                     0x00000000   Number         0  faddsub.o ABSOLUTE
    ../fplib/fmul6m.s                        0x00000000   Number         0  fmul.o ABSOLUTE
    ../fplib/usenofp.s                       0x00000000   Number         0  usenofp.o ABSOLUTE
    RTE/Device/MKL25Z128xxx4/startup_MKL25Z4.s 0x00000000   Number         0  startup_mkl25z4.o ABSOLUTE
    controle_motor.c                         0x00000000   Number         0  controle_motor.o ABSOLUTE
    dc.s                                     0x00000000   Number         0  dc.o ABSOLUTE
    lcdio.c                                  0x00000000   Number         0  lcdio.o ABSOLUTE
    main.c                                   0x00000000   Number         0  main.o ABSOLUTE
    subRotinaAdm.c                           0x00000000   Number         0  subrotinaadm.o ABSOLUTE
    system_MKL25Z4.c                         0x00000000   Number         0  system_mkl25z4.o ABSOLUTE
    teclado.c                                0x00000000   Number         0  teclado.o ABSOLUTE
    timers.c                                 0x00000000   Number         0  timers.o ABSOLUTE
    validacao_senhas.c                       0x00000000   Number         0  validacao_senhas.o ABSOLUTE
    RESET                                    0x00000000   Section      192  startup_mkl25z4.o(RESET)
    !!!main                                  0x000000c0   Section        8  __main.o(!!!main)
    !!!scatter                               0x000000c8   Section       60  __scatter.o(!!!scatter)
    !!handler_copy                           0x00000104   Section       26  __scatter_copy.o(!!handler_copy)
    !!handler_zi                             0x00000120   Section       28  __scatter_zi.o(!!handler_zi)
    .ARM.Collect$$libinit$$00000000          0x0000013c   Section        2  libinit.o(.ARM.Collect$$libinit$$00000000)
    .ARM.Collect$$libinit$$00000002          0x0000013e   Section        0  libinit2.o(.ARM.Collect$$libinit$$00000002)
    .ARM.Collect$$libinit$$00000004          0x0000013e   Section        0  libinit2.o(.ARM.Collect$$libinit$$00000004)
    .ARM.Collect$$libinit$$00000006          0x0000013e   Section        0  libinit2.o(.ARM.Collect$$libinit$$00000006)
    .ARM.Collect$$libinit$$0000000C          0x0000013e   Section        0  libinit2.o(.ARM.Collect$$libinit$$0000000C)
    .ARM.Collect$$libinit$$0000000E          0x0000013e   Section        0  libinit2.o(.ARM.Collect$$libinit$$0000000E)
    .ARM.Collect$$libinit$$00000010          0x0000013e   Section        0  libinit2.o(.ARM.Collect$$libinit$$00000010)
    .ARM.Collect$$libinit$$00000011          0x0000013e   Section        6  libinit2.o(.ARM.Collect$$libinit$$00000011)
    .ARM.Collect$$libinit$$00000013          0x00000144   Section        0  libinit2.o(.ARM.Collect$$libinit$$00000013)
    .ARM.Collect$$libinit$$00000014          0x00000144   Section       12  libinit2.o(.ARM.Collect$$libinit$$00000014)
    .ARM.Collect$$libinit$$00000015          0x00000150   Section        0  libinit2.o(.ARM.Collect$$libinit$$00000015)
    .ARM.Collect$$libinit$$00000017          0x00000150   Section        0  libinit2.o(.ARM.Collect$$libinit$$00000017)
    .ARM.Collect$$libinit$$00000019          0x00000150   Section        0  libinit2.o(.ARM.Collect$$libinit$$00000019)
    .ARM.Collect$$libinit$$0000001B          0x00000150   Section        0  libinit2.o(.ARM.Collect$$libinit$$0000001B)
    .ARM.Collect$$libinit$$0000001D          0x00000150   Section        0  libinit2.o(.ARM.Collect$$libinit$$0000001D)
    .ARM.Collect$$libinit$$0000001F          0x00000150   Section        0  libinit2.o(.ARM.Collect$$libinit$$0000001F)
    .ARM.Collect$$libinit$$00000021          0x00000150   Section        0  libinit2.o(.ARM.Collect$$libinit$$00000021)
    .ARM.Collect$$libinit$$00000023          0x00000150   Section        0  libinit2.o(.ARM.Collect$$libinit$$00000023)
    .ARM.Collect$$libinit$$00000025          0x00000150   Section        0  libinit2.o(.ARM.Collect$$libinit$$00000025)
    .ARM.Collect$$libinit$$00000027          0x00000150   Section        0  libinit2.o(.ARM.Collect$$libinit$$00000027)
    .ARM.Collect$$libinit$$0000002E          0x00000150   Section        0  libinit2.o(.ARM.Collect$$libinit$$0000002E)
    .ARM.Collect$$libinit$$00000030          0x00000150   Section        0  libinit2.o(.ARM.Collect$$libinit$$00000030)
    .ARM.Collect$$libinit$$00000032          0x00000150   Section        0  libinit2.o(.ARM.Collect$$libinit$$00000032)
    .ARM.Collect$$libinit$$00000034          0x00000150   Section        0  libinit2.o(.ARM.Collect$$libinit$$00000034)
    .ARM.Collect$$libinit$$00000035          0x00000150   Section        2  libinit2.o(.ARM.Collect$$libinit$$00000035)
    .ARM.Collect$$libshutdown$$00000000      0x00000152   Section        2  libshutdown.o(.ARM.Collect$$libshutdown$$00000000)
    .ARM.Collect$$libshutdown$$00000002      0x00000154   Section        0  libshutdown2.o(.ARM.Collect$$libshutdown$$00000002)
    .ARM.Collect$$libshutdown$$00000004      0x00000154   Section        0  libshutdown2.o(.ARM.Collect$$libshutdown$$00000004)
    .ARM.Collect$$libshutdown$$00000007      0x00000154   Section        0  libshutdown2.o(.ARM.Collect$$libshutdown$$00000007)
    .ARM.Collect$$libshutdown$$0000000A      0x00000154   Section        0  libshutdown2.o(.ARM.Collect$$libshutdown$$0000000A)
    .ARM.Collect$$libshutdown$$0000000C      0x00000154   Section        0  libshutdown2.o(.ARM.Collect$$libshutdown$$0000000C)
    .ARM.Collect$$libshutdown$$0000000F      0x00000154   Section        0  libshutdown2.o(.ARM.Collect$$libshutdown$$0000000F)
    .ARM.Collect$$libshutdown$$00000010      0x00000154   Section        2  libshutdown2.o(.ARM.Collect$$libshutdown$$00000010)
    .ARM.Collect$$rtentry$$00000000          0x00000156   Section        0  __rtentry.o(.ARM.Collect$$rtentry$$00000000)
    .ARM.Collect$$rtentry$$00000002          0x00000156   Section        0  __rtentry2.o(.ARM.Collect$$rtentry$$00000002)
    .ARM.Collect$$rtentry$$00000004          0x00000156   Section        6  __rtentry4.o(.ARM.Collect$$rtentry$$00000004)
    .ARM.Collect$$rtentry$$00000009          0x0000015c   Section        0  __rtentry2.o(.ARM.Collect$$rtentry$$00000009)
    .ARM.Collect$$rtentry$$0000000A          0x0000015c   Section        4  __rtentry2.o(.ARM.Collect$$rtentry$$0000000A)
    .ARM.Collect$$rtentry$$0000000C          0x00000160   Section        0  __rtentry2.o(.ARM.Collect$$rtentry$$0000000C)
    .ARM.Collect$$rtentry$$0000000D          0x00000160   Section        8  __rtentry2.o(.ARM.Collect$$rtentry$$0000000D)
    .ARM.Collect$$rtexit$$00000000           0x00000168   Section        2  rtexit.o(.ARM.Collect$$rtexit$$00000000)
    .ARM.Collect$$rtexit$$00000002           0x0000016a   Section        0  rtexit2.o(.ARM.Collect$$rtexit$$00000002)
    .ARM.Collect$$rtexit$$00000003           0x0000016a   Section        4  rtexit2.o(.ARM.Collect$$rtexit$$00000003)
    .ARM.Collect$$rtexit$$00000004           0x0000016e   Section        6  rtexit2.o(.ARM.Collect$$rtexit$$00000004)
    .text                                    0x00000174   Section       64  startup_mkl25z4.o(.text)
    .text                                    0x000001b4   Section        0  atoi.o(.text)
    .text                                    0x000001d0   Section        0  strcpy.o(.text)
    .text                                    0x0000021c   Section        0  strcmp.o(.text)
    .text                                    0x000002a4   Section        0  heapauxi.o(.text)
    .text                                    0x000002ac   Section        0  d2f.o(.text)
    .text                                    0x00000328   Section        0  dfixi.o(.text)
    .text                                    0x00000394   Section        0  dflti.o(.text)
    .text                                    0x000003ec   Section        8  rt_errno_addr_intlibspace.o(.text)
    .text                                    0x000003f4   Section        8  libspace.o(.text)
    .text                                    0x000003fc   Section        2  use_no_semi.o(.text)
    .text                                    0x000003fe   Section        0  indicate_semi.o(.text)
    x$fpl$usenofp                            0x000003fe   Section        0  usenofp.o(x$fpl$usenofp)
    .ARM.__at_0x400                          0x00000400   Section       16  startup_mkl25z4.o(.ARM.__at_0x400)
    .text                                    0x00000410   Section      364  aeabi_sdiv.o(.text)
    _dadd1                                   0x0000057d   Thumb Code   290  daddsub.o(.text)
    .text                                    0x0000057c   Section        0  daddsub.o(.text)
    _dsub1                                   0x0000069f   Thumb Code   470  daddsub.o(.text)
    .text                                    0x000008d4   Section        0  ddiv.o(.text)
    .text                                    0x00000d1c   Section        0  fdiv.o(.text)
    .text                                    0x00000e7c   Section        0  ffixi.o(.text)
    .text                                    0x00000ec8   Section        0  fflti.o(.text)
    .text                                    0x00000f28   Section        0  strtol.o(.text)
    .text                                    0x00000f98   Section       16  rt_ctype_table.o(.text)
    .text                                    0x00000fa8   Section        0  _strtoul.o(.text)
    .text                                    0x00001050   Section        0  dcmpin.o(.text)
    .text                                    0x000010f0   Section       62  sys_stackheap_outer.o(.text)
    .text                                    0x00001130   Section        8  rt_locale_intlibspace.o(.text)
    .text                                    0x00001138   Section        0  _chval.o(.text)
    .text                                    0x00001156   Section        0  exit.o(.text)
    .text                                    0x00001166   Section        0  cmpret.o(.text)
    .text                                    0x00001194   Section        0  dnan2.o(.text)
    .text                                    0x000011a8   Section        0  retnan.o(.text)
    .text                                    0x00001208   Section        0  sys_exit.o(.text)
    [Anonymous Symbol]                       0x00001214   Section        0  main.o(.text.PIT_IRQHandler)
    __arm_cp.3_0                             0x000012b4   Number         4  main.o(.text.PIT_IRQHandler)
    __arm_cp.3_2                             0x000012b8   Number         4  main.o(.text.PIT_IRQHandler)
    __arm_cp.3_7                             0x000012bc   Number         4  main.o(.text.PIT_IRQHandler)
    [Anonymous Symbol]                       0x000012c0   Section        0  main.o(.text.PORTA_IRQHandler)
    __arm_cp.4_0                             0x0000135c   Number         4  main.o(.text.PORTA_IRQHandler)
    __arm_cp.4_1                             0x00001360   Number         4  main.o(.text.PORTA_IRQHandler)
    __arm_cp.4_2                             0x00001364   Number         4  main.o(.text.PORTA_IRQHandler)
    __arm_cp.4_3                             0x00001368   Number         4  main.o(.text.PORTA_IRQHandler)
    __arm_cp.4_4                             0x0000136c   Number         4  main.o(.text.PORTA_IRQHandler)
    __arm_cp.4_5                             0x00001370   Number         4  main.o(.text.PORTA_IRQHandler)
    [Anonymous Symbol]                       0x00001374   Section        0  controle_motor.o(.text.RTC_timer_configura)
    __arm_cp.5_1                             0x000013a4   Number         4  controle_motor.o(.text.RTC_timer_configura)
    __arm_cp.5_2                             0x000013a8   Number         4  controle_motor.o(.text.RTC_timer_configura)
    __arm_cp.5_3                             0x000013ac   Number         4  controle_motor.o(.text.RTC_timer_configura)
    __arm_cp.5_4                             0x000013b0   Number         4  controle_motor.o(.text.RTC_timer_configura)
    [Anonymous Symbol]                       0x000013b4   Section        0  system_mkl25z4.o(.text.SystemInit)
    __arm_cp.0_0                             0x000013bc   Number         4  system_mkl25z4.o(.text.SystemInit)
    __NVIC_ClearPendingIRQ                   0x000013c1   Thumb Code    40  timers.o(.text.__NVIC_ClearPendingIRQ)
    [Anonymous Symbol]                       0x000013c0   Section        0  timers.o(.text.__NVIC_ClearPendingIRQ)
    __arm_cp.6_0                             0x000013e8   Number         4  timers.o(.text.__NVIC_ClearPendingIRQ)
    __NVIC_EnableIRQ                         0x000013ed   Thumb Code    40  main.o(.text.__NVIC_EnableIRQ)
    [Anonymous Symbol]                       0x000013ec   Section        0  main.o(.text.__NVIC_EnableIRQ)
    __NVIC_EnableIRQ                         0x00001415   Thumb Code    40  timers.o(.text.__NVIC_EnableIRQ)
    [Anonymous Symbol]                       0x00001414   Section        0  timers.o(.text.__NVIC_EnableIRQ)
    __arm_cp.7_0                             0x0000143c   Number         4  timers.o(.text.__NVIC_EnableIRQ)
    __NVIC_SetPriority                       0x00001441   Thumb Code   124  main.o(.text.__NVIC_SetPriority)
    [Anonymous Symbol]                       0x00001440   Section        0  main.o(.text.__NVIC_SetPriority)
    __NVIC_SetPriority                       0x000014bd   Thumb Code   124  timers.o(.text.__NVIC_SetPriority)
    [Anonymous Symbol]                       0x000014bc   Section        0  timers.o(.text.__NVIC_SetPriority)
    __arm_cp.5_0                             0x00001538   Number         4  timers.o(.text.__NVIC_SetPriority)
    __arm_cp.5_1                             0x0000153c   Number         4  timers.o(.text.__NVIC_SetPriority)
    [Anonymous Symbol]                       0x00001540   Section        0  validacao_senhas.o(.text.abrePortasEspera)
    __arm_cp.8_0                             0x00001594   Number         4  validacao_senhas.o(.text.abrePortasEspera)
    __arm_cp.8_1                             0x00001598   Number         4  validacao_senhas.o(.text.abrePortasEspera)
    __arm_cp.8_2                             0x0000159c   Number         4  validacao_senhas.o(.text.abrePortasEspera)
    __arm_cp.8_3                             0x000015a0   Number         4  validacao_senhas.o(.text.abrePortasEspera)
    __arm_cp.8_4                             0x000015a4   Number         4  validacao_senhas.o(.text.abrePortasEspera)
    [Anonymous Symbol]                       0x000015a8   Section        0  timers.o(.text.atraso)
    [Anonymous Symbol]                       0x000015da   Section        0  lcdio.o(.text.config_lcd_padrao)
    [Anonymous Symbol]                       0x000015f8   Section        0  controle_motor.o(.text.configura_motor)
    __arm_cp.0_0                             0x00001620   Number         4  controle_motor.o(.text.configura_motor)
    __arm_cp.0_1                             0x00001624   Number         4  controle_motor.o(.text.configura_motor)
    __arm_cp.0_2                             0x00001628   Number         4  controle_motor.o(.text.configura_motor)
    __arm_cp.0_3                             0x0000162c   Number         4  controle_motor.o(.text.configura_motor)
    [Anonymous Symbol]                       0x00001630   Section        0  timers.o(.text.delay_ms)
    __arm_cp.1_1                             0x00001684   Number         4  timers.o(.text.delay_ms)
    [Anonymous Symbol]                       0x00001688   Section        0  timers.o(.text.delay_s)
    __arm_cp.0_0                             0x000016dc   Number         4  timers.o(.text.delay_s)
    __arm_cp.0_1                             0x000016e0   Number         4  timers.o(.text.delay_s)
    __arm_cp.0_2                             0x000016e4   Number         4  timers.o(.text.delay_s)
    [Anonymous Symbol]                       0x000016e8   Section        0  timers.o(.text.desliga_PIT0)
    __arm_cp.10_0                            0x000016f0   Number         4  timers.o(.text.desliga_PIT0)
    [Anonymous Symbol]                       0x000016f4   Section        0  timers.o(.text.desliga_PIT1)
    __arm_cp.9_0                             0x000016fc   Number         4  timers.o(.text.desliga_PIT1)
    [Anonymous Symbol]                       0x00001700   Section        0  validacao_senhas.o(.text.edicaoDist)
    [Anonymous Symbol]                       0x00001844   Section        0  validacao_senhas.o(.text.edicaoParametros)
    __arm_cp.1_1                             0x000018e4   Number         4  validacao_senhas.o(.text.edicaoParametros)
    __arm_cp.1_2                             0x000018e8   Number         4  validacao_senhas.o(.text.edicaoParametros)
    [Anonymous Symbol]                       0x000018ec   Section        0  validacao_senhas.o(.text.edicaoTempo)
    [Anonymous Symbol]                       0x00001950   Section        0  validacao_senhas.o(.text.edicaoTempoParada)
    __arm_cp.5_0                             0x00001a8c   Number         4  validacao_senhas.o(.text.edicaoTempoParada)
    __arm_cp.5_1                             0x00001a90   Number         4  validacao_senhas.o(.text.edicaoTempoParada)
    [Anonymous Symbol]                       0x00001a94   Section        0  validacao_senhas.o(.text.edicaoTempoViagem)
    __arm_cp.6_0                             0x00001bd0   Number         4  validacao_senhas.o(.text.edicaoTempoViagem)
    __arm_cp.6_1                             0x00001bd4   Number         4  validacao_senhas.o(.text.edicaoTempoViagem)
    [Anonymous Symbol]                       0x00001bd8   Section        0  validacao_senhas.o(.text.edicaoVel)
    __arm_cp.2_0                             0x00001d24   Number         4  validacao_senhas.o(.text.edicaoVel)
    __arm_cp.2_1                             0x00001d28   Number         4  validacao_senhas.o(.text.edicaoVel)
    [Anonymous Symbol]                       0x00001d2c   Section        0  validacao_senhas.o(.text.lerSenha)
    __arm_cp.0_0                             0x00001de8   Number         4  validacao_senhas.o(.text.lerSenha)
    __arm_cp.0_1                             0x00001dec   Number         4  validacao_senhas.o(.text.lerSenha)
    __arm_cp.0_2                             0x00001df0   Number         4  validacao_senhas.o(.text.lerSenha)
    __arm_cp.0_3                             0x00001df4   Number         4  validacao_senhas.o(.text.lerSenha)
    __arm_cp.0_4                             0x00001df8   Number         4  validacao_senhas.o(.text.lerSenha)
    __arm_cp.0_5                             0x00001dfc   Number         4  validacao_senhas.o(.text.lerSenha)
    __arm_cp.0_6                             0x00001e00   Number         4  validacao_senhas.o(.text.lerSenha)
    __arm_cp.0_7                             0x00001e04   Number         4  validacao_senhas.o(.text.lerSenha)
    __arm_cp.0_8                             0x00001e08   Number         4  validacao_senhas.o(.text.lerSenha)
    __arm_cp.0_9                             0x00001e0c   Number         4  validacao_senhas.o(.text.lerSenha)
    [Anonymous Symbol]                       0x00001e10   Section        0  teclado.o(.text.lerTeclado)
    __arm_cp.4_0                             0x00001e98   Number         4  teclado.o(.text.lerTeclado)
    [Anonymous Symbol]                       0x00001e9c   Section        0  teclado.o(.text.ligaLinhas)
    __arm_cp.1_0                             0x00001f9c   Number         4  teclado.o(.text.ligaLinhas)
    __arm_cp.1_1                             0x00001fa0   Number         4  teclado.o(.text.ligaLinhas)
    __arm_cp.1_2                             0x00001fa4   Number         4  teclado.o(.text.ligaLinhas)
    [Anonymous Symbol]                       0x00001fa8   Section        0  lcdio.o(.text.limpa_reseta_cursor)
    [Anonymous Symbol]                       0x00001fc0   Section        0  main.o(.text.main)
    __arm_cp.0_0                             0x00002158   Number         4  main.o(.text.main)
    __arm_cp.0_1                             0x0000215c   Number         4  main.o(.text.main)
    __arm_cp.0_2                             0x00002160   Number         4  main.o(.text.main)
    __arm_cp.0_3                             0x00002164   Number         4  main.o(.text.main)
    __arm_cp.0_4                             0x00002168   Number         4  main.o(.text.main)
    __arm_cp.0_5                             0x0000216c   Number         4  main.o(.text.main)
    __arm_cp.0_6                             0x00002170   Number         4  main.o(.text.main)
    __arm_cp.0_7                             0x00002174   Number         4  main.o(.text.main)
    __arm_cp.0_8                             0x00002178   Number         4  main.o(.text.main)
    __arm_cp.0_9                             0x0000217c   Number         4  main.o(.text.main)
    __arm_cp.0_10                            0x00002180   Number         4  main.o(.text.main)
    __arm_cp.0_11                            0x00002184   Number         4  main.o(.text.main)
    __arm_cp.0_12                            0x00002188   Number         4  main.o(.text.main)
    __arm_cp.0_13                            0x0000218c   Number         4  main.o(.text.main)
    __arm_cp.0_14                            0x00002190   Number         4  main.o(.text.main)
    __arm_cp.0_15                            0x00002194   Number         4  main.o(.text.main)
    __arm_cp.0_16                            0x00002198   Number         4  main.o(.text.main)
    __arm_cp.0_17                            0x0000219c   Number         4  main.o(.text.main)
    __arm_cp.0_18                            0x000021a0   Number         4  main.o(.text.main)
    __arm_cp.0_19                            0x000021a4   Number         4  main.o(.text.main)
    __arm_cp.0_20                            0x000021a8   Number         4  main.o(.text.main)
    __arm_cp.0_21                            0x000021ac   Number         4  main.o(.text.main)
    __arm_cp.0_22                            0x000021b0   Number         4  main.o(.text.main)
    __arm_cp.0_23                            0x000021b4   Number         4  main.o(.text.main)
    __arm_cp.0_24                            0x000021b8   Number         4  main.o(.text.main)
    __arm_cp.0_25                            0x000021bc   Number         4  main.o(.text.main)
    __arm_cp.0_26                            0x000021c0   Number         4  main.o(.text.main)
    __arm_cp.0_27                            0x000021c4   Number         4  main.o(.text.main)
    __arm_cp.0_28                            0x000021c8   Number         4  main.o(.text.main)
    __arm_cp.0_29                            0x000021cc   Number         4  main.o(.text.main)
    __arm_cp.0_30                            0x000021d0   Number         4  main.o(.text.main)
    __arm_cp.0_31                            0x000021d4   Number         4  main.o(.text.main)
    __arm_cp.0_32                            0x000021d8   Number         4  main.o(.text.main)
    __arm_cp.0_33                            0x000021dc   Number         4  main.o(.text.main)
    __arm_cp.0_34                            0x000021e0   Number         4  main.o(.text.main)
    __arm_cp.0_35                            0x000021e4   Number         4  main.o(.text.main)
    __arm_cp.0_36                            0x000021e8   Number         4  main.o(.text.main)
    __arm_cp.0_37                            0x000021ec   Number         4  main.o(.text.main)
    __arm_cp.0_39                            0x000021f0   Number         4  main.o(.text.main)
    __arm_cp.0_40                            0x000021f4   Number         4  main.o(.text.main)
    __arm_cp.0_41                            0x000021f8   Number         4  main.o(.text.main)
    __arm_cp.0_42                            0x000021fc   Number         4  main.o(.text.main)
    __arm_cp.0_43                            0x00002200   Number         4  main.o(.text.main)
    [Anonymous Symbol]                       0x00002204   Section        0  validacao_senhas.o(.text.modoAuto)
    __arm_cp.11_0                            0x0000232c   Number         4  validacao_senhas.o(.text.modoAuto)
    __arm_cp.11_1                            0x00002330   Number         4  validacao_senhas.o(.text.modoAuto)
    __arm_cp.11_2                            0x00002334   Number         4  validacao_senhas.o(.text.modoAuto)
    __arm_cp.11_3                            0x00002338   Number         4  validacao_senhas.o(.text.modoAuto)
    __arm_cp.11_4                            0x0000233c   Number         4  validacao_senhas.o(.text.modoAuto)
    __arm_cp.11_5                            0x00002340   Number         4  validacao_senhas.o(.text.modoAuto)
    __arm_cp.11_6                            0x00002344   Number         4  validacao_senhas.o(.text.modoAuto)
    __arm_cp.11_7                            0x00002348   Number         4  validacao_senhas.o(.text.modoAuto)
    __arm_cp.11_9                            0x0000234c   Number         4  validacao_senhas.o(.text.modoAuto)
    __arm_cp.11_11                           0x00002350   Number         4  validacao_senhas.o(.text.modoAuto)
    __arm_cp.11_12                           0x00002354   Number         4  validacao_senhas.o(.text.modoAuto)
    [Anonymous Symbol]                       0x00002358   Section        0  teclado.o(.text.procuraLinhas)
    __arm_cp.2_0                             0x000023d4   Number         4  teclado.o(.text.procuraLinhas)
    [Anonymous Symbol]                       0x000023d8   Section        0  teclado.o(.text.procuraTecla)
    [Anonymous Symbol]                       0x000023ec   Section        0  lcdio.o(.text.proxima_linha)
    [Anonymous Symbol]                       0x00002400   Section        0  controle_motor.o(.text.pwm_motor)
    __arm_cp.1_0                             0x00002450   Number         4  controle_motor.o(.text.pwm_motor)
    __arm_cp.1_1                             0x00002454   Number         4  controle_motor.o(.text.pwm_motor)
    __arm_cp.1_2                             0x00002458   Number         4  controle_motor.o(.text.pwm_motor)
    __arm_cp.1_3                             0x0000245c   Number         4  controle_motor.o(.text.pwm_motor)
    __arm_cp.1_4                             0x00002460   Number         4  controle_motor.o(.text.pwm_motor)
    __arm_cp.1_5                             0x00002464   Number         4  controle_motor.o(.text.pwm_motor)
    __arm_cp.1_6                             0x00002468   Number         4  controle_motor.o(.text.pwm_motor)
    __arm_cp.1_7                             0x0000246c   Number         4  controle_motor.o(.text.pwm_motor)
    __arm_cp.1_8                             0x00002470   Number         4  controle_motor.o(.text.pwm_motor)
    [Anonymous Symbol]                       0x00002474   Section        0  validacao_senhas.o(.text.realizar_viagem)
    __arm_cp.10_0                            0x00002668   Number         4  validacao_senhas.o(.text.realizar_viagem)
    __arm_cp.10_1                            0x0000266c   Number         4  validacao_senhas.o(.text.realizar_viagem)
    __arm_cp.10_2                            0x00002670   Number         4  validacao_senhas.o(.text.realizar_viagem)
    __arm_cp.10_3                            0x00002674   Number         4  validacao_senhas.o(.text.realizar_viagem)
    __arm_cp.10_4                            0x00002678   Number         4  validacao_senhas.o(.text.realizar_viagem)
    __arm_cp.10_5                            0x0000267c   Number         4  validacao_senhas.o(.text.realizar_viagem)
    __arm_cp.10_6                            0x00002680   Number         4  validacao_senhas.o(.text.realizar_viagem)
    __arm_cp.10_7                            0x00002684   Number         4  validacao_senhas.o(.text.realizar_viagem)
    __arm_cp.10_8                            0x00002688   Number         4  validacao_senhas.o(.text.realizar_viagem)
    __arm_cp.10_9                            0x0000268c   Number         4  validacao_senhas.o(.text.realizar_viagem)
    [Anonymous Symbol]                       0x00002690   Section        0  validacao_senhas.o(.text.selecaoModoMaquinista)
    __arm_cp.7_0                             0x000026fc   Number         4  validacao_senhas.o(.text.selecaoModoMaquinista)
    __arm_cp.7_1                             0x00002700   Number         4  validacao_senhas.o(.text.selecaoModoMaquinista)
    __arm_cp.7_2                             0x00002704   Number         4  validacao_senhas.o(.text.selecaoModoMaquinista)
    __arm_cp.7_3                             0x00002708   Number         4  validacao_senhas.o(.text.selecaoModoMaquinista)
    [Anonymous Symbol]                       0x0000270c   Section        0  lcdio.o(.text.send_command)
    __arm_cp.2_0                             0x00002754   Number         4  lcdio.o(.text.send_command)
    [Anonymous Symbol]                       0x00002758   Section        0  lcdio.o(.text.send_data)
    __arm_cp.1_0                             0x000027a0   Number         4  lcdio.o(.text.send_data)
    __arm_cp.1_1                             0x000027a4   Number         4  lcdio.o(.text.send_data)
    __arm_cp.1_2                             0x000027a8   Number         4  lcdio.o(.text.send_data)
    [Anonymous Symbol]                       0x000027ac   Section        0  lcdio.o(.text.send_string)
    [Anonymous Symbol]                       0x000027d4   Section        0  timers.o(.text.setup_PIT0)
    __arm_cp.4_2                             0x00002828   Number         4  timers.o(.text.setup_PIT0)
    __arm_cp.4_3                             0x0000282c   Number         4  timers.o(.text.setup_PIT0)
    [Anonymous Symbol]                       0x00002830   Section        0  timers.o(.text.setup_PIT1)
    __arm_cp.8_0                             0x00002880   Number         4  timers.o(.text.setup_PIT1)
    __arm_cp.8_1                             0x00002884   Number         4  timers.o(.text.setup_PIT1)
    __arm_cp.8_2                             0x00002888   Number         4  timers.o(.text.setup_PIT1)
    __arm_cp.8_3                             0x0000288c   Number         4  timers.o(.text.setup_PIT1)
    [Anonymous Symbol]                       0x00002890   Section        0  teclado.o(.text.teclaDeboucing)
    __arm_cp.0_0                             0x00002904   Number         4  teclado.o(.text.teclaDeboucing)
    __arm_cp.0_1                             0x00002908   Number         4  teclado.o(.text.teclaDeboucing)
    __arm_cp.0_2                             0x0000290c   Number         4  teclado.o(.text.teclaDeboucing)
    [Anonymous Symbol]                       0x00002910   Section        0  lcdio.o(.text.telaAdmLogado)
    __arm_cp.10_0                            0x00002928   Number         4  lcdio.o(.text.telaAdmLogado)
    [Anonymous Symbol]                       0x0000292c   Section        0  lcdio.o(.text.telaArmMetro)
    __arm_cp.7_0                             0x00002944   Number         4  lcdio.o(.text.telaArmMetro)
    __arm_cp.7_1                             0x00002948   Number         4  lcdio.o(.text.telaArmMetro)
    [Anonymous Symbol]                       0x0000294c   Section        0  lcdio.o(.text.telaEditarDist)
    [Anonymous Symbol]                       0x00002964   Section        0  lcdio.o(.text.telaEditarParametros)
    __arm_cp.11_0                            0x0000297c   Number         4  lcdio.o(.text.telaEditarParametros)
    __arm_cp.11_1                            0x00002980   Number         4  lcdio.o(.text.telaEditarParametros)
    [Anonymous Symbol]                       0x00002984   Section        0  lcdio.o(.text.telaEditarTempoParada)
    [Anonymous Symbol]                       0x0000299c   Section        0  lcdio.o(.text.telaEditarTempoViagem)
    [Anonymous Symbol]                       0x000029b4   Section        0  lcdio.o(.text.telaEditarTempos)
    __arm_cp.13_0                            0x000029c8   Number         4  lcdio.o(.text.telaEditarTempos)
    [Anonymous Symbol]                       0x000029cc   Section        0  lcdio.o(.text.telaEditarVel)
    __arm_cp.16_0                            0x000029e4   Number         4  lcdio.o(.text.telaEditarVel)
    __arm_cp.16_1                            0x000029e8   Number         4  lcdio.o(.text.telaEditarVel)
    [Anonymous Symbol]                       0x000029ec   Section        0  lcdio.o(.text.telaModosMaquinista)
    __arm_cp.21_0                            0x00002a04   Number         4  lcdio.o(.text.telaModosMaquinista)
    __arm_cp.21_1                            0x00002a08   Number         4  lcdio.o(.text.telaModosMaquinista)
    [Anonymous Symbol]                       0x00002a0c   Section        0  lcdio.o(.text.telaNovaDist)
    __arm_cp.18_0                            0x00002a20   Number         4  lcdio.o(.text.telaNovaDist)
    [Anonymous Symbol]                       0x00002a24   Section        0  lcdio.o(.text.telaNovaVel)
    __arm_cp.17_0                            0x00002a38   Number         4  lcdio.o(.text.telaNovaVel)
    [Anonymous Symbol]                       0x00002a3c   Section        0  lcdio.o(.text.telaSenhaCorreta)
    __arm_cp.8_0                             0x00002a54   Number         4  lcdio.o(.text.telaSenhaCorreta)
    [Anonymous Symbol]                       0x00002a58   Section        0  lcdio.o(.text.telaSenhaIncorreta)
    __arm_cp.9_0                             0x00002a70   Number         4  lcdio.o(.text.telaSenhaIncorreta)
    [Anonymous Symbol]                       0x00002a74   Section        0  lcdio.o(.text.telaTempoParada)
    __arm_cp.19_0                            0x00002a88   Number         4  lcdio.o(.text.telaTempoParada)
    [Anonymous Symbol]                       0x00002a8c   Section        0  lcdio.o(.text.telaTempoViagem)
    __arm_cp.20_0                            0x00002aa0   Number         4  lcdio.o(.text.telaTempoViagem)
    [Anonymous Symbol]                       0x00002aa4   Section        0  validacao_senhas.o(.text.tostring)
    [Anonymous Symbol]                       0x00002b20   Section        0  lcdio.o(.text.trigger_EN)
    __arm_cp.0_0                             0x00002b50   Number         4  lcdio.o(.text.trigger_EN)
    __arm_cp.0_1                             0x00002b54   Number         4  lcdio.o(.text.trigger_EN)
    i._dgeq                                  0x00002b58   Section        0  dcmp.o(i._dgeq)
    locale$$code                             0x00002b70   Section       44  lc_ctype_c.o(locale$$code)
    x$fpl$dgeqf                              0x00002b9c   Section      100  dgef.o(x$fpl$dgeqf)
    x$fpl$fadd                               0x00002c00   Section      140  faddsub.o(x$fpl$fadd)
    _fadd1                                   0x00002c0d   Thumb Code     0  faddsub.o(x$fpl$fadd)
    x$fpl$fmul                               0x00002c8c   Section      176  fmul.o(x$fpl$fmul)
    x$fpl$fsub                               0x00002d3c   Section      208  faddsub.o(x$fpl$fsub)
    _fsub1                                   0x00002d49   Thumb Code     0  faddsub.o(x$fpl$fsub)
    ddiv_reciptbl                            0x00002e0c   Data         128  ddiv.o(.constdata)
    .constdata                               0x00002e0c   Section      128  ddiv.o(.constdata)
    fdiv_tab                                 0x00002e8c   Data          64  fdiv.o(.constdata)
    .constdata                               0x00002e8c   Section       64  fdiv.o(.constdata)
    [Anonymous Symbol]                       0x00002ecc   Section        0  main.o(.rodata.str1.1)
    [Anonymous Symbol]                       0x00002ef2   Section        0  validacao_senhas.o(.rodata.str1.1)
    [Anonymous Symbol]                       0x00002f79   Section        0  lcdio.o(.rodata.str1.1)
    locale$$data                             0x00003078   Section      272  lc_ctype_c.o(locale$$data)
    __lcctype_c_name                         0x0000307c   Data           2  lc_ctype_c.o(locale$$data)
    __lcctype_c_start                        0x00003084   Data           0  lc_ctype_c.o(locale$$data)
    __lcctype_c_end                          0x00003188   Data           0  lc_ctype_c.o(locale$$data)
    .bss                                     0x1ffff0a0   Section       96  libspace.o(.bss)
    Heap_Mem                                 0x1ffff138   Data           0  startup_mkl25z4.o(HEAP)
    Stack_Mem                                0x1ffff138   Data         256  startup_mkl25z4.o(STACK)
    HEAP                                     0x1ffff138   Section        0  startup_mkl25z4.o(HEAP)
    STACK                                    0x1ffff138   Section      256  startup_mkl25z4.o(STACK)
    __initial_sp                             0x1ffff238   Data           0  startup_mkl25z4.o(STACK)

    Global Symbols

    Symbol Name                              Value     Ov Type        Size  Object(Section)

    BuildAttributes$$THM_ISAv3M$S$PE$A:L22$X:L11$S22$IEEE1$IW$~IW$USESV6$~STKCKD$USESV7$~SHL$OSPACE$ROPI$EBA8$UX$STANDARDLIB$REQ8$PRES8$EABIv2 0x00000000   Number         0  anon$$obj.o ABSOLUTE
    __Vectors                                0x00000000   Data           4  startup_mkl25z4.o(RESET)
    __ARM_exceptions_init                     - Undefined Weak Reference
    __alloca_initialize                       - Undefined Weak Reference
    __arm_preinit_                            - Undefined Weak Reference
    __arm_relocate_pie_                       - Undefined Weak Reference
    __cpp_initialize__aeabi_                  - Undefined Weak Reference
    __cxa_finalize                            - Undefined Weak Reference
    __sigvec_lookup                           - Undefined Weak Reference
    _atexit_init                              - Undefined Weak Reference
    _call_atexit_fns                          - Undefined Weak Reference
    _clock_init                               - Undefined Weak Reference
    _fp_trap_init                             - Undefined Weak Reference
    _fp_trap_shutdown                         - Undefined Weak Reference
    _get_lc_collate                           - Undefined Weak Reference
    _get_lc_monetary                          - Undefined Weak Reference
    _get_lc_numeric                           - Undefined Weak Reference
    _get_lc_time                              - Undefined Weak Reference
    _getenv_init                              - Undefined Weak Reference
    _handle_redirection                       - Undefined Weak Reference
    _init_alloc                               - Undefined Weak Reference
    _init_user_alloc                          - Undefined Weak Reference
    _initio                                   - Undefined Weak Reference
    _rand_init                                - Undefined Weak Reference
    _signal_finish                            - Undefined Weak Reference
    _signal_init                              - Undefined Weak Reference
    _terminate_alloc                          - Undefined Weak Reference
    _terminate_user_alloc                     - Undefined Weak Reference
    _terminateio                              - Undefined Weak Reference
    __Vectors_End                            0x000000c0   Data           0  startup_mkl25z4.o(RESET)
    __Vectors_Size                           0x000000c0   Number         0  startup_mkl25z4.o ABSOLUTE
    __main                                   0x000000c1   Thumb Code     8  __main.o(!!!main)
    __scatterload                            0x000000c9   Thumb Code     0  __scatter.o(!!!scatter)
    __scatterload_rt2                        0x000000c9   Thumb Code    52  __scatter.o(!!!scatter)
    __scatterload_rt2_thumb_only             0x000000c9   Thumb Code     0  __scatter.o(!!!scatter)
    __scatterload_null                       0x000000d9   Thumb Code     0  __scatter.o(!!!scatter)
    __scatterload_copy                       0x00000105   Thumb Code    26  __scatter_copy.o(!!handler_copy)
    __scatterload_zeroinit                   0x00000121   Thumb Code    28  __scatter_zi.o(!!handler_zi)
    __rt_lib_init                            0x0000013d   Thumb Code     0  libinit.o(.ARM.Collect$$libinit$$00000000)
    __rt_lib_init_fp_1                       0x0000013f   Thumb Code     0  libinit2.o(.ARM.Collect$$libinit$$00000002)
    __rt_lib_init_heap_1                     0x0000013f   Thumb Code     0  libinit2.o(.ARM.Collect$$libinit$$0000000C)
    __rt_lib_init_lc_common                  0x0000013f   Thumb Code     0  libinit2.o(.ARM.Collect$$libinit$$00000011)
    __rt_lib_init_preinit_1                  0x0000013f   Thumb Code     0  libinit2.o(.ARM.Collect$$libinit$$00000006)
    __rt_lib_init_rand_1                     0x0000013f   Thumb Code     0  libinit2.o(.ARM.Collect$$libinit$$00000010)
    __rt_lib_init_relocate_pie_1             0x0000013f   Thumb Code     0  libinit2.o(.ARM.Collect$$libinit$$00000004)
    __rt_lib_init_user_alloc_1               0x0000013f   Thumb Code     0  libinit2.o(.ARM.Collect$$libinit$$0000000E)
    __rt_lib_init_lc_collate_1               0x00000145   Thumb Code     0  libinit2.o(.ARM.Collect$$libinit$$00000013)
    __rt_lib_init_lc_ctype_2                 0x00000145   Thumb Code     0  libinit2.o(.ARM.Collect$$libinit$$00000014)
    __rt_lib_init_alloca_1                   0x00000151   Thumb Code     0  libinit2.o(.ARM.Collect$$libinit$$00000030)
    __rt_lib_init_argv_1                     0x00000151   Thumb Code     0  libinit2.o(.ARM.Collect$$libinit$$0000002E)
    __rt_lib_init_atexit_1                   0x00000151   Thumb Code     0  libinit2.o(.ARM.Collect$$libinit$$0000001D)
    __rt_lib_init_clock_1                    0x00000151   Thumb Code     0  libinit2.o(.ARM.Collect$$libinit$$00000023)
    __rt_lib_init_cpp_1                      0x00000151   Thumb Code     0  libinit2.o(.ARM.Collect$$libinit$$00000034)
    __rt_lib_init_exceptions_1               0x00000151   Thumb Code     0  libinit2.o(.ARM.Collect$$libinit$$00000032)
    __rt_lib_init_fp_trap_1                  0x00000151   Thumb Code     0  libinit2.o(.ARM.Collect$$libinit$$00000021)
    __rt_lib_init_getenv_1                   0x00000151   Thumb Code     0  libinit2.o(.ARM.Collect$$libinit$$00000025)
    __rt_lib_init_lc_ctype_1                 0x00000151   Thumb Code     0  libinit2.o(.ARM.Collect$$libinit$$00000015)
    __rt_lib_init_lc_monetary_1              0x00000151   Thumb Code     0  libinit2.o(.ARM.Collect$$libinit$$00000017)
    __rt_lib_init_lc_numeric_1               0x00000151   Thumb Code     0  libinit2.o(.ARM.Collect$$libinit$$00000019)
    __rt_lib_init_lc_time_1                  0x00000151   Thumb Code     0  libinit2.o(.ARM.Collect$$libinit$$0000001B)
    __rt_lib_init_return                     0x00000151   Thumb Code     0  libinit2.o(.ARM.Collect$$libinit$$00000035)
    __rt_lib_init_signal_1                   0x00000151   Thumb Code     0  libinit2.o(.ARM.Collect$$libinit$$0000001F)
    __rt_lib_init_stdio_1                    0x00000151   Thumb Code     0  libinit2.o(.ARM.Collect$$libinit$$00000027)
    __rt_lib_shutdown                        0x00000153   Thumb Code     0  libshutdown.o(.ARM.Collect$$libshutdown$$00000000)
    __rt_lib_shutdown_cpp_1                  0x00000155   Thumb Code     0  libshutdown2.o(.ARM.Collect$$libshutdown$$00000002)
    __rt_lib_shutdown_fp_trap_1              0x00000155   Thumb Code     0  libshutdown2.o(.ARM.Collect$$libshutdown$$00000007)
    __rt_lib_shutdown_heap_1                 0x00000155   Thumb Code     0  libshutdown2.o(.ARM.Collect$$libshutdown$$0000000F)
    __rt_lib_shutdown_return                 0x00000155   Thumb Code     0  libshutdown2.o(.ARM.Collect$$libshutdown$$00000010)
    __rt_lib_shutdown_signal_1               0x00000155   Thumb Code     0  libshutdown2.o(.ARM.Collect$$libshutdown$$0000000A)
    __rt_lib_shutdown_stdio_1                0x00000155   Thumb Code     0  libshutdown2.o(.ARM.Collect$$libshutdown$$00000004)
    __rt_lib_shutdown_user_alloc_1           0x00000155   Thumb Code     0  libshutdown2.o(.ARM.Collect$$libshutdown$$0000000C)
    __rt_entry                               0x00000157   Thumb Code     0  __rtentry.o(.ARM.Collect$$rtentry$$00000000)
    __rt_entry_presh_1                       0x00000157   Thumb Code     0  __rtentry2.o(.ARM.Collect$$rtentry$$00000002)
    __rt_entry_sh                            0x00000157   Thumb Code     0  __rtentry4.o(.ARM.Collect$$rtentry$$00000004)
    __rt_entry_li                            0x0000015d   Thumb Code     0  __rtentry2.o(.ARM.Collect$$rtentry$$0000000A)
    __rt_entry_postsh_1                      0x0000015d   Thumb Code     0  __rtentry2.o(.ARM.Collect$$rtentry$$00000009)
    __rt_entry_main                          0x00000161   Thumb Code     0  __rtentry2.o(.ARM.Collect$$rtentry$$0000000D)
    __rt_entry_postli_1                      0x00000161   Thumb Code     0  __rtentry2.o(.ARM.Collect$$rtentry$$0000000C)
    __rt_exit                                0x00000169   Thumb Code     0  rtexit.o(.ARM.Collect$$rtexit$$00000000)
    __rt_exit_ls                             0x0000016b   Thumb Code     0  rtexit2.o(.ARM.Collect$$rtexit$$00000003)
    __rt_exit_prels_1                        0x0000016b   Thumb Code     0  rtexit2.o(.ARM.Collect$$rtexit$$00000002)
    __rt_exit_exit                           0x0000016f   Thumb Code     0  rtexit2.o(.ARM.Collect$$rtexit$$00000004)
    Reset_Handler                            0x00000175   Thumb Code    12  startup_mkl25z4.o(.text)
    NMI_Handler                              0x00000181   Thumb Code     2  startup_mkl25z4.o(.text)
    HardFault_Handler                        0x00000183   Thumb Code     2  startup_mkl25z4.o(.text)
    SVC_Handler                              0x00000185   Thumb Code     2  startup_mkl25z4.o(.text)
    PendSV_Handler                           0x00000187   Thumb Code     2  startup_mkl25z4.o(.text)
    SysTick_Handler                          0x00000189   Thumb Code     2  startup_mkl25z4.o(.text)
    ADC0_IRQHandler                          0x0000018b   Thumb Code     0  startup_mkl25z4.o(.text)
    CMP0_IRQHandler                          0x0000018b   Thumb Code     0  startup_mkl25z4.o(.text)
    DAC0_IRQHandler                          0x0000018b   Thumb Code     0  startup_mkl25z4.o(.text)
    DMA0_IRQHandler                          0x0000018b   Thumb Code     0  startup_mkl25z4.o(.text)
    DMA1_IRQHandler                          0x0000018b   Thumb Code     0  startup_mkl25z4.o(.text)
    DMA2_IRQHandler                          0x0000018b   Thumb Code     0  startup_mkl25z4.o(.text)
    DMA3_IRQHandler                          0x0000018b   Thumb Code     0  startup_mkl25z4.o(.text)
    DefaultISR                               0x0000018b   Thumb Code     0  startup_mkl25z4.o(.text)
    FTFA_IRQHandler                          0x0000018b   Thumb Code     0  startup_mkl25z4.o(.text)
    I2C0_IRQHandler                          0x0000018b   Thumb Code     0  startup_mkl25z4.o(.text)
    I2C1_IRQHandler                          0x0000018b   Thumb Code     0  startup_mkl25z4.o(.text)
    LLWU_IRQHandler                          0x0000018b   Thumb Code     0  startup_mkl25z4.o(.text)
    LPTMR0_IRQHandler                        0x0000018b   Thumb Code     0  startup_mkl25z4.o(.text)
    LVD_LVW_IRQHandler                       0x0000018b   Thumb Code     0  startup_mkl25z4.o(.text)
    MCG_IRQHandler                           0x0000018b   Thumb Code     0  startup_mkl25z4.o(.text)
    PORTD_IRQHandler                         0x0000018b   Thumb Code     0  startup_mkl25z4.o(.text)
    RTC_IRQHandler                           0x0000018b   Thumb Code     0  startup_mkl25z4.o(.text)
    RTC_Seconds_IRQHandler                   0x0000018b   Thumb Code     0  startup_mkl25z4.o(.text)
    Reserved20_IRQHandler                    0x0000018b   Thumb Code     0  startup_mkl25z4.o(.text)
    Reserved39_IRQHandler                    0x0000018b   Thumb Code     0  startup_mkl25z4.o(.text)
    Reserved45_IRQHandler                    0x0000018b   Thumb Code     0  startup_mkl25z4.o(.text)
    SPI0_IRQHandler                          0x0000018b   Thumb Code     0  startup_mkl25z4.o(.text)
    SPI1_IRQHandler                          0x0000018b   Thumb Code     0  startup_mkl25z4.o(.text)
    TPM0_IRQHandler                          0x0000018b   Thumb Code     0  startup_mkl25z4.o(.text)
    TPM1_IRQHandler                          0x0000018b   Thumb Code     0  startup_mkl25z4.o(.text)
    TPM2_IRQHandler                          0x0000018b   Thumb Code     0  startup_mkl25z4.o(.text)
    TSI0_IRQHandler                          0x0000018b   Thumb Code     0  startup_mkl25z4.o(.text)
    UART0_IRQHandler                         0x0000018b   Thumb Code     0  startup_mkl25z4.o(.text)
    UART1_IRQHandler                         0x0000018b   Thumb Code     0  startup_mkl25z4.o(.text)
    UART2_IRQHandler                         0x0000018b   Thumb Code     0  startup_mkl25z4.o(.text)
    USB0_IRQHandler                          0x0000018b   Thumb Code     0  startup_mkl25z4.o(.text)
    __user_initial_stackheap                 0x00000191   Thumb Code     0  startup_mkl25z4.o(.text)
    atoi                                     0x000001b5   Thumb Code    26  atoi.o(.text)
    strcpy                                   0x000001d1   Thumb Code    70  strcpy.o(.text)
    strcmp                                   0x0000021d   Thumb Code   132  strcmp.o(.text)
    __use_two_region_memory                  0x000002a5   Thumb Code     2  heapauxi.o(.text)
    __rt_heap_escrow$2region                 0x000002a7   Thumb Code     2  heapauxi.o(.text)
    __rt_heap_expand$2region                 0x000002a9   Thumb Code     2  heapauxi.o(.text)
    __aeabi_d2f                              0x000002ad   Thumb Code     0  d2f.o(.text)
    _d2f                                     0x000002ad   Thumb Code   120  d2f.o(.text)
    __aeabi_d2iz                             0x00000329   Thumb Code     0  dfixi.o(.text)
    _dfix                                    0x00000329   Thumb Code    98  dfixi.o(.text)
    __aeabi_i2d_normalise                    0x00000395   Thumb Code    66  dflti.o(.text)
    __aeabi_i2d                              0x000003d7   Thumb Code    16  dflti.o(.text)
    _dflt                                    0x000003d7   Thumb Code     0  dflti.o(.text)
    __aeabi_ui2d                             0x000003e7   Thumb Code     6  dflti.o(.text)
    _dfltu                                   0x000003e7   Thumb Code     0  dflti.o(.text)
    __aeabi_errno_addr                       0x000003ed   Thumb Code     8  rt_errno_addr_intlibspace.o(.text)
    __errno$intlibspace                      0x000003ed   Thumb Code     0  rt_errno_addr_intlibspace.o(.text)
    __rt_errno_addr$intlibspace              0x000003ed   Thumb Code     0  rt_errno_addr_intlibspace.o(.text)
    __user_libspace                          0x000003f5   Thumb Code     8  libspace.o(.text)
    __user_perproc_libspace                  0x000003f5   Thumb Code     0  libspace.o(.text)
    __user_perthread_libspace                0x000003f5   Thumb Code     0  libspace.o(.text)
    __I$use$semihosting                      0x000003fd   Thumb Code     0  use_no_semi.o(.text)
    __use_no_semihosting_swi                 0x000003fd   Thumb Code     2  use_no_semi.o(.text)
    __I$use$fp                               0x000003fe   Number         0  usenofp.o(x$fpl$usenofp)
    __semihosting_library_function           0x000003ff   Thumb Code     0  indicate_semi.o(.text)
    __aeabi_uidiv                            0x00000411   Thumb Code     0  aeabi_sdiv.o(.text)
    __aeabi_uidivmod                         0x00000411   Thumb Code    20  aeabi_sdiv.o(.text)
    __aeabi_idiv                             0x00000425   Thumb Code     0  aeabi_sdiv.o(.text)
    __aeabi_idivmod                          0x00000425   Thumb Code   338  aeabi_sdiv.o(.text)
    __aeabi_dadd                             0x00000875   Thumb Code     0  daddsub.o(.text)
    _dadd                                    0x00000875   Thumb Code    26  daddsub.o(.text)
    __aeabi_dsub                             0x0000088f   Thumb Code     0  daddsub.o(.text)
    _dsub                                    0x0000088f   Thumb Code    22  daddsub.o(.text)
    __aeabi_drsub                            0x000008a5   Thumb Code     0  daddsub.o(.text)
    _drsb                                    0x000008a5   Thumb Code    28  daddsub.o(.text)
    __aeabi_ddiv                             0x000008d5   Thumb Code     0  ddiv.o(.text)
    _ddiv                                    0x000008d5   Thumb Code  1072  ddiv.o(.text)
    _drdiv                                   0x00000d05   Thumb Code    20  ddiv.o(.text)
    __aeabi_fdiv                             0x00000d1d   Thumb Code     0  fdiv.o(.text)
    _fdiv                                    0x00000d1d   Thumb Code   334  fdiv.o(.text)
    _frdiv                                   0x00000e6b   Thumb Code     8  fdiv.o(.text)
    __aeabi_f2iz                             0x00000e7d   Thumb Code     0  ffixi.o(.text)
    _ffix                                    0x00000e7d   Thumb Code    76  ffixi.o(.text)
    __aeabi_i2f_normalise                    0x00000ec9   Thumb Code    72  fflti.o(.text)
    __aeabi_i2f                              0x00000f11   Thumb Code    16  fflti.o(.text)
    _fflt                                    0x00000f11   Thumb Code     0  fflti.o(.text)
    __aeabi_ui2f                             0x00000f21   Thumb Code     6  fflti.o(.text)
    _ffltu                                   0x00000f21   Thumb Code     0  fflti.o(.text)
    strtol                                   0x00000f29   Thumb Code   108  strtol.o(.text)
    __rt_ctype_table                         0x00000f99   Thumb Code    16  rt_ctype_table.o(.text)
    _strtoul                                 0x00000fa9   Thumb Code   166  _strtoul.o(.text)
    __fpl_dcmp_InfNaN                        0x00001051   Thumb Code   154  dcmpin.o(.text)
    __user_setup_stackheap                   0x000010f1   Thumb Code    62  sys_stackheap_outer.o(.text)
    __rt_locale                              0x00001131   Thumb Code     8  rt_locale_intlibspace.o(.text)
    _chval                                   0x00001139   Thumb Code    30  _chval.o(.text)
    exit                                     0x00001157   Thumb Code    16  exit.o(.text)
    __fpl_cmpreturn                          0x00001167   Thumb Code    46  cmpret.o(.text)
    __fpl_dcheck_NaN2                        0x00001195   Thumb Code    14  dnan2.o(.text)
    __fpl_return_NaN                         0x000011a9   Thumb Code    94  retnan.o(.text)
    _sys_exit                                0x00001209   Thumb Code     8  sys_exit.o(.text)
    PIT_IRQHandler                           0x00001215   Thumb Code   160  main.o(.text.PIT_IRQHandler)
    PORTA_IRQHandler                         0x000012c1   Thumb Code   156  main.o(.text.PORTA_IRQHandler)
    RTC_timer_configura                      0x00001375   Thumb Code    48  controle_motor.o(.text.RTC_timer_configura)
    SystemInit                               0x000013b5   Thumb Code     8  system_mkl25z4.o(.text.SystemInit)
    abrePortasEspera                         0x00001541   Thumb Code    84  validacao_senhas.o(.text.abrePortasEspera)
    atraso                                   0x000015a9   Thumb Code    50  timers.o(.text.atraso)
    config_lcd_padrao                        0x000015db   Thumb Code    28  lcdio.o(.text.config_lcd_padrao)
    configura_motor                          0x000015f9   Thumb Code    40  controle_motor.o(.text.configura_motor)
    delay_ms                                 0x00001631   Thumb Code    84  timers.o(.text.delay_ms)
    delay_s                                  0x00001689   Thumb Code    84  timers.o(.text.delay_s)
    desliga_PIT0                             0x000016e9   Thumb Code     8  timers.o(.text.desliga_PIT0)
    desliga_PIT1                             0x000016f5   Thumb Code     8  timers.o(.text.desliga_PIT1)
    edicaoDist                               0x00001701   Thumb Code   324  validacao_senhas.o(.text.edicaoDist)
    edicaoParametros                         0x00001845   Thumb Code   160  validacao_senhas.o(.text.edicaoParametros)
    edicaoTempo                              0x000018ed   Thumb Code   100  validacao_senhas.o(.text.edicaoTempo)
    edicaoTempoParada                        0x00001951   Thumb Code   316  validacao_senhas.o(.text.edicaoTempoParada)
    edicaoTempoViagem                        0x00001a95   Thumb Code   316  validacao_senhas.o(.text.edicaoTempoViagem)
    edicaoVel                                0x00001bd9   Thumb Code   332  validacao_senhas.o(.text.edicaoVel)
    lerSenha                                 0x00001d2d   Thumb Code   188  validacao_senhas.o(.text.lerSenha)
    lerTeclado                               0x00001e11   Thumb Code   136  teclado.o(.text.lerTeclado)
    ligaLinhas                               0x00001e9d   Thumb Code   256  teclado.o(.text.ligaLinhas)
    limpa_reseta_cursor                      0x00001fa9   Thumb Code    24  lcdio.o(.text.limpa_reseta_cursor)
    main                                     0x00001fc1   Thumb Code   408  main.o(.text.main)
    modoAuto                                 0x00002205   Thumb Code   296  validacao_senhas.o(.text.modoAuto)
    procuraLinhas                            0x00002359   Thumb Code   124  teclado.o(.text.procuraLinhas)
    procuraTecla                             0x000023d9   Thumb Code    20  teclado.o(.text.procuraTecla)
    proxima_linha                            0x000023ed   Thumb Code    18  lcdio.o(.text.proxima_linha)
    pwm_motor                                0x00002401   Thumb Code    80  controle_motor.o(.text.pwm_motor)
    realizar_viagem                          0x00002475   Thumb Code   500  validacao_senhas.o(.text.realizar_viagem)
    selecaoModoMaquinista                    0x00002691   Thumb Code   108  validacao_senhas.o(.text.selecaoModoMaquinista)
    send_command                             0x0000270d   Thumb Code    72  lcdio.o(.text.send_command)
    send_data                                0x00002759   Thumb Code    72  lcdio.o(.text.send_data)
    send_string                              0x000027ad   Thumb Code    38  lcdio.o(.text.send_string)
    setup_PIT0                               0x000027d5   Thumb Code    84  timers.o(.text.setup_PIT0)
    setup_PIT1                               0x00002831   Thumb Code    80  timers.o(.text.setup_PIT1)
    teclaDeboucing                           0x00002891   Thumb Code   116  teclado.o(.text.teclaDeboucing)
    telaAdmLogado                            0x00002911   Thumb Code    24  lcdio.o(.text.telaAdmLogado)
    telaArmMetro                             0x0000292d   Thumb Code    24  lcdio.o(.text.telaArmMetro)
    telaEditarDist                           0x0000294d   Thumb Code    24  lcdio.o(.text.telaEditarDist)
    telaEditarParametros                     0x00002965   Thumb Code    24  lcdio.o(.text.telaEditarParametros)
    telaEditarTempoParada                    0x00002985   Thumb Code    24  lcdio.o(.text.telaEditarTempoParada)
    telaEditarTempoViagem                    0x0000299d   Thumb Code    24  lcdio.o(.text.telaEditarTempoViagem)
    telaEditarTempos                         0x000029b5   Thumb Code    20  lcdio.o(.text.telaEditarTempos)
    telaEditarVel                            0x000029cd   Thumb Code    24  lcdio.o(.text.telaEditarVel)
    telaModosMaquinista                      0x000029ed   Thumb Code    24  lcdio.o(.text.telaModosMaquinista)
    telaNovaDist                             0x00002a0d   Thumb Code    20  lcdio.o(.text.telaNovaDist)
    telaNovaVel                              0x00002a25   Thumb Code    20  lcdio.o(.text.telaNovaVel)
    telaSenhaCorreta                         0x00002a3d   Thumb Code    24  lcdio.o(.text.telaSenhaCorreta)
    telaSenhaIncorreta                       0x00002a59   Thumb Code    24  lcdio.o(.text.telaSenhaIncorreta)
    telaTempoParada                          0x00002a75   Thumb Code    20  lcdio.o(.text.telaTempoParada)
    telaTempoViagem                          0x00002a8d   Thumb Code    20  lcdio.o(.text.telaTempoViagem)
    tostring                                 0x00002aa5   Thumb Code   124  validacao_senhas.o(.text.tostring)
    trigger_EN                               0x00002b21   Thumb Code    48  lcdio.o(.text.trigger_EN)
    __aeabi_dcmpge                           0x00002b59   Thumb Code     0  dcmp.o(i._dgeq)
    _dgeq                                    0x00002b59   Thumb Code    22  dcmp.o(i._dgeq)
    _get_lc_ctype                            0x00002b71   Thumb Code    44  lc_ctype_c.o(locale$$code)
    _dcmpge                                  0x00002b9d   Thumb Code    94  dgef.o(x$fpl$dgeqf)
    __aeabi_fadd                             0x00002c01   Thumb Code     0  faddsub.o(x$fpl$fadd)
    _fadd                                    0x00002c01   Thumb Code   134  faddsub.o(x$fpl$fadd)
    __aeabi_fmul                             0x00002c8d   Thumb Code     0  fmul.o(x$fpl$fmul)
    _fmul                                    0x00002c8d   Thumb Code   172  fmul.o(x$fpl$fmul)
    __aeabi_fsub                             0x00002d3d   Thumb Code     0  faddsub.o(x$fpl$fsub)
    _fsub                                    0x00002d3d   Thumb Code   204  faddsub.o(x$fpl$fsub)
    Region$$Table$$Base                      0x00003058   Number         0  anon$$obj.o(Region$$Table)
    Region$$Table$$Limit                     0x00003078   Number         0  anon$$obj.o(Region$$Table)
    __ctype                                  0x00003085   Data           0  lc_ctype_c.o(locale$$data)
    estado                                   0x1ffff000   Data          16  validacao_senhas.o(.data.estado)
    ida                                      0x1ffff010   Data           4  validacao_senhas.o(.data.ida)
    parametros                               0x1ffff018   Data          96  validacao_senhas.o(.data.parametros)
    senhaAdm                                 0x1ffff078   Data           7  validacao_senhas.o(.data.senhaAdm)
    senhaOp1                                 0x1ffff07f   Data           7  validacao_senhas.o(.data.senhaOp1)
    senhaOp2                                 0x1ffff086   Data           7  validacao_senhas.o(.data.senhaOp2)
    teclado                                  0x1ffff08d   Data          16  teclado.o(.data.teclado)
    __libspace_start                         0x1ffff0a0   Data          96  libspace.o(.bss)
    __temporary_stack_top$libspace           0x1ffff100   Data           0  libspace.o(.bss)
    contagemBlinkLed                         0x1ffff100   Data           4  main.o(.bss.contagemBlinkLed)
    distancia                                0x1ffff104   Data           4  controle_motor.o(.bss.distancia)
    motor_calibrado                          0x1ffff108   Data           4  controle_motor.o(.bss.motor_calibrado)
    nr_digitados                             0x1ffff10c   Data           4  validacao_senhas.o(.bss.nr_digitados)
    portas_abertas                           0x1ffff110   Data           4  validacao_senhas.o(.bss.portas_abertas)
    pulsos                                   0x1ffff114   Data           4  controle_motor.o(.bss.pulsos)
    rotacoes_0kmh                            0x1ffff118   Data           4  controle_motor.o(.bss.rotacoes_0kmh)
    rotacoes_80kmh                           0x1ffff11c   Data           4  controle_motor.o(.bss.rotacoes_80kmh)
    senha                                    0x1ffff120   Data           7  validacao_senhas.o(.bss.senha)
    tecla                                    0x1ffff127   Data           1  teclado.o(.bss.tecla)
    tempoEntrePulsos                         0x1ffff128   Data           4  controle_motor.o(.bss.tempoEntrePulsos)
    tempoFaltando                            0x1ffff12c   Data           4  controle_motor.o(.bss.tempoFaltando)
    velocidadeAtual                          0x1ffff130   Data           4  controle_motor.o(.bss.velocidadeAtual)



==============================================================================

Memory Map of the image

  Image Entry point : 0x00000175

  Load Region LR_1 (Base: 0x00000000, Size: 0x00003228, Max: 0xffffffff, ABSOLUTE)

    Execution Region ER_RO (Exec base: 0x00000000, Load base: 0x00000000, Size: 0x00003188, Max: 0xffffffff, ABSOLUTE)

    Exec Addr    Load Addr    Size         Type   Attr      Idx    E Section Name        Object

    0x00000000   0x00000000   0x000000c0   Data   RO          200    RESET               startup_mkl25z4.o
    0x000000c0   0x000000c0   0x00000008   Code   RO          236  * !!!main             c_p.l(__main.o)
    0x000000c8   0x000000c8   0x0000003c   Code   RO          487    !!!scatter          c_p.l(__scatter.o)
    0x00000104   0x00000104   0x0000001a   Code   RO          489    !!handler_copy      c_p.l(__scatter_copy.o)
    0x0000011e   0x0000011e   0x00000002   PAD
    0x00000120   0x00000120   0x0000001c   Code   RO          491    !!handler_zi        c_p.l(__scatter_zi.o)
    0x0000013c   0x0000013c   0x00000002   Code   RO          345    .ARM.Collect$$libinit$$00000000  c_p.l(libinit.o)
    0x0000013e   0x0000013e   0x00000000   Code   RO          360    .ARM.Collect$$libinit$$00000002  c_p.l(libinit2.o)
    0x0000013e   0x0000013e   0x00000000   Code   RO          362    .ARM.Collect$$libinit$$00000004  c_p.l(libinit2.o)
    0x0000013e   0x0000013e   0x00000000   Code   RO          364    .ARM.Collect$$libinit$$00000006  c_p.l(libinit2.o)
    0x0000013e   0x0000013e   0x00000000   Code   RO          367    .ARM.Collect$$libinit$$0000000C  c_p.l(libinit2.o)
    0x0000013e   0x0000013e   0x00000000   Code   RO          369    .ARM.Collect$$libinit$$0000000E  c_p.l(libinit2.o)
    0x0000013e   0x0000013e   0x00000000   Code   RO          371    .ARM.Collect$$libinit$$00000010  c_p.l(libinit2.o)
    0x0000013e   0x0000013e   0x00000006   Code   RO          372    .ARM.Collect$$libinit$$00000011  c_p.l(libinit2.o)
    0x00000144   0x00000144   0x00000000   Code   RO          374    .ARM.Collect$$libinit$$00000013  c_p.l(libinit2.o)
    0x00000144   0x00000144   0x0000000c   Code   RO          375    .ARM.Collect$$libinit$$00000014  c_p.l(libinit2.o)
    0x00000150   0x00000150   0x00000000   Code   RO          376    .ARM.Collect$$libinit$$00000015  c_p.l(libinit2.o)
    0x00000150   0x00000150   0x00000000   Code   RO          378    .ARM.Collect$$libinit$$00000017  c_p.l(libinit2.o)
    0x00000150   0x00000150   0x00000000   Code   RO          380    .ARM.Collect$$libinit$$00000019  c_p.l(libinit2.o)
    0x00000150   0x00000150   0x00000000   Code   RO          382    .ARM.Collect$$libinit$$0000001B  c_p.l(libinit2.o)
    0x00000150   0x00000150   0x00000000   Code   RO          384    .ARM.Collect$$libinit$$0000001D  c_p.l(libinit2.o)
    0x00000150   0x00000150   0x00000000   Code   RO          386    .ARM.Collect$$libinit$$0000001F  c_p.l(libinit2.o)
    0x00000150   0x00000150   0x00000000   Code   RO          388    .ARM.Collect$$libinit$$00000021  c_p.l(libinit2.o)
    0x00000150   0x00000150   0x00000000   Code   RO          390    .ARM.Collect$$libinit$$00000023  c_p.l(libinit2.o)
    0x00000150   0x00000150   0x00000000   Code   RO          392    .ARM.Collect$$libinit$$00000025  c_p.l(libinit2.o)
    0x00000150   0x00000150   0x00000000   Code   RO          394    .ARM.Collect$$libinit$$00000027  c_p.l(libinit2.o)
    0x00000150   0x00000150   0x00000000   Code   RO          398    .ARM.Collect$$libinit$$0000002E  c_p.l(libinit2.o)
    0x00000150   0x00000150   0x00000000   Code   RO          400    .ARM.Collect$$libinit$$00000030  c_p.l(libinit2.o)
    0x00000150   0x00000150   0x00000000   Code   RO          402    .ARM.Collect$$libinit$$00000032  c_p.l(libinit2.o)
    0x00000150   0x00000150   0x00000000   Code   RO          404    .ARM.Collect$$libinit$$00000034  c_p.l(libinit2.o)
    0x00000150   0x00000150   0x00000002   Code   RO          405    .ARM.Collect$$libinit$$00000035  c_p.l(libinit2.o)
    0x00000152   0x00000152   0x00000002   Code   RO          442    .ARM.Collect$$libshutdown$$00000000  c_p.l(libshutdown.o)
    0x00000154   0x00000154   0x00000000   Code   RO          470    .ARM.Collect$$libshutdown$$00000002  c_p.l(libshutdown2.o)
    0x00000154   0x00000154   0x00000000   Code   RO          472    .ARM.Collect$$libshutdown$$00000004  c_p.l(libshutdown2.o)
    0x00000154   0x00000154   0x00000000   Code   RO          475    .ARM.Collect$$libshutdown$$00000007  c_p.l(libshutdown2.o)
    0x00000154   0x00000154   0x00000000   Code   RO          478    .ARM.Collect$$libshutdown$$0000000A  c_p.l(libshutdown2.o)
    0x00000154   0x00000154   0x00000000   Code   RO          480    .ARM.Collect$$libshutdown$$0000000C  c_p.l(libshutdown2.o)
    0x00000154   0x00000154   0x00000000   Code   RO          483    .ARM.Collect$$libshutdown$$0000000F  c_p.l(libshutdown2.o)
    0x00000154   0x00000154   0x00000002   Code   RO          484    .ARM.Collect$$libshutdown$$00000010  c_p.l(libshutdown2.o)
    0x00000156   0x00000156   0x00000000   Code   RO          276    .ARM.Collect$$rtentry$$00000000  c_p.l(__rtentry.o)
    0x00000156   0x00000156   0x00000000   Code   RO          299    .ARM.Collect$$rtentry$$00000002  c_p.l(__rtentry2.o)
    0x00000156   0x00000156   0x00000006   Code   RO          311    .ARM.Collect$$rtentry$$00000004  c_p.l(__rtentry4.o)
    0x0000015c   0x0000015c   0x00000000   Code   RO          301    .ARM.Collect$$rtentry$$00000009  c_p.l(__rtentry2.o)
    0x0000015c   0x0000015c   0x00000004   Code   RO          302    .ARM.Collect$$rtentry$$0000000A  c_p.l(__rtentry2.o)
    0x00000160   0x00000160   0x00000000   Code   RO          304    .ARM.Collect$$rtentry$$0000000C  c_p.l(__rtentry2.o)
    0x00000160   0x00000160   0x00000008   Code   RO          305    .ARM.Collect$$rtentry$$0000000D  c_p.l(__rtentry2.o)
    0x00000168   0x00000168   0x00000002   Code   RO          351    .ARM.Collect$$rtexit$$00000000  c_p.l(rtexit.o)
    0x0000016a   0x0000016a   0x00000000   Code   RO          413    .ARM.Collect$$rtexit$$00000002  c_p.l(rtexit2.o)
    0x0000016a   0x0000016a   0x00000004   Code   RO          414    .ARM.Collect$$rtexit$$00000003  c_p.l(rtexit2.o)
    0x0000016e   0x0000016e   0x00000006   Code   RO          415    .ARM.Collect$$rtexit$$00000004  c_p.l(rtexit2.o)
    0x00000174   0x00000174   0x00000040   Code   RO          202  * .text               startup_mkl25z4.o
    0x000001b4   0x000001b4   0x0000001a   Code   RO          224    .text               c_p.l(atoi.o)
    0x000001ce   0x000001ce   0x00000002   PAD
    0x000001d0   0x000001d0   0x0000004c   Code   RO          226    .text               c_p.l(strcpy.o)
    0x0000021c   0x0000021c   0x00000088   Code   RO          228    .text               c_p.l(strcmp.o)
    0x000002a4   0x000002a4   0x00000006   Code   RO          234    .text               c_p.l(heapauxi.o)
    0x000002aa   0x000002aa   0x00000002   PAD
    0x000002ac   0x000002ac   0x0000007c   Code   RO          238    .text               fz_ps.l(d2f.o)
    0x00000328   0x00000328   0x0000006c   Code   RO          257    .text               fz_ps.l(dfixi.o)
    0x00000394   0x00000394   0x00000058   Code   RO          259    .text               fz_ps.l(dflti.o)
    0x000003ec   0x000003ec   0x00000008   Code   RO          284    .text               c_p.l(rt_errno_addr_intlibspace.o)
    0x000003f4   0x000003f4   0x00000008   Code   RO          295    .text               c_p.l(libspace.o)
    0x000003fc   0x000003fc   0x00000002   Code   RO          431    .text               c_p.l(use_no_semi.o)
    0x000003fe   0x000003fe   0x00000000   Code   RO          433    .text               c_p.l(indicate_semi.o)
    0x000003fe   0x000003fe   0x00000000   Code   RO          294    x$fpl$usenofp       fz_ps.l(usenofp.o)
    0x000003fe   0x000003fe   0x00000002   PAD
    0x00000400   0x00000400   0x00000010   Code   RO          201    .ARM.__at_0x400     startup_mkl25z4.o
    0x00000410   0x00000410   0x0000016c   Code   RO          230    .text               c_p.l(aeabi_sdiv.o)
    0x0000057c   0x0000057c   0x00000358   Code   RO          240    .text               fz_ps.l(daddsub.o)
    0x000008d4   0x000008d4   0x00000448   Code   RO          254    .text               fz_ps.l(ddiv.o)
    0x00000d1c   0x00000d1c   0x00000160   Code   RO          267    .text               fz_ps.l(fdiv.o)
    0x00000e7c   0x00000e7c   0x0000004c   Code   RO          270    .text               fz_ps.l(ffixi.o)
    0x00000ec8   0x00000ec8   0x0000005e   Code   RO          272    .text               fz_ps.l(fflti.o)
    0x00000f26   0x00000f26   0x00000002   PAD
    0x00000f28   0x00000f28   0x00000070   Code   RO          286    .text               c_p.l(strtol.o)
    0x00000f98   0x00000f98   0x00000010   Code   RO          313    .text               c_p.l(rt_ctype_table.o)
    0x00000fa8   0x00000fa8   0x000000a6   Code   RO          317    .text               c_p.l(_strtoul.o)
    0x0000104e   0x0000104e   0x00000002   PAD
    0x00001050   0x00001050   0x000000a0   Code   RO          319    .text               fz_ps.l(dcmpin.o)
    0x000010f0   0x000010f0   0x0000003e   Code   RO          321    .text               c_p.l(sys_stackheap_outer.o)
    0x0000112e   0x0000112e   0x00000002   PAD
    0x00001130   0x00001130   0x00000008   Code   RO          327    .text               c_p.l(rt_locale_intlibspace.o)
    0x00001138   0x00001138   0x0000001e   Code   RO          329    .text               c_p.l(_chval.o)
    0x00001156   0x00001156   0x00000010   Code   RO          334    .text               c_p.l(exit.o)
    0x00001166   0x00001166   0x0000002e   Code   RO          346    .text               fz_ps.l(cmpret.o)
    0x00001194   0x00001194   0x00000014   Code   RO          348    .text               fz_ps.l(dnan2.o)
    0x000011a8   0x000011a8   0x0000005e   Code   RO          406    .text               fz_ps.l(retnan.o)
    0x00001206   0x00001206   0x00000002   PAD
    0x00001208   0x00001208   0x0000000c   Code   RO          408    .text               c_p.l(sys_exit.o)
    0x00001214   0x00001214   0x000000ac   Code   RO            8    .text.PIT_IRQHandler  main.o
    0x000012c0   0x000012c0   0x000000b4   Code   RO           10    .text.PORTA_IRQHandler  main.o
    0x00001374   0x00001374   0x00000040   Code   RO          179    .text.RTC_timer_configura  controle_motor.o
    0x000013b4   0x000013b4   0x0000000c   Code   RO          211    .text.SystemInit    system_mkl25z4.o
    0x000013c0   0x000013c0   0x0000002c   Code   RO          150    .text.__NVIC_ClearPendingIRQ  timers.o
    0x000013ec   0x000013ec   0x00000028   Code   RO            6    .text.__NVIC_EnableIRQ  main.o
    0x00001414   0x00001414   0x0000002c   Code   RO          152    .text.__NVIC_EnableIRQ  timers.o
    0x00001440   0x00001440   0x0000007c   Code   RO            4    .text.__NVIC_SetPriority  main.o
    0x000014bc   0x000014bc   0x00000084   Code   RO          148    .text.__NVIC_SetPriority  timers.o
    0x00001540   0x00001540   0x00000068   Code   RO           38    .text.abrePortasEspera  validacao_senhas.o
    0x000015a8   0x000015a8   0x00000032   Code   RO          142    .text.atraso        timers.o
    0x000015da   0x000015da   0x0000001c   Code   RO           76    .text.config_lcd_padrao  lcdio.o
    0x000015f6   0x000015f6   0x00000002   PAD
    0x000015f8   0x000015f8   0x00000038   Code   RO          169    .text.configura_motor  controle_motor.o
    0x00001630   0x00001630   0x00000058   Code   RO          140    .text.delay_ms      timers.o
    0x00001688   0x00001688   0x00000060   Code   RO          138    .text.delay_s       timers.o
    0x000016e8   0x000016e8   0x0000000c   Code   RO          158    .text.desliga_PIT0  timers.o
    0x000016f4   0x000016f4   0x0000000c   Code   RO          156    .text.desliga_PIT1  timers.o
    0x00001700   0x00001700   0x00000144   Code   RO           28    .text.edicaoDist    validacao_senhas.o
    0x00001844   0x00001844   0x000000a8   Code   RO           24    .text.edicaoParametros  validacao_senhas.o
    0x000018ec   0x000018ec   0x00000064   Code   RO           30    .text.edicaoTempo   validacao_senhas.o
    0x00001950   0x00001950   0x00000144   Code   RO           32    .text.edicaoTempoParada  validacao_senhas.o
    0x00001a94   0x00001a94   0x00000144   Code   RO           34    .text.edicaoTempoViagem  validacao_senhas.o
    0x00001bd8   0x00001bd8   0x00000154   Code   RO           26    .text.edicaoVel     validacao_senhas.o
    0x00001d2c   0x00001d2c   0x000000e4   Code   RO           22    .text.lerSenha      validacao_senhas.o
    0x00001e10   0x00001e10   0x0000008c   Code   RO          126    .text.lerTeclado    teclado.o
    0x00001e9c   0x00001e9c   0x0000010c   Code   RO          120    .text.ligaLinhas    teclado.o
    0x00001fa8   0x00001fa8   0x00000018   Code   RO           74    .text.limpa_reseta_cursor  lcdio.o
    0x00001fc0   0x00001fc0   0x00000244   Code   RO            2    .text.main          main.o
    0x00002204   0x00002204   0x00000154   Code   RO           44    .text.modoAuto      validacao_senhas.o
    0x00002358   0x00002358   0x00000080   Code   RO          122    .text.procuraLinhas  teclado.o
    0x000023d8   0x000023d8   0x00000014   Code   RO          124    .text.procuraTecla  teclado.o
    0x000023ec   0x000023ec   0x00000012   Code   RO           78    .text.proxima_linha  lcdio.o
    0x000023fe   0x000023fe   0x00000002   PAD
    0x00002400   0x00002400   0x00000074   Code   RO          171    .text.pwm_motor     controle_motor.o
    0x00002474   0x00002474   0x0000021c   Code   RO           42    .text.realizar_viagem  validacao_senhas.o
    0x00002690   0x00002690   0x0000007c   Code   RO           36    .text.selecaoModoMaquinista  validacao_senhas.o
    0x0000270c   0x0000270c   0x0000004c   Code   RO           70    .text.send_command  lcdio.o
    0x00002758   0x00002758   0x00000054   Code   RO           68    .text.send_data     lcdio.o
    0x000027ac   0x000027ac   0x00000026   Code   RO           72    .text.send_string   lcdio.o
    0x000027d2   0x000027d2   0x00000002   PAD
    0x000027d4   0x000027d4   0x0000005c   Code   RO          146    .text.setup_PIT0    timers.o
    0x00002830   0x00002830   0x00000060   Code   RO          154    .text.setup_PIT1    timers.o
    0x00002890   0x00002890   0x00000080   Code   RO          118    .text.teclaDeboucing  teclado.o
    0x00002910   0x00002910   0x0000001c   Code   RO           86    .text.telaAdmLogado  lcdio.o
    0x0000292c   0x0000292c   0x00000020   Code   RO           80    .text.telaArmMetro  lcdio.o
    0x0000294c   0x0000294c   0x00000018   Code   RO           90    .text.telaEditarDist  lcdio.o
    0x00002964   0x00002964   0x00000020   Code   RO           88    .text.telaEditarParametros  lcdio.o
    0x00002984   0x00002984   0x00000018   Code   RO           96    .text.telaEditarTempoParada  lcdio.o
    0x0000299c   0x0000299c   0x00000018   Code   RO           94    .text.telaEditarTempoViagem  lcdio.o
    0x000029b4   0x000029b4   0x00000018   Code   RO           92    .text.telaEditarTempos  lcdio.o
    0x000029cc   0x000029cc   0x00000020   Code   RO           98    .text.telaEditarVel  lcdio.o
    0x000029ec   0x000029ec   0x00000020   Code   RO          108    .text.telaModosMaquinista  lcdio.o
    0x00002a0c   0x00002a0c   0x00000018   Code   RO          102    .text.telaNovaDist  lcdio.o
    0x00002a24   0x00002a24   0x00000018   Code   RO          100    .text.telaNovaVel   lcdio.o
    0x00002a3c   0x00002a3c   0x0000001c   Code   RO           82    .text.telaSenhaCorreta  lcdio.o
    0x00002a58   0x00002a58   0x0000001c   Code   RO           84    .text.telaSenhaIncorreta  lcdio.o
    0x00002a74   0x00002a74   0x00000018   Code   RO          104    .text.telaTempoParada  lcdio.o
    0x00002a8c   0x00002a8c   0x00000018   Code   RO          106    .text.telaTempoViagem  lcdio.o
    0x00002aa4   0x00002aa4   0x0000007c   Code   RO           40    .text.tostring      validacao_senhas.o
    0x00002b20   0x00002b20   0x00000038   Code   RO           66    .text.trigger_EN    lcdio.o
    0x00002b58   0x00002b58   0x00000016   Code   RO          243    i._dgeq             fz_ps.l(dcmp.o)
    0x00002b6e   0x00002b6e   0x00000002   PAD
    0x00002b70   0x00002b70   0x0000002c   Code   RO          332    locale$$code        c_p.l(lc_ctype_c.o)
    0x00002b9c   0x00002b9c   0x00000064   Code   RO          290    x$fpl$dgeqf         fz_ps.l(dgef.o)
    0x00002c00   0x00002c00   0x0000008c   Code   RO          261    x$fpl$fadd          fz_ps.l(faddsub.o)
    0x00002c8c   0x00002c8c   0x000000b0   Code   RO          274    x$fpl$fmul          fz_ps.l(fmul.o)
    0x00002d3c   0x00002d3c   0x000000d0   Code   RO          263    x$fpl$fsub          fz_ps.l(faddsub.o)
    0x00002e0c   0x00002e0c   0x00000080   Data   RO          255    .constdata          fz_ps.l(ddiv.o)
    0x00002e8c   0x00002e8c   0x00000040   Data   RO          268    .constdata          fz_ps.l(fdiv.o)
    0x00002ecc   0x00002ecc   0x00000026   Data   RO           13    .rodata.str1.1      main.o
    0x00002ef2   0x00002ef2   0x00000087   Data   RO           56    .rodata.str1.1      validacao_senhas.o
    0x00002f79   0x00002f79   0x000000df   Data   RO          110    .rodata.str1.1      lcdio.o
    0x00003058   0x00003058   0x00000020   Data   RO          486    Region$$Table       anon$$obj.o
    0x00003078   0x00003078   0x00000110   Data   RO          331    locale$$data        c_p.l(lc_ctype_c.o)


    Execution Region ER_RW (Exec base: 0x1ffff000, Load base: 0x00003188, Size: 0x000000a0, Max: 0xffffffff, ABSOLUTE)

    Exec Addr    Load Addr    Size         Type   Attr      Idx    E Section Name        Object

    0x1ffff000   0x00003188   0x00000010   Data   RW           53    .data.estado        validacao_senhas.o
    0x1ffff010   0x00003198   0x00000004   Data   RW           55    .data.ida           validacao_senhas.o
    0x1ffff014   0x0000319c   0x00000004   PAD
    0x1ffff018   0x000031a0   0x00000060   Data   RW           49    .data.parametros    validacao_senhas.o
    0x1ffff078   0x00003200   0x00000007   Data   RW           46    .data.senhaAdm      validacao_senhas.o
    0x1ffff07f   0x00003207   0x00000007   Data   RW           47    .data.senhaOp1      validacao_senhas.o
    0x1ffff086   0x0000320e   0x00000007   Data   RW           48    .data.senhaOp2      validacao_senhas.o
    0x1ffff08d   0x00003215   0x00000010   Data   RW          128    .data.teclado       teclado.o


    Execution Region ER_ZI (Exec base: 0x1ffff0a0, Load base: 0x00003228, Size: 0x00000198, Max: 0xffffffff, ABSOLUTE)

    Exec Addr    Load Addr    Size         Type   Attr      Idx    E Section Name        Object

    0x1ffff0a0        -       0x00000060   Zero   RW          296    .bss                c_p.l(libspace.o)
    0x1ffff100        -       0x00000004   Zero   RW           12    .bss.contagemBlinkLed  main.o
    0x1ffff104        -       0x00000004   Zero   RW          189    .bss.distancia      controle_motor.o
    0x1ffff108        -       0x00000004   Zero   RW          187    .bss.motor_calibrado  controle_motor.o
    0x1ffff10c        -       0x00000004   Zero   RW           50    .bss.nr_digitados   validacao_senhas.o
    0x1ffff110        -       0x00000004   Zero   RW           54    .bss.portas_abertas  validacao_senhas.o
    0x1ffff114        -       0x00000004   Zero   RW          184    .bss.pulsos         controle_motor.o
    0x1ffff118        -       0x00000004   Zero   RW          186    .bss.rotacoes_0kmh  controle_motor.o
    0x1ffff11c        -       0x00000004   Zero   RW          185    .bss.rotacoes_80kmh  controle_motor.o
    0x1ffff120        -       0x00000007   Zero   RW           51    .bss.senha          validacao_senhas.o
    0x1ffff127        -       0x00000001   Zero   RW          129    .bss.tecla          teclado.o
    0x1ffff128        -       0x00000004   Zero   RW          191    .bss.tempoEntrePulsos  controle_motor.o
    0x1ffff12c        -       0x00000004   Zero   RW          190    .bss.tempoFaltando  controle_motor.o
    0x1ffff130        -       0x00000004   Zero   RW          183    .bss.velocidadeAtual  controle_motor.o
    0x1ffff134   0x00003228   0x00000004   PAD
    0x1ffff138        -       0x00000000   Zero   RW          199    HEAP                startup_mkl25z4.o
    0x1ffff138        -       0x00000100   Zero   RW          198    STACK               startup_mkl25z4.o


==============================================================================

Image component sizes


      Code (inc. data)   RO Data    RW Data    ZI Data      Debug   Object Name

       236         68          0          0         32       3491   controle_motor.o
       728         88        223          0          0       3305   lcdio.o
      1096        208         38          0          4       4525   main.o
        80         44        192          0        256        876   startup_mkl25z4.o
        12          4          0          0          0       2558   system_mkl25z4.o
       684         32          0         16          1       1981   teclado.o
       666         64          0          0          0       4914   timers.o
      3040        192        135        137         15       6008   validacao_senhas.o

    ----------------------------------------------------------------------
      6548        700        620        160        312      27658   Object Totals
         0          0         32          0          0          0   (incl. Generated)
         6          0          0          7          4          0   (incl. Padding)

    ----------------------------------------------------------------------

      Code (inc. data)   RO Data    RW Data    ZI Data      Debug   Library Member Name

         8          0          0          0          0         68   __main.o
         0          0          0          0          0          0   __rtentry.o
        12          0          0          0          0          0   __rtentry2.o
         6          0          0          0          0          0   __rtentry4.o
        60          8          0          0          0          0   __scatter.o
        26          0          0          0          0          0   __scatter_copy.o
        28          0          0          0          0          0   __scatter_zi.o
        30          0          0          0          0         60   _chval.o
       166          0          0          0          0         84   _strtoul.o
       364          4          0          0          0         92   aeabi_sdiv.o
        26          0          0          0          0         72   atoi.o
        16          0          0          0          0         68   exit.o
         6          0          0          0          0        136   heapauxi.o
         0          0          0          0          0          0   indicate_semi.o
        44         10        272          0          0         76   lc_ctype_c.o
         2          0          0          0          0          0   libinit.o
        20          0          0          0          0          0   libinit2.o
         2          0          0          0          0          0   libshutdown.o
         2          0          0          0          0          0   libshutdown2.o
         8          4          0          0         96         68   libspace.o
        16          4          0          0          0         76   rt_ctype_table.o
         8          4          0          0          0         68   rt_errno_addr_intlibspace.o
         8          4          0          0          0         68   rt_locale_intlibspace.o
         2          0          0          0          0          0   rtexit.o
        10          0          0          0          0          0   rtexit2.o
       136          4          0          0          0         72   strcmp.o
        76          6          0          0          0         72   strcpy.o
       112          4          0          0          0         76   strtol.o
        12          4          0          0          0         60   sys_exit.o
        62          0          0          0          0         80   sys_stackheap_outer.o
         2          0          0          0          0         68   use_no_semi.o
        46          0          0          0          0         60   cmpret.o
       124          4          0          0          0         72   d2f.o
       856         20          0          0          0        208   daddsub.o
        22          0          0          0          0         68   dcmp.o
       160          6          0          0          0         76   dcmpin.o
      1096         26        128          0          0        112   ddiv.o
       108         10          0          0          0         72   dfixi.o
        88          0          0          0          0         92   dflti.o
       100          4          0          0          0         92   dgef.o
        20          6          0          0          0         68   dnan2.o
       348          8          0          0          0        160   faddsub.o
       352         10         64          0          0         92   fdiv.o
        76          0          0          0          0         68   ffixi.o
        94          0          0          0          0         92   fflti.o
       176          4          0          0          0         80   fmul.o
        94          0          0          0          0         68   retnan.o
         0          0          0          0          0          0   usenofp.o

    ----------------------------------------------------------------------
      5048        154        464          0         96       2844   Library Totals
        18          0          0          0          0          0   (incl. Padding)

    ----------------------------------------------------------------------

      Code (inc. data)   RO Data    RW Data    ZI Data      Debug   Library Name

      1270         56        272          0         96       1364   c_p.l
      3760         98        192          0          0       1480   fz_ps.l

    ----------------------------------------------------------------------
      5048        154        464          0         96       2844   Library Totals

    ----------------------------------------------------------------------

==============================================================================


      Code (inc. data)   RO Data    RW Data    ZI Data      Debug   

     11596        854       1084        160        408      28986   Grand Totals
     11596        854       1084        160        408      28986   ELF Image Totals
     11596        854       1084        160          0          0   ROM Totals

==============================================================================

    Total RO  Size (Code + RO Data)                12680 (  12.38kB)
    Total RW  Size (RW Data + ZI Data)               568 (   0.55kB)
    Total ROM Size (Code + RO Data + RW Data)      12840 (  12.54kB)

==============================================================================

