Component: Arm Compiler for Embedded 6.19 Tool: armlink [5e73cb00]

==============================================================================

Section Cross References

    main.o(.text.main) refers to controle_motor.o(.text.RTC_timer_configura) for RTC_timer_configura
    main.o(.text.main) refers to lcdio.o(.text.config_lcd_padrao) for config_lcd_padrao
    main.o(.text.main) refers to lcdio.o(.text.limpa_reseta_cursor) for limpa_reseta_cursor
    main.o(.text.main) refers to strcmp.o(.text) for strcmp
    main.o(.text.main) refers to lcdio.o(.text.telaArmMetro) for telaArmMetro
    main.o(.text.main) refers to validacao_senhas.o(.text.lerSenha) for lerSenha
    main.o(.text.main) refers to lcdio.o(.text.telaEditarParametros) for telaEditarParametros
    main.o(.text.main) refers to validacao_senhas.o(.text.edicaoParametros) for edicaoParametros
    main.o(.text.main) refers to lcdio.o(.text.telaEditarVel) for telaEditarVel
    main.o(.text.main) refers to lcdio.o(.text.send_data) for send_data
    main.o(.text.main) refers to timers.o(.text.atraso) for atraso
    main.o(.text.main) refers to main.o(.bss.distancia) for [Anonymous Symbol]
    main.o(.text.main) refers to main.o(.bss.tempoFaltando) for [Anonymous Symbol]
    main.o(.text.main) refers to main.o(.bss.tempoEntrePulsos) for [Anonymous Symbol]
    main.o(.text.main) refers to main.o(.bss.pulsos) for [Anonymous Symbol]
    main.o(.text.main) refers to main.o(.bss.rotacoes_80kmh) for [Anonymous Symbol]
    main.o(.text.main) refers to main.o(.bss.rotacoes_0kmh) for [Anonymous Symbol]
    main.o(.text.main) refers to main.o(.bss.motor_calibrado) for [Anonymous Symbol]
    main.o(.text.main) refers to main.o(.bss.velocidadeAtual) for [Anonymous Symbol]
    main.o(.text.main) refers to validacao_senhas.o(.data.estado) for estado
    main.o(.text.main) refers to main.o(.rodata.str1.1) for [Anonymous Symbol]
    main.o(.text.main) refers to teclado.o(.bss.tecla) for tecla
    main.o(.ARM.exidx.text.main) refers to main.o(.text.main) for [Anonymous Symbol]
    validacao_senhas.o(.text.lerSenha) refers to teclado.o(.text.lerTeclado) for lerTeclado
    validacao_senhas.o(.text.lerSenha) refers to strcmp.o(.text) for strcmp
    validacao_senhas.o(.text.lerSenha) refers to strcpy.o(.text) for strcpy
    validacao_senhas.o(.text.lerSenha) refers to lcdio.o(.text.telaAdmLogado) for telaAdmLogado
    validacao_senhas.o(.text.lerSenha) refers to lcdio.o(.text.telaSenhaCorreta) for telaSenhaCorreta
    validacao_senhas.o(.text.lerSenha) refers to lcdio.o(.text.telaSenhaIncorreta) for telaSenhaIncorreta
    validacao_senhas.o(.text.lerSenha) refers to lcdio.o(.text.limpa_reseta_cursor) for limpa_reseta_cursor
    validacao_senhas.o(.text.lerSenha) refers to validacao_senhas.o(.bss.nr_digitados) for nr_digitados
    validacao_senhas.o(.text.lerSenha) refers to teclado.o(.bss.tecla) for tecla
    validacao_senhas.o(.text.lerSenha) refers to validacao_senhas.o(.bss.senha) for senha
    validacao_senhas.o(.text.lerSenha) refers to validacao_senhas.o(.data.senhaAdm) for senhaAdm
    validacao_senhas.o(.text.lerSenha) refers to validacao_senhas.o(.data.estado) for estado
    validacao_senhas.o(.text.lerSenha) refers to validacao_senhas.o(.rodata.str1.1) for [Anonymous Symbol]
    validacao_senhas.o(.text.lerSenha) refers to validacao_senhas.o(.data.senhaOp1) for senhaOp1
    validacao_senhas.o(.text.lerSenha) refers to validacao_senhas.o(.data.senhaOp2) for senhaOp2
    validacao_senhas.o(.ARM.exidx.text.lerSenha) refers to validacao_senhas.o(.text.lerSenha) for [Anonymous Symbol]
    validacao_senhas.o(.text.edicaoParametros) refers to teclado.o(.text.lerTeclado) for lerTeclado
    validacao_senhas.o(.text.edicaoParametros) refers to strcpy.o(.text) for strcpy
    validacao_senhas.o(.text.edicaoParametros) refers to teclado.o(.bss.tecla) for tecla
    validacao_senhas.o(.text.edicaoParametros) refers to validacao_senhas.o(.data.estado) for estado
    validacao_senhas.o(.text.edicaoParametros) refers to validacao_senhas.o(.rodata.str1.1) for [Anonymous Symbol]
    validacao_senhas.o(.ARM.exidx.text.edicaoParametros) refers to validacao_senhas.o(.text.edicaoParametros) for [Anonymous Symbol]
    validacao_senhas.o(.text.edicaoVel) refers to teclado.o(.text.lerTeclado) for lerTeclado
    validacao_senhas.o(.text.edicaoVel) refers to lcdio.o(.text.telaNovaVel) for telaNovaVel
    validacao_senhas.o(.text.edicaoVel) refers to atoi.o(.text) for atoi
    validacao_senhas.o(.text.edicaoVel) refers to dflti.o(.text) for __aeabi_i2d
    validacao_senhas.o(.text.edicaoVel) refers to teclado.o(.bss.tecla) for tecla
    validacao_senhas.o(.text.edicaoVel) refers to validacao_senhas.o(.data.parametros) for parametros
    validacao_senhas.o(.ARM.exidx.text.edicaoVel) refers to validacao_senhas.o(.text.edicaoVel) for [Anonymous Symbol]
    validacao_senhas.o(.text.edicaoDist) refers to teclado.o(.text.lerTeclado) for lerTeclado
[...]
    lcdio.o(.text.telaEditarVel) refers to lcdio.o(.rodata.str1.1) for [Anonymous Symbol]
    lcdio.o(.ARM.exidx.text.telaEditarVel) refers to lcdio.o(.text.telaEditarVel) for [Anonymous Symbol]
    lcdio.o(.text.telaNovaVel) refers to lcdio.o(.text.limpa_reseta_cursor) for limpa_reseta_cursor
    lcdio.o(.text.telaNovaVel) refers to lcdio.o(.text.send_string) for send_string
    lcdio.o(.text.telaNovaVel) refers to lcdio.o(.text.proxima_linha) for proxima_linha
    lcdio.o(.text.telaNovaVel) refers to lcdio.o(.rodata.str1.1) for [Anonymous Symbol]
    lcdio.o(.ARM.exidx.text.telaNovaVel) refers to lcdio.o(.text.telaNovaVel) for [Anonymous Symbol]
    lcdio.o(.text.telaNovaDist) refers to lcdio.o(.text.limpa_reseta_cursor) for limpa_reseta_cursor
    lcdio.o(.text.telaNovaDist) refers to lcdio.o(.text.send_string) for send_string
    lcdio.o(.text.telaNovaDist) refers to lcdio.o(.text.proxima_linha) for proxima_linha
    lcdio.o(.text.telaNovaDist) refers to lcdio.o(.rodata.str1.1) for [Anonymous Symbol]
    lcdio.o(.ARM.exidx.text.telaNovaDist) refers to lcdio.o(.text.telaNovaDist) for [Anonymous Symbol]
    lcdio.o(.text.rotinaEdicaoParametros) refers to lcdio.o(.text.telaEditarParametros) for telaEditarParametros
    lcdio.o(.text.rotinaEdicaoParametros) refers to teclado.o(.text.procuraTecla) for procuraTecla
    lcdio.o(.text.rotinaEdicaoParametros) refers to lcdio.o(.text.telaEditarDist) for telaEditarDist
    lcdio.o(.text.rotinaEdicaoParametros) refers to lcdio.o(.text.telaEditarTempos) for telaEditarTempos
    lcdio.o(.text.rotinaEdicaoParametros) refers to lcdio.o(.text.telaEditarVel) for telaEditarVel
    lcdio.o(.text.rotinaEdicaoParametros) refers to teclado.o(.bss.tecla) for tecla
    lcdio.o(.text.rotinaEdicaoParametros) refers to validacao_senhas.o(.bss.nr_digitados) for nr_digitados
    lcdio.o(.ARM.exidx.text.rotinaEdicaoParametros) refers to lcdio.o(.text.rotinaEdicaoParametros) for [Anonymous Symbol]
    teclado.o(.text.teclaDeboucing) refers to timers.o(.text.atraso) for atraso
    teclado.o(.text.teclaDeboucing) refers to teclado.o(.data.teclado) for teclado
    teclado.o(.ARM.exidx.text.teclaDeboucing) refers to teclado.o(.text.teclaDeboucing) for [Anonymous Symbol]
    teclado.o(.text.ligaLinhas) refers to teclado.o(.text.teclaDeboucing) for teclaDeboucing
    teclado.o(.ARM.exidx.text.ligaLinhas) refers to teclado.o(.text.ligaLinhas) for [Anonymous Symbol]
    teclado.o(.text.procuraLinhas) refers to teclado.o(.text.ligaLinhas) for ligaLinhas
    teclado.o(.ARM.exidx.text.procuraLinhas) refers to teclado.o(.text.procuraLinhas) for [Anonymous Symbol]
    teclado.o(.text.procuraTecla) refers to teclado.o(.text.procuraLinhas) for procuraLinhas
    teclado.o(.ARM.exidx.text.procuraTecla) refers to teclado.o(.text.procuraTecla) for [Anonymous Symbol]
    teclado.o(.text.lerTeclado) refers to teclado.o(.text.procuraTecla) for procuraTecla
    teclado.o(.text.lerTeclado) refers to lcdio.o(.text.send_data) for send_data
    teclado.o(.text.lerTeclado) refers to timers.o(.text.atraso) for atraso
    teclado.o(.text.lerTeclado) refers to teclado.o(.bss.tecla) for tecla
    teclado.o(.ARM.exidx.text.lerTeclado) refers to teclado.o(.text.lerTeclado) for [Anonymous Symbol]
    timers.o(.ARM.exidx.text.delay_s) refers to timers.o(.text.delay_s) for [Anonymous Symbol]
    timers.o(.text.delay_ms) refers to aeabi_sdiv.o(.text) for __aeabi_idiv
    timers.o(.ARM.exidx.text.delay_ms) refers to timers.o(.text.delay_ms) for [Anonymous Symbol]
    timers.o(.text.atraso) refers to timers.o(.text.delay_s) for delay_s
    timers.o(.text.atraso) refers to timers.o(.text.delay_ms) for delay_ms
    timers.o(.ARM.exidx.text.atraso) refers to timers.o(.text.atraso) for [Anonymous Symbol]
    timers.o(.ARM.exidx.text.velocidade) refers to timers.o(.text.velocidade) for [Anonymous Symbol]
    controle_motor.o(.ARM.exidx.text.configura_motor) refers to controle_motor.o(.text.configura_motor) for [Anonymous Symbol]
    controle_motor.o(.text.pwm_motor) refers to fmul.o(x$fpl$fmul) for __aeabi_fmul
    controle_motor.o(.text.pwm_motor) refers to fdiv.o(.text) for __aeabi_fdiv
    controle_motor.o(.text.pwm_motor) refers to faddsub.o(x$fpl$fadd) for __aeabi_fadd
    controle_motor.o(.text.pwm_motor) refers to ffixi.o(.text) for __aeabi_f2iz
    controle_motor.o(.text.pwm_motor) refers to aeabi_sdiv.o(.text) for __aeabi_idiv
    controle_motor.o(.text.pwm_motor) refers to controle_motor.o(.bss.velocidadeAtual) for [Anonymous Symbol]
    controle_motor.o(.ARM.exidx.text.pwm_motor) refers to controle_motor.o(.text.pwm_motor) for [Anonymous Symbol]
    controle_motor.o(.text.calibra_motor) refers to controle_motor.o(.text.pwm_motor) for pwm_motor
    controle_motor.o(.text.calibra_motor) refers to timers.o(.text.atraso) for atraso
    controle_motor.o(.text.calibra_motor) refers to fdiv.o(.text) for __aeabi_fdiv
    controle_motor.o(.text.calibra_motor) refers to fmul.o(x$fpl$fmul) for __aeabi_fmul
    controle_motor.o(.text.calibra_motor) refers to ffixi.o(.text) for __aeabi_f2iz
    controle_motor.o(.text.calibra_motor) refers to lcdio.o(.text.send_data) for send_data
    controle_motor.o(.text.calibra_motor) refers to lcdio.o(.text.send_string) for send_string
    controle_motor.o(.text.calibra_motor) refers to controle_motor.o(.bss.pulsos) for [Anonymous Symbol]
    controle_motor.o(.text.calibra_motor) refers to controle_motor.o(.bss.rotacoes_80kmh) for [Anonymous Symbol]
    controle_motor.o(.text.calibra_motor) refers to controle_motor.o(.bss.rotacoes_0kmh) for [Anonymous Symbol]
    controle_motor.o(.text.calibra_motor) refers to controle_motor.o(.bss.motor_calibrado) for [Anonymous Symbol]
    controle_motor.o(.text.calibra_motor) refers to controle_motor.o(.rodata.str1.1) for [Anonymous Symbol]
    controle_motor.o(.ARM.exidx.text.calibra_motor) refers to controle_motor.o(.text.calibra_motor) for [Anonymous Symbol]
    controle_motor.o(.text.km_hParaGiros_s) refers to faddsub.o(x$fpl$fsub) for __aeabi_fsub
    controle_motor.o(.text.km_hParaGiros_s) refers to fdiv.o(.text) for __aeabi_fdiv
    controle_motor.o(.text.km_hParaGiros_s) refers to fmul.o(x$fpl$fmul) for __aeabi_fmul
    controle_motor.o(.text.km_hParaGiros_s) refers to faddsub.o(x$fpl$fadd) for __aeabi_fadd
    controle_motor.o(.text.km_hParaGiros_s) refers to controle_motor.o(.bss.rotacoes_80kmh) for [Anonymous Symbol]
    controle_motor.o(.text.km_hParaGiros_s) refers to controle_motor.o(.bss.rotacoes_0kmh) for [Anonymous Symbol]
    controle_motor.o(.ARM.exidx.text.km_hParaGiros_s) refers to controle_motor.o(.text.km_hParaGiros_s) for [Anonymous Symbol]
    controle_motor.o(.text.km_hParaGiros_h) refers to faddsub.o(x$fpl$fsub) for __aeabi_fsub
    controle_motor.o(.text.km_hParaGiros_h) refers to fdiv.o(.text) for __aeabi_fdiv
    controle_motor.o(.text.km_hParaGiros_h) refers to fmul.o(x$fpl$fmul) for __aeabi_fmul
    controle_motor.o(.text.km_hParaGiros_h) refers to faddsub.o(x$fpl$fadd) for __aeabi_fadd
    controle_motor.o(.text.km_hParaGiros_h) refers to controle_motor.o(.bss.rotacoes_80kmh) for [Anonymous Symbol]
    controle_motor.o(.text.km_hParaGiros_h) refers to controle_motor.o(.bss.rotacoes_0kmh) for [Anonymous Symbol]
    controle_motor.o(.ARM.exidx.text.km_hParaGiros_h) refers to controle_motor.o(.text.km_hParaGiros_h) for [Anonymous Symbol]
    controle_motor.o(.ARM.exidx.text.RTC_timer_configura) refers to controle_motor.o(.text.RTC_timer_configura) for [Anonymous Symbol]
    controle_motor.o(.ARM.exidx.text.RTC_timer_reseta) refers to controle_motor.o(.text.RTC_timer_reseta) for [Anonymous Symbol]
    startup_mkl25z4.o(STACK) refers (Special) to heapauxi.o(.text) for __use_two_region_memory
    startup_mkl25z4.o(HEAP) refers (Special) to heapauxi.o(.text) for __use_two_region_memory
    startup_mkl25z4.o(RESET) refers (Special) to heapauxi.o(.text) for __use_two_region_memory
    startup_mkl25z4.o(RESET) refers to startup_mkl25z4.o(STACK) for __initial_sp
    startup_mkl25z4.o(RESET) refers to startup_mkl25z4.o(.text) for Reset_Handler
    startup_mkl25z4.o(.ARM.__at_0x400) refers (Special) to heapauxi.o(.text) for __use_two_region_memory
    startup_mkl25z4.o(.text) refers (Special) to heapauxi.o(.text) for __use_two_region_memory
    startup_mkl25z4.o(.text) refers to system_mkl25z4.o(.text.SystemInit) for SystemInit
    startup_mkl25z4.o(.text) refers to __main.o(!!!main) for __main
    startup_mkl25z4.o(.text) refers to startup_mkl25z4.o(HEAP) for Heap_Mem
    startup_mkl25z4.o(.text) refers to startup_mkl25z4.o(STACK) for Stack_Mem
    system_mkl25z4.o(.ARM.exidx.text.SystemInit) refers to system_mkl25z4.o(.text.SystemInit) for [Anonymous Symbol]
    system_mkl25z4.o(.text.SystemCoreClockUpdate) refers to aeabi_sdiv.o(.text) for __aeabi_uidiv
    system_mkl25z4.o(.text.SystemCoreClockUpdate) refers to system_mkl25z4.o(.data.SystemCoreClock) for SystemCoreClock
    system_mkl25z4.o(.ARM.exidx.text.SystemCoreClockUpdate) refers to system_mkl25z4.o(.text.SystemCoreClockUpdate) for [Anonymous Symbol]
    atoi.o(.text) refers to rt_errno_addr_intlibspace.o(.text) for __aeabi_errno_addr
    atoi.o(.text) refers to strtol.o(.text) for strtol
    __main.o(!!!main) refers to __rtentry.o(.ARM.Collect$$rtentry$$00000000) for __rt_entry
    dflti.o(.text) refers (Special) to usenofp.o(x$fpl$usenofp) for __I$use$fp
    faddsub.o(x$fpl$fadd) refers (Special) to usenofp.o(x$fpl$usenofp) for __I$use$fp
    faddsub.o(x$fpl$fadd) refers to faddsub.o(x$fpl$fsub) for _fsub1
    faddsub.o(x$fpl$frsb) refers (Special) to usenofp.o(x$fpl$usenofp) for __I$use$fp
    faddsub.o(x$fpl$frsb) refers to faddsub.o(x$fpl$fsub) for _fsub1
    faddsub.o(x$fpl$frsb) refers to faddsub.o(x$fpl$fadd) for _fadd1
    faddsub.o(x$fpl$fsub) refers (Special) to usenofp.o(x$fpl$usenofp) for __I$use$fp
    faddsub.o(x$fpl$fsub) refers to faddsub.o(x$fpl$fadd) for _fadd1
    fdiv.o(.text) refers (Special) to usenofp.o(x$fpl$usenofp) for __I$use$fp
    fdiv.o(.text) refers to fdiv.o(.constdata) for .constdata
    fdiv.o(.constdata) refers (Special) to usenofp.o(x$fpl$usenofp) for __I$use$fp
    ffixi.o(.text) refers (Special) to usenofp.o(x$fpl$usenofp) for __I$use$fp
    fmul.o(x$fpl$fmul) refers (Special) to usenofp.o(x$fpl$usenofp) for __I$use$fp
    __rtentry.o(.ARM.Collect$$rtentry$$00000000) refers (Special) to __rtentry2.o(.ARM.Collect$$rtentry$$0000000A) for __rt_entry_li
    __rtentry.o(.ARM.Collect$$rtentry$$00000000) refers (Special) to __rtentry2.o(.ARM.Collect$$rtentry$$0000000D) for __rt_entry_main
    __rtentry.o(.ARM.Collect$$rtentry$$00000000) refers (Special) to __rtentry2.o(.ARM.Collect$$rtentry$$0000000C) for __rt_entry_postli_1
    __rtentry.o(.ARM.Collect$$rtentry$$00000000) refers (Special) to __rtentry2.o(.ARM.Collect$$rtentry$$00000009) for __rt_entry_postsh_1
    __rtentry.o(.ARM.Collect$$rtentry$$00000000) refers (Special) to __rtentry2.o(.ARM.Collect$$rtentry$$00000002) for __rt_entry_presh_1
    __rtentry.o(.ARM.Collect$$rtentry$$00000000) refers (Special) to __rtentry4.o(.ARM.Collect$$rtentry$$00000004) for __rt_entry_sh
    aeabi_idiv0_sigfpe.o(.text) refers to rt_div0.o(.text) for __rt_div0
    rt_errno_addr.o(.text) refers to rt_errno_addr.o(.bss) for __aeabi_errno_addr_data
    rt_errno_addr_intlibspace.o(.text) refers to libspace.o(.bss) for __libspace_start
    strtol.o(.text) refers to rt_ctype_table.o(.text) for __rt_ctype_table
    strtol.o(.text) refers to _strtoul.o(.text) for _strtoul
    strtol.o(.text) refers to rt_errno_addr_intlibspace.o(.text) for __aeabi_errno_addr
    libspace.o(.text) refers to libspace.o(.bss) for __libspace_start
    __rtentry2.o(.ARM.Collect$$rtentry$$00000008) refers to boardinit2.o(.text) for _platform_post_stackheap_init
    __rtentry2.o(.ARM.Collect$$rtentry$$0000000A) refers to libinit.o(.ARM.Collect$$libinit$$00000000) for __rt_lib_init
    __rtentry2.o(.ARM.Collect$$rtentry$$0000000B) refers to boardinit3.o(.text) for _platform_post_lib_init
    __rtentry2.o(.ARM.Collect$$rtentry$$0000000D) refers to main.o(.text.main) for main
    __rtentry2.o(.ARM.Collect$$rtentry$$0000000D) refers to exit.o(.text) for exit
    __rtentry2.o(.ARM.exidx) refers to __rtentry2.o(.ARM.Collect$$rtentry$$00000001) for .ARM.Collect$$rtentry$$00000001
    __rtentry2.o(.ARM.exidx) refers to __rtentry2.o(.ARM.Collect$$rtentry$$00000008) for .ARM.Collect$$rtentry$$00000008
    __rtentry2.o(.ARM.exidx) refers to __rtentry2.o(.ARM.Collect$$rtentry$$0000000A) for .ARM.Collect$$rtentry$$0000000A
    __rtentry2.o(.ARM.exidx) refers to __rtentry2.o(.ARM.Collect$$rtentry$$0000000B) for .ARM.Collect$$rtentry$$0000000B
    __rtentry2.o(.ARM.exidx) refers to __rtentry2.o(.ARM.Collect$$rtentry$$0000000D) for .ARM.Collect$$rtentry$$0000000D
    __rtentry4.o(.ARM.Collect$$rtentry$$00000004) refers to sys_stackheap_outer.o(.text) for __user_setup_stackheap
    __rtentry4.o(.ARM.exidx) refers to __rtentry4.o(.ARM.Collect$$rtentry$$00000004) for .ARM.Collect$$rtentry$$00000004
    rt_ctype_table.o(.text) refers to rt_locale_intlibspace.o(.text) for __rt_locale
    rt_ctype_table.o(.text) refers to lc_ctype_c.o(locale$$code) for _get_lc_ctype
    rt_div0.o(.text) refers to defsig_fpe_outer.o(.text) for __rt_SIGFPE
    _strtoul.o(.text) refers to _chval.o(.text) for _chval
    _strtoul.o(.text) refers to rt_errno_addr_intlibspace.o(.text) for __aeabi_errno_addr
    sys_stackheap_outer.o(.text) refers to libspace.o(.text) for __user_perproc_libspace
    sys_stackheap_outer.o(.text) refers to startup_mkl25z4.o(.text) for __user_initial_stackheap
    sys_stackheap_outer.o(__vectab_stack_and_reset_area) refers to tempstk.o(.text) for __temporary_stack_top
    sys_stackheap_outer.o(__vectab_stack_and_reset_area) refers to __main.o(!!!main) for __main
    rt_locale.o(.text) refers to rt_locale.o(.bss) for __rt_locale_data
    rt_locale_intlibspace.o(.text) refers to libspace.o(.bss) for __libspace_start
    lc_ctype_c.o(locale$$data) refers (Special) to libinit2.o(.ARM.Collect$$libinit$$00000014) for __rt_lib_init_lc_ctype_2
    lc_ctype_c.o(locale$$code) refers (Special) to libinit2.o(.ARM.Collect$$libinit$$00000014) for __rt_lib_init_lc_ctype_2
    lc_ctype_c.o(locale$$code) refers to strcmp.o(.text) for strcmp
    lc_ctype_c.o(locale$$code) refers to lc_ctype_c.o(locale$$data) for __lcctype_c_name
    exit.o(.text) refers to rtexit.o(.ARM.Collect$$rtexit$$00000000) for __rt_exit
    defsig_fpe_outer.o(.text) refers to defsig_fpe_inner.o(.text) for __rt_SIGFPE_inner
    defsig_fpe_outer.o(.text) refers to defsig_exit.o(.text) for __sig_exit
    defsig_fpe_formal.o(.text) refers to rt_raise.o(.text) for __rt_raise
    libinit.o(.ARM.Collect$$libinit$$00000000) refers (Special) to libinit2.o(.ARM.Collect$$libinit$$00000030) for __rt_lib_init_alloca_1
    libinit.o(.ARM.Collect$$libinit$$00000000) refers (Special) to libinit2.o(.ARM.Collect$$libinit$$0000002E) for __rt_lib_init_argv_1
    libinit.o(.ARM.Collect$$libinit$$00000000) refers (Special) to libinit2.o(.ARM.Collect$$libinit$$0000001D) for __rt_lib_init_atexit_1
    libinit.o(.ARM.Collect$$libinit$$00000000) refers (Special) to libinit2.o(.ARM.Collect$$libinit$$00000023) for __rt_lib_init_clock_1
    libinit.o(.ARM.Collect$$libinit$$00000000) refers (Special) to libinit2.o(.ARM.Collect$$libinit$$00000034) for __rt_lib_init_cpp_1
    libinit.o(.ARM.Collect$$libinit$$00000000) refers (Special) to libinit2.o(.ARM.Collect$$libinit$$00000032) for __rt_lib_init_exceptions_1
    libinit.o(.ARM.Collect$$libinit$$00000000) refers (Special) to libinit2.o(.ARM.Collect$$libinit$$00000002) for __rt_lib_init_fp_1
    libinit.o(.ARM.Collect$$libinit$$00000000) refers (Special) to libinit2.o(.ARM.Collect$$libinit$$00000021) for __rt_lib_init_fp_trap_1
    libinit.o(.ARM.Collect$$libinit$$00000000) refers (Special) to libinit2.o(.ARM.Collect$$libinit$$00000025) for __rt_lib_init_getenv_1
    libinit.o(.ARM.Collect$$libinit$$00000000) refers (Special) to libinit2.o(.ARM.Collect$$libinit$$0000000C) for __rt_lib_init_heap_1
    libinit.o(.ARM.Collect$$libinit$$00000000) refers (Special) to libinit2.o(.ARM.Collect$$libinit$$00000013) for __rt_lib_init_lc_collate_1
    libinit.o(.ARM.Collect$$libinit$$00000000) refers (Special) to libinit2.o(.ARM.Collect$$libinit$$00000015) for __rt_lib_init_lc_ctype_1
    libinit.o(.ARM.Collect$$libinit$$00000000) refers (Special) to libinit2.o(.ARM.Collect$$libinit$$00000017) for __rt_lib_init_lc_monetary_1
    libinit.o(.ARM.Collect$$libinit$$00000000) refers (Special) to libinit2.o(.ARM.Collect$$libinit$$00000019) for __rt_lib_init_lc_numeric_1
    libinit.o(.ARM.Collect$$libinit$$00000000) refers (Special) to libinit2.o(.ARM.Collect$$libinit$$0000001B) for __rt_lib_init_lc_time_1
    libinit.o(.ARM.Collect$$libinit$$00000000) refers (Special) to libinit2.o(.ARM.Collect$$libinit$$00000006) for __rt_lib_init_preinit_1
    libinit.o(.ARM.Collect$$libinit$$00000000) refers (Special) to libinit2.o(.ARM.Collect$$libinit$$00000010) for __rt_lib_init_rand_1
    libinit.o(.ARM.Collect$$libinit$$00000000) refers (Special) to libinit2.o(.ARM.Collect$$libinit$$00000004) for __rt_lib_init_relocate_pie_1
    libinit.o(.ARM.Collect$$libinit$$00000000) refers (Special) to libinit2.o(.ARM.Collect$$libinit$$00000035) for __rt_lib_init_return
    libinit.o(.ARM.Collect$$libinit$$00000000) refers (Special) to libinit2.o(.ARM.Collect$$libinit$$0000001F) for __rt_lib_init_signal_1
    libinit.o(.ARM.Collect$$libinit$$00000000) refers (Special) to libinit2.o(.ARM.Collect$$libinit$$00000027) for __rt_lib_init_stdio_1
    libinit.o(.ARM.Collect$$libinit$$00000000) refers (Special) to libinit2.o(.ARM.Collect$$libinit$$0000000E) for __rt_lib_init_user_alloc_1
    rtexit.o(.ARM.Collect$$rtexit$$00000000) refers (Special) to rtexit2.o(.ARM.Collect$$rtexit$$00000004) for __rt_exit_exit
    rtexit.o(.ARM.Collect$$rtexit$$00000000) refers (Special) to rtexit2.o(.ARM.Collect$$rtexit$$00000003) for __rt_exit_ls
    rtexit.o(.ARM.Collect$$rtexit$$00000000) refers (Special) to rtexit2.o(.ARM.Collect$$rtexit$$00000002) for __rt_exit_prels_1
    rtexit.o(.ARM.exidx) refers (Special) to rtexit2.o(.ARM.Collect$$rtexit$$00000004) for __rt_exit_exit
    rtexit.o(.ARM.exidx) refers (Special) to rtexit2.o(.ARM.Collect$$rtexit$$00000003) for __rt_exit_ls
    rtexit.o(.ARM.exidx) refers (Special) to rtexit2.o(.ARM.Collect$$rtexit$$00000002) for __rt_exit_prels_1
    rtexit.o(.ARM.exidx) refers to rtexit.o(.ARM.Collect$$rtexit$$00000000) for .ARM.Collect$$rtexit$$00000000
    rt_raise.o(.text) refers to __raise.o(.text) for __raise
    rt_raise.o(.text) refers to sys_exit.o(.text) for _sys_exit
    defsig_exit.o(.text) refers to sys_exit.o(.text) for _sys_exit
    defsig_fpe_inner.o(.text) refers to defsig_general.o(.text) for __default_signal_display
    libinit2.o(.ARM.Collect$$libinit$$00000011) refers (Weak) to rt_locale_intlibspace.o(.text) for __rt_locale
    libinit2.o(.ARM.Collect$$libinit$$00000012) refers to libinit2.o(.ARM.Collect$$libinit$$00000011) for .ARM.Collect$$libinit$$00000011
    libinit2.o(.ARM.Collect$$libinit$$00000014) refers to libinit2.o(.ARM.Collect$$libinit$$00000011) for .ARM.Collect$$libinit$$00000011
    libinit2.o(.ARM.Collect$$libinit$$00000014) refers (Weak) to lc_ctype_c.o(locale$$code) for _get_lc_ctype
    libinit2.o(.ARM.Collect$$libinit$$00000016) refers to libinit2.o(.ARM.Collect$$libinit$$00000011) for .ARM.Collect$$libinit$$00000011
    libinit2.o(.ARM.Collect$$libinit$$00000018) refers to libinit2.o(.ARM.Collect$$libinit$$00000011) for .ARM.Collect$$libinit$$00000011
    libinit2.o(.ARM.Collect$$libinit$$0000001A) refers to libinit2.o(.ARM.Collect$$libinit$$00000011) for .ARM.Collect$$libinit$$00000011
    libinit2.o(.ARM.Collect$$libinit$$00000028) refers to argv_veneer.o(.text) for __ARM_argv_veneer
    libinit2.o(.ARM.Collect$$libinit$$00000029) refers to argv_veneer.o(.text) for __ARM_argv_veneer
    sys_exit.o(.text) refers (Special) to use_no_semi.o(.text) for __I$use$semihosting
    sys_exit.o(.text) refers (Special) to indicate_semi.o(.text) for __semihosting_library_function
    sys_exit_hlt.o(.text) refers (Special) to use_no_semi.o(.text) for __I$use$semihosting
    sys_exit_hlt.o(.text) refers (Special) to indicate_semi.o(.text) for __semihosting_library_function
    rtexit2.o(.ARM.Collect$$rtexit$$00000003) refers to libshutdown.o(.ARM.Collect$$libshutdown$$00000000) for __rt_lib_shutdown
    rtexit2.o(.ARM.Collect$$rtexit$$00000004) refers to sys_exit.o(.text) for _sys_exit
    rtexit2.o(.ARM.exidx) refers to rtexit2.o(.ARM.Collect$$rtexit$$00000001) for .ARM.Collect$$rtexit$$00000001
    rtexit2.o(.ARM.exidx) refers to rtexit2.o(.ARM.Collect$$rtexit$$00000003) for .ARM.Collect$$rtexit$$00000003
    rtexit2.o(.ARM.exidx) refers to rtexit2.o(.ARM.Collect$$rtexit$$00000004) for .ARM.Collect$$rtexit$$00000004
    __raise.o(.text) refers to defsig.o(CL$$defsig) for __default_signal_handler
    defsig_general.o(.text) refers to sys_wrch.o(.text) for _ttywrch
    sys_wrch.o(.text) refers (Special) to use_no_semi.o(.text) for __I$use$semihosting
    sys_wrch.o(.text) refers (Special) to indicate_semi.o(.text) for __semihosting_library_function
    sys_wrch_hlt.o(.text) refers (Special) to use_no_semi.o(.text) for __I$use$semihosting
    sys_wrch_hlt.o(.text) refers (Special) to indicate_semi.o(.text) for __semihosting_library_function
    defsig.o(CL$$defsig) refers to defsig_fpe_inner.o(.text) for __rt_SIGFPE_inner
    defsig.o(CL$$defsig) refers to defsig_rtmem_inner.o(.text) for __rt_SIGRTMEM_inner
    _get_argv_nomalloc.o(.text) refers (Special) to hrguard.o(.text) for __heap_region$guard
    _get_argv_nomalloc.o(.text) refers to defsig_rtmem_outer.o(.text) for __rt_SIGRTMEM
    _get_argv_nomalloc.o(.text) refers to sys_command.o(.text) for _sys_command_string
    libshutdown.o(.ARM.Collect$$libshutdown$$00000000) refers (Special) to libshutdown2.o(.ARM.Collect$$libshutdown$$00000002) for __rt_lib_shutdown_cpp_1
    libshutdown.o(.ARM.Collect$$libshutdown$$00000000) refers (Special) to libshutdown2.o(.ARM.Collect$$libshutdown$$00000007) for __rt_lib_shutdown_fp_trap_1
    libshutdown.o(.ARM.Collect$$libshutdown$$00000000) refers (Special) to libshutdown2.o(.ARM.Collect$$libshutdown$$0000000F) for __rt_lib_shutdown_heap_1
    libshutdown.o(.ARM.Collect$$libshutdown$$00000000) refers (Special) to libshutdown2.o(.ARM.Collect$$libshutdown$$00000010) for __rt_lib_shutdown_return
    libshutdown.o(.ARM.Collect$$libshutdown$$00000000) refers (Special) to libshutdown2.o(.ARM.Collect$$libshutdown$$0000000A) for __rt_lib_shutdown_signal_1
    libshutdown.o(.ARM.Collect$$libshutdown$$00000000) refers (Special) to libshutdown2.o(.ARM.Collect$$libshutdown$$00000004) for __rt_lib_shutdown_stdio_1
    libshutdown.o(.ARM.Collect$$libshutdown$$00000000) refers (Special) to libshutdown2.o(.ARM.Collect$$libshutdown$$0000000C) for __rt_lib_shutdown_user_alloc_1
    sys_command.o(.text) refers (Special) to use_no_semi.o(.text) for __I$use$semihosting
    sys_command.o(.text) refers (Special) to indicate_semi.o(.text) for __semihosting_library_function
    sys_command_hlt.o(.text) refers (Special) to use_no_semi.o(.text) for __I$use$semihosting
    sys_command_hlt.o(.text) refers (Special) to indicate_semi.o(.text) for __semihosting_library_function
    defsig_abrt_inner.o(.text) refers to defsig_general.o(.text) for __default_signal_display
    defsig_rtred_inner.o(.text) refers to defsig_general.o(.text) for __default_signal_display
    defsig_rtmem_inner.o(.text) refers to defsig_general.o(.text) for __default_signal_display
    defsig_rtmem_outer.o(.text) refers to defsig_rtmem_inner.o(.text) for __rt_SIGRTMEM_inner
    defsig_rtmem_outer.o(.text) refers to defsig_exit.o(.text) for __sig_exit
    defsig_rtmem_formal.o(.text) refers to rt_raise.o(.text) for __rt_raise
    defsig_stak_inner.o(.text) refers to defsig_general.o(.text) for __default_signal_display
    defsig_pvfn_inner.o(.text) refers to defsig_general.o(.text) for __default_signal_display
    defsig_cppl_inner.o(.text) refers to defsig_general.o(.text) for __default_signal_display
    defsig_segv_inner.o(.text) refers to defsig_general.o(.text) for __default_signal_display
    defsig_other.o(.text) refers to defsig_general.o(.text) for __default_signal_display


==============================================================================

Removing Unused input sections from the image.

    Removing main.o(.text), (0 bytes).
    Removing main.o(.ARM.exidx.text.main), (8 bytes).
    Removing main.o(.ARM.use_no_argv), (4 bytes).
    Removing validacao_senhas.o(.text), (0 bytes).
    Removing validacao_senhas.o(.ARM.exidx.text.lerSenha), (8 bytes).
    Removing validacao_senhas.o(.ARM.exidx.text.edicaoParametros), (8 bytes).
    Removing validacao_senhas.o(.text.edicaoVel), (296 bytes).
    Removing validacao_senhas.o(.ARM.exidx.text.edicaoVel), (8 bytes).
    Removing validacao_senhas.o(.text.edicaoDist), (296 bytes).
    Removing validacao_senhas.o(.ARM.exidx.text.edicaoDist), (8 bytes).
    Removing validacao_senhas.o(.text.edicaoTempo), (2 bytes).
    Removing validacao_senhas.o(.ARM.exidx.text.edicaoTempo), (8 bytes).
    Removing validacao_senhas.o(.data.parametros), (96 bytes).
    Removing validacao_senhas.o(.bss.admLogin), (1 bytes).
    Removing validacao_senhas.o(.bss.validacao), (4 bytes).
    Removing lcdio.o(.text), (0 bytes).
    Removing lcdio.o(.ARM.exidx.text.trigger_EN), (8 bytes).
    Removing lcdio.o(.ARM.exidx.text.send_data), (8 bytes).
    Removing lcdio.o(.ARM.exidx.text.send_command), (8 bytes).
    Removing lcdio.o(.ARM.exidx.text.send_string), (8 bytes).
    Removing lcdio.o(.ARM.exidx.text.limpa_reseta_cursor), (8 bytes).
    Removing lcdio.o(.ARM.exidx.text.config_lcd_padrao), (8 bytes).
    Removing lcdio.o(.ARM.exidx.text.proxima_linha), (8 bytes).
    Removing lcdio.o(.ARM.exidx.text.telaArmMetro), (8 bytes).
    Removing lcdio.o(.ARM.exidx.text.telaSenhaCorreta), (8 bytes).
    Removing lcdio.o(.ARM.exidx.text.telaSenhaIncorreta), (8 bytes).
    Removing lcdio.o(.ARM.exidx.text.telaAdmLogado), (8 bytes).
    Removing lcdio.o(.ARM.exidx.text.telaEditarParametros), (8 bytes).
    Removing lcdio.o(.text.telaEditarDist), (32 bytes).
    Removing lcdio.o(.ARM.exidx.text.telaEditarDist), (8 bytes).
    Removing lcdio.o(.text.telaEditarTempos), (24 bytes).
    Removing lcdio.o(.ARM.exidx.text.telaEditarTempos), (8 bytes).
    Removing lcdio.o(.text.telaEditarTempoViagem), (32 bytes).
    Removing lcdio.o(.ARM.exidx.text.telaEditarTempoViagem), (8 bytes).
    Removing lcdio.o(.text.telaEditarTempoParada), (32 bytes).
    Removing lcdio.o(.ARM.exidx.text.telaEditarTempoParada), (8 bytes).
    Removing lcdio.o(.ARM.exidx.text.telaEditarVel), (8 bytes).
    Removing lcdio.o(.text.telaNovaVel), (24 bytes).
    Removing lcdio.o(.ARM.exidx.text.telaNovaVel), (8 bytes).
    Removing lcdio.o(.text.telaNovaDist), (24 bytes).
    Removing lcdio.o(.ARM.exidx.text.telaNovaDist), (8 bytes).
    Removing lcdio.o(.text.rotinaEdicaoParametros), (108 bytes).
    Removing lcdio.o(.ARM.exidx.text.rotinaEdicaoParametros), (8 bytes).
    Removing teclado.o(.text), (0 bytes).
    Removing teclado.o(.ARM.exidx.text.teclaDeboucing), (8 bytes).
    Removing teclado.o(.ARM.exidx.text.ligaLinhas), (8 bytes).
    Removing teclado.o(.ARM.exidx.text.procuraLinhas), (8 bytes).
    Removing teclado.o(.ARM.exidx.text.procuraTecla), (8 bytes).
    Removing teclado.o(.ARM.exidx.text.lerTeclado), (8 bytes).
    Removing subrotinaadm.o(.text), (0 bytes).
    Removing timers.o(.text), (0 bytes).
    Removing timers.o(.ARM.exidx.text.delay_s), (8 bytes).
    Removing timers.o(.ARM.exidx.text.delay_ms), (8 bytes).
    Removing timers.o(.ARM.exidx.text.atraso), (8 bytes).
    Removing timers.o(.text.velocidade), (84 bytes).
    Removing timers.o(.ARM.exidx.text.velocidade), (8 bytes).
    Removing controle_motor.o(.text), (0 bytes).
    Removing controle_motor.o(.text.configura_motor), (56 bytes).
    Removing controle_motor.o(.ARM.exidx.text.configura_motor), (8 bytes).
    Removing controle_motor.o(.text.pwm_motor), (116 bytes).
    Removing controle_motor.o(.ARM.exidx.text.pwm_motor), (8 bytes).
    Removing controle_motor.o(.text.calibra_motor), (264 bytes).
    Removing controle_motor.o(.ARM.exidx.text.calibra_motor), (8 bytes).
    Removing controle_motor.o(.text.km_hParaGiros_s), (84 bytes).
    Removing controle_motor.o(.ARM.exidx.text.km_hParaGiros_s), (8 bytes).
    Removing controle_motor.o(.text.km_hParaGiros_h), (72 bytes).
    Removing controle_motor.o(.ARM.exidx.text.km_hParaGiros_h), (8 bytes).
    Removing controle_motor.o(.ARM.exidx.text.RTC_timer_configura), (8 bytes).
    Removing controle_motor.o(.text.RTC_timer_reseta), (36 bytes).
    Removing controle_motor.o(.ARM.exidx.text.RTC_timer_reseta), (8 bytes).
    Removing controle_motor.o(.bss.velocidadeAtual), (4 bytes).
    Removing controle_motor.o(.bss.pulsos), (4 bytes).
    Removing controle_motor.o(.bss.rotacoes_80kmh), (4 bytes).
    Removing controle_motor.o(.bss.rotacoes_0kmh), (4 bytes).
    Removing controle_motor.o(.bss.motor_calibrado), (4 bytes).
    Removing controle_motor.o(.rodata.str1.1), (10 bytes).
    Removing system_mkl25z4.o(.text), (0 bytes).
    Removing system_mkl25z4.o(.ARM.exidx.text.SystemInit), (8 bytes).
    Removing system_mkl25z4.o(.text.SystemCoreClockUpdate), (556 bytes).
    Removing system_mkl25z4.o(.ARM.exidx.text.SystemCoreClockUpdate), (8 bytes).
    Removing system_mkl25z4.o(.data.SystemCoreClock), (4 bytes).

81 unused section(s) (total 2629 bytes) removed from the image.

==============================================================================

Image Symbol Table

    Local Symbols

    Symbol Name                              Value     Ov Type        Size  Object(Section)

    ../clib/angel/boardlib.s                 0x00000000   Number         0  boardinit1.o ABSOLUTE
    ../clib/angel/boardlib.s                 0x00000000   Number         0  boardinit2.o ABSOLUTE
    ../clib/angel/boardlib.s                 0x00000000   Number         0  boardinit3.o ABSOLUTE
    ../clib/angel/boardlib.s                 0x00000000   Number         0  boardshut.o ABSOLUTE
    ../clib/angel/handlers.s                 0x00000000   Number         0  __scatter_copy.o ABSOLUTE
    ../clib/angel/handlers.s                 0x00000000   Number         0  __scatter_zi.o ABSOLUTE
    ../clib/angel/kernel.s                   0x00000000   Number         0  __rtentry.o ABSOLUTE
    ../clib/angel/kernel.s                   0x00000000   Number         0  __rtentry2.o ABSOLUTE
    ../clib/angel/kernel.s                   0x00000000   Number         0  __rtentry4.o ABSOLUTE
    ../clib/angel/kernel.s                   0x00000000   Number         0  rtexit.o ABSOLUTE
    ../clib/angel/kernel.s                   0x00000000   Number         0  rtexit2.o ABSOLUTE
    ../clib/angel/rt.s                       0x00000000   Number         0  aeabi_idiv0.o ABSOLUTE
    ../clib/angel/rt.s                       0x00000000   Number         0  aeabi_idiv0_sigfpe.o ABSOLUTE
    ../clib/angel/rt.s                       0x00000000   Number         0  rt_errno_addr.o ABSOLUTE
    ../clib/angel/rt.s                       0x00000000   Number         0  rt_errno_addr_intlibspace.o ABSOLUTE
    ../clib/angel/rt.s                       0x00000000   Number         0  rt_ctype_table.o ABSOLUTE
    ../clib/angel/rt.s                       0x00000000   Number         0  rt_div0.o ABSOLUTE
    ../clib/angel/rt.s                       0x00000000   Number         0  rt_locale.o ABSOLUTE
    ../clib/angel/rt.s                       0x00000000   Number         0  rt_locale_intlibspace.o ABSOLUTE
    ../clib/angel/rt.s                       0x00000000   Number         0  rt_raise.o ABSOLUTE
    ../clib/angel/scatterp.s                 0x00000000   Number         0  __scatter.o ABSOLUTE
    ../clib/angel/startup.s                  0x00000000   Number         0  __main.o ABSOLUTE
    ../clib/angel/sys.s                      0x00000000   Number         0  libspace.o ABSOLUTE
    ../clib/angel/sys.s                      0x00000000   Number         0  sys_stackheap_outer.o ABSOLUTE
    ../clib/angel/sys.s                      0x00000000   Number         0  tempstk.o ABSOLUTE
    ../clib/angel/sys.s                      0x00000000   Number         0  use_no_semi.o ABSOLUTE
    ../clib/angel/sys.s                      0x00000000   Number         0  indicate_semi.o ABSOLUTE
    ../clib/angel/sysapp.c                   0x00000000   Number         0  sys_exit.o ABSOLUTE
    ../clib/angel/sysapp.c                   0x00000000   Number         0  sys_exit_hlt.o ABSOLUTE
    ../clib/angel/sysapp.c                   0x00000000   Number         0  sys_wrch.o ABSOLUTE
    ../clib/angel/sysapp.c                   0x00000000   Number         0  sys_wrch_hlt.o ABSOLUTE
    ../clib/angel/sysapp.c                   0x00000000   Number         0  sys_command.o ABSOLUTE
    ../clib/angel/sysapp.c                   0x00000000   Number         0  sys_command_hlt.o ABSOLUTE
    ../clib/armsys.c                         0x00000000   Number         0  argv_veneer.o ABSOLUTE
    ../clib/armsys.c                         0x00000000   Number         0  _get_argv_nomalloc.o ABSOLUTE
    ../clib/armsys.c                         0x00000000   Number         0  no_argv.o ABSOLUTE
    ../clib/division.s                       0x00000000   Number         0  aeabi_sdiv.o ABSOLUTE
    ../clib/division.s                       0x00000000   Number         0  aeabi_sdiv_div0.o ABSOLUTE
    ../clib/heapalloc.c                      0x00000000   Number         0  hrguard.o ABSOLUTE
    ../clib/heapaux.c                        0x00000000   Number         0  heapauxi.o ABSOLUTE
    ../clib/libinit.s                        0x00000000   Number         0  libinit.o ABSOLUTE
    ../clib/libinit.s                        0x00000000   Number         0  libinit2.o ABSOLUTE
    ../clib/libinit.s                        0x00000000   Number         0  libshutdown.o ABSOLUTE
    ../clib/libinit.s                        0x00000000   Number         0  libshutdown2.o ABSOLUTE
    ../clib/locale.s                         0x00000000   Number         0  lc_ctype_c.o ABSOLUTE
    ../clib/scanf.c                          0x00000000   Number         0  atoi.o ABSOLUTE
    ../clib/scanf.c                          0x00000000   Number         0  strtol.o ABSOLUTE
    ../clib/scanf.c                          0x00000000   Number         0  _strtoul.o ABSOLUTE
    ../clib/scanf.c                          0x00000000   Number         0  _chval.o ABSOLUTE
    ../clib/signal.c                         0x00000000   Number         0  defsig_fpe_outer.o ABSOLUTE
    ../clib/signal.c                         0x00000000   Number         0  defsig_fpe_formal.o ABSOLUTE
    ../clib/signal.c                         0x00000000   Number         0  defsig_exit.o ABSOLUTE
    ../clib/signal.c                         0x00000000   Number         0  defsig_fpe_inner.o ABSOLUTE
    ../clib/signal.c                         0x00000000   Number         0  __raise.o ABSOLUTE
    ../clib/signal.c                         0x00000000   Number         0  defsig_general.o ABSOLUTE
    ../clib/signal.c                         0x00000000   Number         0  defsig_abrt_inner.o ABSOLUTE
    ../clib/signal.c                         0x00000000   Number         0  defsig_rtred_inner.o ABSOLUTE
    ../clib/signal.c                         0x00000000   Number         0  defsig_rtmem_inner.o ABSOLUTE
    ../clib/signal.c                         0x00000000   Number         0  defsig_rtmem_outer.o ABSOLUTE
    ../clib/signal.c                         0x00000000   Number         0  defsig_rtmem_formal.o ABSOLUTE
    ../clib/signal.c                         0x00000000   Number         0  defsig_stak_inner.o ABSOLUTE
    ../clib/signal.c                         0x00000000   Number         0  defsig_pvfn_inner.o ABSOLUTE
    ../clib/signal.c                         0x00000000   Number         0  defsig_cppl_inner.o ABSOLUTE
    ../clib/signal.c                         0x00000000   Number         0  defsig_segv_inner.o ABSOLUTE
    ../clib/signal.c                         0x00000000   Number         0  defsig_other.o ABSOLUTE
    ../clib/signal.s                         0x00000000   Number         0  defsig.o ABSOLUTE
    ../clib/stdlib.c                         0x00000000   Number         0  exit.o ABSOLUTE
    ../clib/string.c                         0x00000000   Number         0  strcpy.o ABSOLUTE
    ../clib/string.c                         0x00000000   Number         0  strcmp.o ABSOLUTE
    ../fplib/cfplib/fdiv.c                   0x00000000   Number         0  fdiv.o ABSOLUTE
    ../fplib/cfplib/ffix.c                   0x00000000   Number         0  ffixi.o ABSOLUTE
    ../fplib/cfplib/fflt.c                   0x00000000   Number         0  dflti.o ABSOLUTE
    ../fplib/cfplib/fpinit.c                 0x00000000   Number         0  fpinit.o ABSOLUTE
    ../fplib/faddsub6m.s                     0x00000000   Number         0  faddsub.o ABSOLUTE
    ../fplib/fmul6m.s                        0x00000000   Number         0  fmul.o ABSOLUTE
    ../fplib/usenofp.s                       0x00000000   Number         0  usenofp.o ABSOLUTE
    RTE/Device/MKL25Z128xxx4/startup_MKL25Z4.s 0x00000000   Number         0  startup_mkl25z4.o ABSOLUTE
    controle_motor.c                         0x00000000   Number         0  controle_motor.o ABSOLUTE
    dc.s                                     0x00000000   Number         0  dc.o ABSOLUTE
    lcdio.c                                  0x00000000   Number         0  lcdio.o ABSOLUTE
    main.c                                   0x00000000   Number         0  main.o ABSOLUTE
    subRotinaAdm.c                           0x00000000   Number         0  subrotinaadm.o ABSOLUTE
    system_MKL25Z4.c                         0x00000000   Number         0  system_mkl25z4.o ABSOLUTE
    teclado.c                                0x00000000   Number         0  teclado.o ABSOLUTE
    timers.c                                 0x00000000   Number         0  timers.o ABSOLUTE
    validacao_senhas.c                       0x00000000   Number         0  validacao_senhas.o ABSOLUTE
    RESET                                    0x00000000   Section      192  startup_mkl25z4.o(RESET)
    !!!main                                  0x000000c0   Section        8  __main.o(!!!main)
    !!!scatter                               0x000000c8   Section       60  __scatter.o(!!!scatter)
    !!handler_copy                           0x00000104   Section       26  __scatter_copy.o(!!handler_copy)
    !!handler_zi                             0x00000120   Section       28  __scatter_zi.o(!!handler_zi)
    .ARM.Collect$$libinit$$00000000          0x0000013c   Section        2  libinit.o(.ARM.Collect$$libinit$$00000000)
    .ARM.Collect$$libinit$$00000002          0x0000013e   Section        0  libinit2.o(.ARM.Collect$$libinit$$00000002)
    .ARM.Collect$$libinit$$00000004          0x0000013e   Section        0  libinit2.o(.ARM.Collect$$libinit$$00000004)
    .ARM.Collect$$libinit$$00000006          0x0000013e   Section        0  libinit2.o(.ARM.Collect$$libinit$$00000006)
    .ARM.Collect$$libinit$$0000000C          0x0000013e   Section        0  libinit2.o(.ARM.Collect$$libinit$$0000000C)
    .ARM.Collect$$libinit$$0000000E          0x0000013e   Section        0  libinit2.o(.ARM.Collect$$libinit$$0000000E)
    .ARM.Collect$$libinit$$00000010          0x0000013e   Section        0  libinit2.o(.ARM.Collect$$libinit$$00000010)
    .ARM.Collect$$libinit$$00000013          0x0000013e   Section        0  libinit2.o(.ARM.Collect$$libinit$$00000013)
    .ARM.Collect$$libinit$$00000015          0x0000013e   Section        0  libinit2.o(.ARM.Collect$$libinit$$00000015)
    .ARM.Collect$$libinit$$00000017          0x0000013e   Section        0  libinit2.o(.ARM.Collect$$libinit$$00000017)
    .ARM.Collect$$libinit$$00000019          0x0000013e   Section        0  libinit2.o(.ARM.Collect$$libinit$$00000019)
    .ARM.Collect$$libinit$$0000001B          0x0000013e   Section        0  libinit2.o(.ARM.Collect$$libinit$$0000001B)
    .ARM.Collect$$libinit$$0000001D          0x0000013e   Section        0  libinit2.o(.ARM.Collect$$libinit$$0000001D)
    .ARM.Collect$$libinit$$0000001F          0x0000013e   Section        0  libinit2.o(.ARM.Collect$$libinit$$0000001F)
    .ARM.Collect$$libinit$$00000021          0x0000013e   Section        0  libinit2.o(.ARM.Collect$$libinit$$00000021)
    .ARM.Collect$$libinit$$00000023          0x0000013e   Section        0  libinit2.o(.ARM.Collect$$libinit$$00000023)
    .ARM.Collect$$libinit$$00000025          0x0000013e   Section        0  libinit2.o(.ARM.Collect$$libinit$$00000025)
    .ARM.Collect$$libinit$$00000027          0x0000013e   Section        0  libinit2.o(.ARM.Collect$$libinit$$00000027)
    .ARM.Collect$$libinit$$0000002E          0x0000013e   Section        0  libinit2.o(.ARM.Collect$$libinit$$0000002E)
    .ARM.Collect$$libinit$$00000030          0x0000013e   Section        0  libinit2.o(.ARM.Collect$$libinit$$00000030)
    .ARM.Collect$$libinit$$00000032          0x0000013e   Section        0  libinit2.o(.ARM.Collect$$libinit$$00000032)
    .ARM.Collect$$libinit$$00000034          0x0000013e   Section        0  libinit2.o(.ARM.Collect$$libinit$$00000034)
    .ARM.Collect$$libinit$$00000035          0x0000013e   Section        2  libinit2.o(.ARM.Collect$$libinit$$00000035)
    .ARM.Collect$$libshutdown$$00000000      0x00000140   Section        2  libshutdown.o(.ARM.Collect$$libshutdown$$00000000)
    .ARM.Collect$$libshutdown$$00000002      0x00000142   Section        0  libshutdown2.o(.ARM.Collect$$libshutdown$$00000002)
    .ARM.Collect$$libshutdown$$00000004      0x00000142   Section        0  libshutdown2.o(.ARM.Collect$$libshutdown$$00000004)
    .ARM.Collect$$libshutdown$$00000007      0x00000142   Section        0  libshutdown2.o(.ARM.Collect$$libshutdown$$00000007)
    .ARM.Collect$$libshutdown$$0000000A      0x00000142   Section        0  libshutdown2.o(.ARM.Collect$$libshutdown$$0000000A)
    .ARM.Collect$$libshutdown$$0000000C      0x00000142   Section        0  libshutdown2.o(.ARM.Collect$$libshutdown$$0000000C)
    .ARM.Collect$$libshutdown$$0000000F      0x00000142   Section        0  libshutdown2.o(.ARM.Collect$$libshutdown$$0000000F)
    .ARM.Collect$$libshutdown$$00000010      0x00000142   Section        2  libshutdown2.o(.ARM.Collect$$libshutdown$$00000010)
    .ARM.Collect$$rtentry$$00000000          0x00000144   Section        0  __rtentry.o(.ARM.Collect$$rtentry$$00000000)
    .ARM.Collect$$rtentry$$00000002          0x00000144   Section        0  __rtentry2.o(.ARM.Collect$$rtentry$$00000002)
    .ARM.Collect$$rtentry$$00000004          0x00000144   Section        6  __rtentry4.o(.ARM.Collect$$rtentry$$00000004)
    .ARM.Collect$$rtentry$$00000009          0x0000014a   Section        0  __rtentry2.o(.ARM.Collect$$rtentry$$00000009)
    .ARM.Collect$$rtentry$$0000000A          0x0000014a   Section        4  __rtentry2.o(.ARM.Collect$$rtentry$$0000000A)
    .ARM.Collect$$rtentry$$0000000C          0x0000014e   Section        0  __rtentry2.o(.ARM.Collect$$rtentry$$0000000C)
    .ARM.Collect$$rtentry$$0000000D          0x0000014e   Section        8  __rtentry2.o(.ARM.Collect$$rtentry$$0000000D)
    .ARM.Collect$$rtexit$$00000000           0x00000156   Section        2  rtexit.o(.ARM.Collect$$rtexit$$00000000)
    .ARM.Collect$$rtexit$$00000002           0x00000158   Section        0  rtexit2.o(.ARM.Collect$$rtexit$$00000002)
    .ARM.Collect$$rtexit$$00000003           0x00000158   Section        4  rtexit2.o(.ARM.Collect$$rtexit$$00000003)
    .ARM.Collect$$rtexit$$00000004           0x0000015c   Section        6  rtexit2.o(.ARM.Collect$$rtexit$$00000004)
    .text                                    0x00000164   Section       64  startup_mkl25z4.o(.text)
    .text                                    0x000001a4   Section        0  strcpy.o(.text)
    .text                                    0x000001f0   Section        0  strcmp.o(.text)
    .text                                    0x00000278   Section      364  aeabi_sdiv.o(.text)
    .text                                    0x000003e4   Section        0  heapauxi.o(.text)
    .text                                    0x000003ec   Section        8  libspace.o(.text)
    .text                                    0x000003f4   Section        0  sys_exit.o(.text)
    .ARM.__at_0x400                          0x00000400   Section       16  startup_mkl25z4.o(.ARM.__at_0x400)
    .text                                    0x00000410   Section       62  sys_stackheap_outer.o(.text)
    .text                                    0x0000044e   Section        0  exit.o(.text)
    .text                                    0x0000045e   Section        2  use_no_semi.o(.text)
    [Anonymous Symbol]                       0x00000460   Section        0  controle_motor.o(.text.RTC_timer_configura)
    .text                                    0x00000460   Section        0  indicate_semi.o(.text)
    __arm_cp.5_0                             0x00000490   Number         4  controle_motor.o(.text.RTC_timer_configura)
    __arm_cp.5_1                             0x00000494   Number         4  controle_motor.o(.text.RTC_timer_configura)
    __arm_cp.5_2                             0x00000498   Number         4  controle_motor.o(.text.RTC_timer_configura)
    __arm_cp.5_3                             0x0000049c   Number         4  controle_motor.o(.text.RTC_timer_configura)
    __arm_cp.5_4                             0x000004a0   Number         4  controle_motor.o(.text.RTC_timer_configura)
    [Anonymous Symbol]                       0x000004a4   Section        0  system_mkl25z4.o(.text.SystemInit)
    __arm_cp.0_0                             0x000004ac   Number         4  system_mkl25z4.o(.text.SystemInit)
    [Anonymous Symbol]                       0x000004b0   Section        0  timers.o(.text.atraso)
    [Anonymous Symbol]                       0x000004e2   Section        0  lcdio.o(.text.config_lcd_padrao)
    [Anonymous Symbol]                       0x00000500   Section        0  timers.o(.text.delay_ms)
    __arm_cp.1_1                             0x00000554   Number         4  timers.o(.text.delay_ms)
    [Anonymous Symbol]                       0x00000558   Section        0  timers.o(.text.delay_s)
    __arm_cp.0_0                             0x000005ac   Number         4  timers.o(.text.delay_s)
    __arm_cp.0_1                             0x000005b0   Number         4  timers.o(.text.delay_s)
    __arm_cp.0_2                             0x000005b4   Number         4  timers.o(.text.delay_s)
    [Anonymous Symbol]                       0x000005b8   Section        0  validacao_senhas.o(.text.edicaoParametros)
    __arm_cp.1_2                             0x00000660   Number         4  validacao_senhas.o(.text.edicaoParametros)
    __arm_cp.1_3                             0x00000664   Number         4  validacao_senhas.o(.text.edicaoParametros)
    __arm_cp.1_4                             0x00000668   Number         4  validacao_senhas.o(.text.edicaoParametros)
    [Anonymous Symbol]                       0x0000066c   Section        0  validacao_senhas.o(.text.lerSenha)
    __arm_cp.0_0                             0x00000720   Number         4  validacao_senhas.o(.text.lerSenha)
    __arm_cp.0_2                             0x00000724   Number         4  validacao_senhas.o(.text.lerSenha)
    __arm_cp.0_3                             0x00000728   Number         4  validacao_senhas.o(.text.lerSenha)
    __arm_cp.0_4                             0x0000072c   Number         4  validacao_senhas.o(.text.lerSenha)
    __arm_cp.0_5                             0x00000730   Number         4  validacao_senhas.o(.text.lerSenha)
    __arm_cp.0_6                             0x00000734   Number         4  validacao_senhas.o(.text.lerSenha)
    __arm_cp.0_7                             0x00000738   Number         4  validacao_senhas.o(.text.lerSenha)
    __arm_cp.0_8                             0x0000073c   Number         4  validacao_senhas.o(.text.lerSenha)
    __arm_cp.0_9                             0x00000740   Number         4  validacao_senhas.o(.text.lerSenha)
    [Anonymous Symbol]                       0x00000744   Section        0  teclado.o(.text.lerTeclado)
    __arm_cp.4_0                             0x000007d8   Number         4  teclado.o(.text.lerTeclado)
    [Anonymous Symbol]                       0x000007dc   Section        0  teclado.o(.text.ligaLinhas)
    __arm_cp.1_0                             0x000008dc   Number         4  teclado.o(.text.ligaLinhas)
    [Anonymous Symbol]                       0x000008e0   Section        0  lcdio.o(.text.limpa_reseta_cursor)
    [Anonymous Symbol]                       0x000008f8   Section        0  main.o(.text.main)
    __arm_cp.0_0                             0x00000a68   Number         4  main.o(.text.main)
    __arm_cp.0_1                             0x00000a6c   Number         4  main.o(.text.main)
    __arm_cp.0_2                             0x00000a70   Number         4  main.o(.text.main)
    __arm_cp.0_3                             0x00000a74   Number         4  main.o(.text.main)
    __arm_cp.0_4                             0x00000a78   Number         4  main.o(.text.main)
    __arm_cp.0_5                             0x00000a7c   Number         4  main.o(.text.main)
    __arm_cp.0_6                             0x00000a80   Number         4  main.o(.text.main)
    __arm_cp.0_7                             0x00000a84   Number         4  main.o(.text.main)
    __arm_cp.0_8                             0x00000a88   Number         4  main.o(.text.main)
    __arm_cp.0_9                             0x00000a8c   Number         4  main.o(.text.main)
    __arm_cp.0_10                            0x00000a90   Number         4  main.o(.text.main)
    __arm_cp.0_11                            0x00000a94   Number         4  main.o(.text.main)
    __arm_cp.0_12                            0x00000a98   Number         4  main.o(.text.main)
    __arm_cp.0_13                            0x00000a9c   Number         4  main.o(.text.main)
    __arm_cp.0_14                            0x00000aa0   Number         4  main.o(.text.main)
    __arm_cp.0_15                            0x00000aa4   Number         4  main.o(.text.main)
    __arm_cp.0_16                            0x00000aa8   Number         4  main.o(.text.main)
    __arm_cp.0_17                            0x00000aac   Number         4  main.o(.text.main)
    __arm_cp.0_18                            0x00000ab0   Number         4  main.o(.text.main)
    __arm_cp.0_19                            0x00000ab4   Number         4  main.o(.text.main)
    __arm_cp.0_20                            0x00000ab8   Number         4  main.o(.text.main)
    __arm_cp.0_21                            0x00000abc   Number         4  main.o(.text.main)
    __arm_cp.0_22                            0x00000ac0   Number         4  main.o(.text.main)
    __arm_cp.0_23                            0x00000ac4   Number         4  main.o(.text.main)
    __arm_cp.0_24                            0x00000ac8   Number         4  main.o(.text.main)
    __arm_cp.0_25                            0x00000acc   Number         4  main.o(.text.main)
    __arm_cp.0_26                            0x00000ad0   Number         4  main.o(.text.main)
    __arm_cp.0_27                            0x00000ad4   Number         4  main.o(.text.main)
    __arm_cp.0_28                            0x00000ad8   Number         4  main.o(.text.main)
    __arm_cp.0_29                            0x00000adc   Number         4  main.o(.text.main)
    __arm_cp.0_30                            0x00000ae0   Number         4  main.o(.text.main)
    __arm_cp.0_31                            0x00000ae4   Number         4  main.o(.text.main)
    __arm_cp.0_32                            0x00000ae8   Number         4  main.o(.text.main)
    __arm_cp.0_33                            0x00000aec   Number         4  main.o(.text.main)
    __arm_cp.0_34                            0x00000af0   Number         4  main.o(.text.main)
    __arm_cp.0_35                            0x00000af4   Number         4  main.o(.text.main)
    __arm_cp.0_36                            0x00000af8   Number         4  main.o(.text.main)
    __arm_cp.0_37                            0x00000afc   Number         4  main.o(.text.main)
    __arm_cp.0_38                            0x00000b00   Number         4  main.o(.text.main)
    __arm_cp.0_39                            0x00000b04   Number         4  main.o(.text.main)
    __arm_cp.0_40                            0x00000b08   Number         4  main.o(.text.main)
    __arm_cp.0_41                            0x00000b0c   Number         4  main.o(.text.main)
    [Anonymous Symbol]                       0x00000b10   Section        0  teclado.o(.text.procuraLinhas)
    __arm_cp.2_0                             0x00000b8c   Number         4  teclado.o(.text.procuraLinhas)
    [Anonymous Symbol]                       0x00000b90   Section        0  teclado.o(.text.procuraTecla)
    [Anonymous Symbol]                       0x00000ba4   Section        0  lcdio.o(.text.proxima_linha)
    [Anonymous Symbol]                       0x00000bb8   Section        0  lcdio.o(.text.send_command)
    __arm_cp.2_0                             0x00000c00   Number         4  lcdio.o(.text.send_command)
    [Anonymous Symbol]                       0x00000c04   Section        0  lcdio.o(.text.send_data)
    __arm_cp.1_0                             0x00000c4c   Number         4  lcdio.o(.text.send_data)
    __arm_cp.1_1                             0x00000c50   Number         4  lcdio.o(.text.send_data)
    __arm_cp.1_2                             0x00000c54   Number         4  lcdio.o(.text.send_data)
    [Anonymous Symbol]                       0x00000c58   Section        0  lcdio.o(.text.send_string)
    [Anonymous Symbol]                       0x00000c80   Section        0  teclado.o(.text.teclaDeboucing)
    __arm_cp.0_1                             0x00000cf4   Number         4  teclado.o(.text.teclaDeboucing)
    __arm_cp.0_2                             0x00000cf8   Number         4  teclado.o(.text.teclaDeboucing)
    [Anonymous Symbol]                       0x00000cfc   Section        0  lcdio.o(.text.telaAdmLogado)
    __arm_cp.10_0                            0x00000d14   Number         4  lcdio.o(.text.telaAdmLogado)
    [Anonymous Symbol]                       0x00000d18   Section        0  lcdio.o(.text.telaArmMetro)
    __arm_cp.7_0                             0x00000d30   Number         4  lcdio.o(.text.telaArmMetro)
    __arm_cp.7_1                             0x00000d34   Number         4  lcdio.o(.text.telaArmMetro)
    [Anonymous Symbol]                       0x00000d38   Section        0  lcdio.o(.text.telaEditarParametros)
    __arm_cp.11_0                            0x00000d50   Number         4  lcdio.o(.text.telaEditarParametros)
    __arm_cp.11_1                            0x00000d54   Number         4  lcdio.o(.text.telaEditarParametros)
    [Anonymous Symbol]                       0x00000d58   Section        0  lcdio.o(.text.telaEditarVel)
    __arm_cp.16_0                            0x00000d70   Number         4  lcdio.o(.text.telaEditarVel)
    __arm_cp.16_1                            0x00000d74   Number         4  lcdio.o(.text.telaEditarVel)
    [Anonymous Symbol]                       0x00000d78   Section        0  lcdio.o(.text.telaSenhaCorreta)
    __arm_cp.8_0                             0x00000d90   Number         4  lcdio.o(.text.telaSenhaCorreta)
    [Anonymous Symbol]                       0x00000d94   Section        0  lcdio.o(.text.telaSenhaIncorreta)
    __arm_cp.9_0                             0x00000dac   Number         4  lcdio.o(.text.telaSenhaIncorreta)
    [Anonymous Symbol]                       0x00000db0   Section        0  lcdio.o(.text.trigger_EN)
    __arm_cp.0_0                             0x00000de0   Number         4  lcdio.o(.text.trigger_EN)
    __arm_cp.0_1                             0x00000de4   Number         4  lcdio.o(.text.trigger_EN)
    [Anonymous Symbol]                       0x00000de8   Section        0  main.o(.rodata.str1.1)
    [Anonymous Symbol]                       0x00000e02   Section        0  validacao_senhas.o(.rodata.str1.1)
    [Anonymous Symbol]                       0x00000e15   Section        0  lcdio.o(.rodata.str1.1)
    .bss                                     0x1ffff038   Section       96  libspace.o(.bss)
    distancia                                0x1ffff098   Data           4  main.o(.bss.distancia)
    [Anonymous Symbol]                       0x1ffff098   Section        0  main.o(.bss.distancia)
    motor_calibrado                          0x1ffff09c   Data           4  main.o(.bss.motor_calibrado)
    [Anonymous Symbol]                       0x1ffff09c   Section        0  main.o(.bss.motor_calibrado)
    pulsos                                   0x1ffff0a4   Data           4  main.o(.bss.pulsos)
    [Anonymous Symbol]                       0x1ffff0a4   Section        0  main.o(.bss.pulsos)
    rotacoes_0kmh                            0x1ffff0a8   Data           4  main.o(.bss.rotacoes_0kmh)
    [Anonymous Symbol]                       0x1ffff0a8   Section        0  main.o(.bss.rotacoes_0kmh)
    rotacoes_80kmh                           0x1ffff0ac   Data           4  main.o(.bss.rotacoes_80kmh)
    [Anonymous Symbol]                       0x1ffff0ac   Section        0  main.o(.bss.rotacoes_80kmh)
    tempoEntrePulsos                         0x1ffff0b8   Data           4  main.o(.bss.tempoEntrePulsos)
    [Anonymous Symbol]                       0x1ffff0b8   Section        0  main.o(.bss.tempoEntrePulsos)
    tempoFaltando                            0x1ffff0bc   Data           4  main.o(.bss.tempoFaltando)
    [Anonymous Symbol]                       0x1ffff0bc   Section        0  main.o(.bss.tempoFaltando)
    velocidadeAtual                          0x1ffff0c0   Data           4  main.o(.bss.velocidadeAtual)
    [Anonymous Symbol]                       0x1ffff0c0   Section        0  main.o(.bss.velocidadeAtual)
    Heap_Mem                                 0x1ffff0c8   Data           0  startup_mkl25z4.o(HEAP)
    Stack_Mem                                0x1ffff0c8   Data         256  startup_mkl25z4.o(STACK)
    HEAP                                     0x1ffff0c8   Section        0  startup_mkl25z4.o(HEAP)
    STACK                                    0x1ffff0c8   Section      256  startup_mkl25z4.o(STACK)
    __initial_sp                             0x1ffff1c8   Data           0  startup_mkl25z4.o(STACK)

    Global Symbols

    Symbol Name                              Value     Ov Type        Size  Object(Section)

    BuildAttributes$$THM_ISAv3M$S$PE$A:L22$X:L11$S22$IEEE1$IW$~IW$USESV6$~STKCKD$USESV7$~SHL$OSPACE$ROPI$EBA8$UX$STANDARDLIB$REQ8$PRES8$EABIv2 0x00000000   Number         0  anon$$obj.o ABSOLUTE
    __Vectors                                0x00000000   Data           4  startup_mkl25z4.o(RESET)
    __ARM_exceptions_init                     - Undefined Weak Reference
    __alloca_initialize                       - Undefined Weak Reference
    __arm_preinit_                            - Undefined Weak Reference
    __arm_relocate_pie_                       - Undefined Weak Reference
    __cpp_initialize__aeabi_                  - Undefined Weak Reference
    __cxa_finalize                            - Undefined Weak Reference
    __sigvec_lookup                           - Undefined Weak Reference
    _atexit_init                              - Undefined Weak Reference
    _call_atexit_fns                          - Undefined Weak Reference
    _clock_init                               - Undefined Weak Reference
    _fp_trap_init                             - Undefined Weak Reference
    _fp_trap_shutdown                         - Undefined Weak Reference
    _get_lc_collate                           - Undefined Weak Reference
    _get_lc_monetary                          - Undefined Weak Reference
    _get_lc_numeric                           - Undefined Weak Reference
    _get_lc_time                              - Undefined Weak Reference
    _getenv_init                              - Undefined Weak Reference
    _handle_redirection                       - Undefined Weak Reference
    _init_alloc                               - Undefined Weak Reference
    _init_user_alloc                          - Undefined Weak Reference
    _initio                                   - Undefined Weak Reference
    _rand_init                                - Undefined Weak Reference
    _signal_finish                            - Undefined Weak Reference
    _signal_init                              - Undefined Weak Reference
    _terminate_alloc                          - Undefined Weak Reference
    _terminate_user_alloc                     - Undefined Weak Reference
    _terminateio                              - Undefined Weak Reference
    __Vectors_End                            0x000000c0   Data           0  startup_mkl25z4.o(RESET)
    __Vectors_Size                           0x000000c0   Number         0  startup_mkl25z4.o ABSOLUTE
    __main                                   0x000000c1   Thumb Code     8  __main.o(!!!main)
    __scatterload                            0x000000c9   Thumb Code     0  __scatter.o(!!!scatter)
    __scatterload_rt2                        0x000000c9   Thumb Code    52  __scatter.o(!!!scatter)
    __scatterload_rt2_thumb_only             0x000000c9   Thumb Code     0  __scatter.o(!!!scatter)
    __scatterload_null                       0x000000d9   Thumb Code     0  __scatter.o(!!!scatter)
    __scatterload_copy                       0x00000105   Thumb Code    26  __scatter_copy.o(!!handler_copy)
    __scatterload_zeroinit                   0x00000121   Thumb Code    28  __scatter_zi.o(!!handler_zi)
    __rt_lib_init                            0x0000013d   Thumb Code     0  libinit.o(.ARM.Collect$$libinit$$00000000)
    __rt_lib_init_alloca_1                   0x0000013f   Thumb Code     0  libinit2.o(.ARM.Collect$$libinit$$00000030)
    __rt_lib_init_argv_1                     0x0000013f   Thumb Code     0  libinit2.o(.ARM.Collect$$libinit$$0000002E)
    __rt_lib_init_atexit_1                   0x0000013f   Thumb Code     0  libinit2.o(.ARM.Collect$$libinit$$0000001D)
    __rt_lib_init_clock_1                    0x0000013f   Thumb Code     0  libinit2.o(.ARM.Collect$$libinit$$00000023)
    __rt_lib_init_cpp_1                      0x0000013f   Thumb Code     0  libinit2.o(.ARM.Collect$$libinit$$00000034)
    __rt_lib_init_exceptions_1               0x0000013f   Thumb Code     0  libinit2.o(.ARM.Collect$$libinit$$00000032)
    __rt_lib_init_fp_1                       0x0000013f   Thumb Code     0  libinit2.o(.ARM.Collect$$libinit$$00000002)
    __rt_lib_init_fp_trap_1                  0x0000013f   Thumb Code     0  libinit2.o(.ARM.Collect$$libinit$$00000021)
    __rt_lib_init_getenv_1                   0x0000013f   Thumb Code     0  libinit2.o(.ARM.Collect$$libinit$$00000025)
    __rt_lib_init_heap_1                     0x0000013f   Thumb Code     0  libinit2.o(.ARM.Collect$$libinit$$0000000C)
    __rt_lib_init_lc_collate_1               0x0000013f   Thumb Code     0  libinit2.o(.ARM.Collect$$libinit$$00000013)
    __rt_lib_init_lc_ctype_1                 0x0000013f   Thumb Code     0  libinit2.o(.ARM.Collect$$libinit$$00000015)
    __rt_lib_init_lc_monetary_1              0x0000013f   Thumb Code     0  libinit2.o(.ARM.Collect$$libinit$$00000017)
    __rt_lib_init_lc_numeric_1               0x0000013f   Thumb Code     0  libinit2.o(.ARM.Collect$$libinit$$00000019)
    __rt_lib_init_lc_time_1                  0x0000013f   Thumb Code     0  libinit2.o(.ARM.Collect$$libinit$$0000001B)
    __rt_lib_init_preinit_1                  0x0000013f   Thumb Code     0  libinit2.o(.ARM.Collect$$libinit$$00000006)
    __rt_lib_init_rand_1                     0x0000013f   Thumb Code     0  libinit2.o(.ARM.Collect$$libinit$$00000010)
    __rt_lib_init_relocate_pie_1             0x0000013f   Thumb Code     0  libinit2.o(.ARM.Collect$$libinit$$00000004)
    __rt_lib_init_return                     0x0000013f   Thumb Code     0  libinit2.o(.ARM.Collect$$libinit$$00000035)
    __rt_lib_init_signal_1                   0x0000013f   Thumb Code     0  libinit2.o(.ARM.Collect$$libinit$$0000001F)
    __rt_lib_init_stdio_1                    0x0000013f   Thumb Code     0  libinit2.o(.ARM.Collect$$libinit$$00000027)
    __rt_lib_init_user_alloc_1               0x0000013f   Thumb Code     0  libinit2.o(.ARM.Collect$$libinit$$0000000E)
    __rt_lib_shutdown                        0x00000141   Thumb Code     0  libshutdown.o(.ARM.Collect$$libshutdown$$00000000)
    __rt_lib_shutdown_cpp_1                  0x00000143   Thumb Code     0  libshutdown2.o(.ARM.Collect$$libshutdown$$00000002)
    __rt_lib_shutdown_fp_trap_1              0x00000143   Thumb Code     0  libshutdown2.o(.ARM.Collect$$libshutdown$$00000007)
    __rt_lib_shutdown_heap_1                 0x00000143   Thumb Code     0  libshutdown2.o(.ARM.Collect$$libshutdown$$0000000F)
    __rt_lib_shutdown_return                 0x00000143   Thumb Code     0  libshutdown2.o(.ARM.Collect$$libshutdown$$00000010)
    __rt_lib_shutdown_signal_1               0x00000143   Thumb Code     0  libshutdown2.o(.ARM.Collect$$libshutdown$$0000000A)
    __rt_lib_shutdown_stdio_1                0x00000143   Thumb Code     0  libshutdown2.o(.ARM.Collect$$libshutdown$$00000004)
    __rt_lib_shutdown_user_alloc_1           0x00000143   Thumb Code     0  libshutdown2.o(.ARM.Collect$$libshutdown$$0000000C)
    __rt_entry                               0x00000145   Thumb Code     0  __rtentry.o(.ARM.Collect$$rtentry$$00000000)
    __rt_entry_presh_1                       0x00000145   Thumb Code     0  __rtentry2.o(.ARM.Collect$$rtentry$$00000002)
    __rt_entry_sh                            0x00000145   Thumb Code     0  __rtentry4.o(.ARM.Collect$$rtentry$$00000004)
    __rt_entry_li                            0x0000014b   Thumb Code     0  __rtentry2.o(.ARM.Collect$$rtentry$$0000000A)
    __rt_entry_postsh_1                      0x0000014b   Thumb Code     0  __rtentry2.o(.ARM.Collect$$rtentry$$00000009)
    __rt_entry_main                          0x0000014f   Thumb Code     0  __rtentry2.o(.ARM.Collect$$rtentry$$0000000D)
    __rt_entry_postli_1                      0x0000014f   Thumb Code     0  __rtentry2.o(.ARM.Collect$$rtentry$$0000000C)
    __rt_exit                                0x00000157   Thumb Code     0  rtexit.o(.ARM.Collect$$rtexit$$00000000)
    __rt_exit_ls                             0x00000159   Thumb Code     0  rtexit2.o(.ARM.Collect$$rtexit$$00000003)
    __rt_exit_prels_1                        0x00000159   Thumb Code     0  rtexit2.o(.ARM.Collect$$rtexit$$00000002)
    __rt_exit_exit                           0x0000015d   Thumb Code     0  rtexit2.o(.ARM.Collect$$rtexit$$00000004)
    Reset_Handler                            0x00000165   Thumb Code    12  startup_mkl25z4.o(.text)
    NMI_Handler                              0x00000171   Thumb Code     2  startup_mkl25z4.o(.text)
    HardFault_Handler                        0x00000173   Thumb Code     2  startup_mkl25z4.o(.text)
    SVC_Handler                              0x00000175   Thumb Code     2  startup_mkl25z4.o(.text)
    PendSV_Handler                           0x00000177   Thumb Code     2  startup_mkl25z4.o(.text)
    SysTick_Handler                          0x00000179   Thumb Code     2  startup_mkl25z4.o(.text)
    ADC0_IRQHandler                          0x0000017b   Thumb Code     0  startup_mkl25z4.o(.text)
    CMP0_IRQHandler                          0x0000017b   Thumb Code     0  startup_mkl25z4.o(.text)
    DAC0_IRQHandler                          0x0000017b   Thumb Code     0  startup_mkl25z4.o(.text)
    DMA0_IRQHandler                          0x0000017b   Thumb Code     0  startup_mkl25z4.o(.text)
    DMA1_IRQHandler                          0x0000017b   Thumb Code     0  startup_mkl25z4.o(.text)
    DMA2_IRQHandler                          0x0000017b   Thumb Code     0  startup_mkl25z4.o(.text)
    DMA3_IRQHandler                          0x0000017b   Thumb Code     0  startup_mkl25z4.o(.text)
    DefaultISR                               0x0000017b   Thumb Code     0  startup_mkl25z4.o(.text)
    FTFA_IRQHandler                          0x0000017b   Thumb Code     0  startup_mkl25z4.o(.text)
    I2C0_IRQHandler                          0x0000017b   Thumb Code     0  startup_mkl25z4.o(.text)
    I2C1_IRQHandler                          0x0000017b   Thumb Code     0  startup_mkl25z4.o(.text)
    LLWU_IRQHandler                          0x0000017b   Thumb Code     0  startup_mkl25z4.o(.text)
    LPTMR0_IRQHandler                        0x0000017b   Thumb Code     0  startup_mkl25z4.o(.text)
    LVD_LVW_IRQHandler                       0x0000017b   Thumb Code     0  startup_mkl25z4.o(.text)
    MCG_IRQHandler                           0x0000017b   Thumb Code     0  startup_mkl25z4.o(.text)
    PIT_IRQHandler                           0x0000017b   Thumb Code     0  startup_mkl25z4.o(.text)
    PORTA_IRQHandler                         0x0000017b   Thumb Code     0  startup_mkl25z4.o(.text)
    PORTD_IRQHandler                         0x0000017b   Thumb Code     0  startup_mkl25z4.o(.text)
    RTC_IRQHandler                           0x0000017b   Thumb Code     0  startup_mkl25z4.o(.text)
    RTC_Seconds_IRQHandler                   0x0000017b   Thumb Code     0  startup_mkl25z4.o(.text)
    Reserved20_IRQHandler                    0x0000017b   Thumb Code     0  startup_mkl25z4.o(.text)
    Reserved39_IRQHandler                    0x0000017b   Thumb Code     0  startup_mkl25z4.o(.text)
    Reserved45_IRQHandler                    0x0000017b   Thumb Code     0  startup_mkl25z4.o(.text)
    SPI0_IRQHandler                          0x0000017b   Thumb Code     0  startup_mkl25z4.o(.text)
    SPI1_IRQHandler                          0x0000017b   Thumb Code     0  startup_mkl25z4.o(.text)
    TPM0_IRQHandler                          0x0000017b   Thumb Code     0  startup_mkl25z4.o(.text)
    TPM1_IRQHandler                          0x0000017b   Thumb Code     0  startup_mkl25z4.o(.text)
    TPM2_IRQHandler                          0x0000017b   Thumb Code     0  startup_mkl25z4.o(.text)
    TSI0_IRQHandler                          0x0000017b   Thumb Code     0  startup_mkl25z4.o(.text)
    UART0_IRQHandler                         0x0000017b   Thumb Code     0  startup_mkl25z4.o(.text)
    UART1_IRQHandler                         0x0000017b   Thumb Code     0  startup_mkl25z4.o(.text)
    UART2_IRQHandler                         0x0000017b   Thumb Code     0  startup_mkl25z4.o(.text)
    USB0_IRQHandler                          0x0000017b   Thumb Code     0  startup_mkl25z4.o(.text)
    __user_initial_stackheap                 0x00000181   Thumb Code     0  startup_mkl25z4.o(.text)
    strcpy                                   0x000001a5   Thumb Code    70  strcpy.o(.text)
    strcmp                                   0x000001f1   Thumb Code   132  strcmp.o(.text)
    __aeabi_uidiv                            0x00000279   Thumb Code     0  aeabi_sdiv.o(.text)
    __aeabi_uidivmod                         0x00000279   Thumb Code    20  aeabi_sdiv.o(.text)
    __aeabi_idiv                             0x0000028d   Thumb Code     0  aeabi_sdiv.o(.text)
    __aeabi_idivmod                          0x0000028d   Thumb Code   338  aeabi_sdiv.o(.text)
    __use_two_region_memory                  0x000003e5   Thumb Code     2  heapauxi.o(.text)
    __rt_heap_escrow$2region                 0x000003e7   Thumb Code     2  heapauxi.o(.text)
    __rt_heap_expand$2region                 0x000003e9   Thumb Code     2  heapauxi.o(.text)
    __user_libspace                          0x000003ed   Thumb Code     8  libspace.o(.text)
    __user_perproc_libspace                  0x000003ed   Thumb Code     0  libspace.o(.text)
    __user_perthread_libspace                0x000003ed   Thumb Code     0  libspace.o(.text)
    _sys_exit                                0x000003f5   Thumb Code     8  sys_exit.o(.text)
    __user_setup_stackheap                   0x00000411   Thumb Code    62  sys_stackheap_outer.o(.text)
    exit                                     0x0000044f   Thumb Code    16  exit.o(.text)
    __I$use$semihosting                      0x0000045f   Thumb Code     0  use_no_semi.o(.text)
    __use_no_semihosting_swi                 0x0000045f   Thumb Code     2  use_no_semi.o(.text)
    RTC_timer_configura                      0x00000461   Thumb Code    48  controle_motor.o(.text.RTC_timer_configura)
    __semihosting_library_function           0x00000461   Thumb Code     0  indicate_semi.o(.text)
    SystemInit                               0x000004a5   Thumb Code     8  system_mkl25z4.o(.text.SystemInit)
    atraso                                   0x000004b1   Thumb Code    50  timers.o(.text.atraso)
    config_lcd_padrao                        0x000004e3   Thumb Code    28  lcdio.o(.text.config_lcd_padrao)
    delay_ms                                 0x00000501   Thumb Code    84  timers.o(.text.delay_ms)
    delay_s                                  0x00000559   Thumb Code    84  timers.o(.text.delay_s)
    edicaoParametros                         0x000005b9   Thumb Code   168  validacao_senhas.o(.text.edicaoParametros)
    lerSenha                                 0x0000066d   Thumb Code   180  validacao_senhas.o(.text.lerSenha)
    lerTeclado                               0x00000745   Thumb Code   148  teclado.o(.text.lerTeclado)
    ligaLinhas                               0x000007dd   Thumb Code   256  teclado.o(.text.ligaLinhas)
    limpa_reseta_cursor                      0x000008e1   Thumb Code    24  lcdio.o(.text.limpa_reseta_cursor)
    main                                     0x000008f9   Thumb Code   368  main.o(.text.main)
    procuraLinhas                            0x00000b11   Thumb Code   124  teclado.o(.text.procuraLinhas)
    procuraTecla                             0x00000b91   Thumb Code    20  teclado.o(.text.procuraTecla)
    proxima_linha                            0x00000ba5   Thumb Code    18  lcdio.o(.text.proxima_linha)
    send_command                             0x00000bb9   Thumb Code    72  lcdio.o(.text.send_command)
    send_data                                0x00000c05   Thumb Code    72  lcdio.o(.text.send_data)
    send_string                              0x00000c59   Thumb Code    38  lcdio.o(.text.send_string)
    teclaDeboucing                           0x00000c81   Thumb Code   116  teclado.o(.text.teclaDeboucing)
    telaAdmLogado                            0x00000cfd   Thumb Code    24  lcdio.o(.text.telaAdmLogado)
    telaArmMetro                             0x00000d19   Thumb Code    24  lcdio.o(.text.telaArmMetro)
    telaEditarParametros                     0x00000d39   Thumb Code    24  lcdio.o(.text.telaEditarParametros)
    telaEditarVel                            0x00000d59   Thumb Code    24  lcdio.o(.text.telaEditarVel)
    telaSenhaCorreta                         0x00000d79   Thumb Code    24  lcdio.o(.text.telaSenhaCorreta)
    telaSenhaIncorreta                       0x00000d95   Thumb Code    24  lcdio.o(.text.telaSenhaIncorreta)
    trigger_EN                               0x00000db1   Thumb Code    48  lcdio.o(.text.trigger_EN)
    Region$$Table$$Base                      0x00000e94   Number         0  anon$$obj.o(Region$$Table)
    Region$$Table$$Limit                     0x00000eb4   Number         0  anon$$obj.o(Region$$Table)
    estado                                   0x1ffff000   Data          16  validacao_senhas.o(.data.estado)
    senhaAdm                                 0x1ffff010   Data           7  validacao_senhas.o(.data.senhaAdm)
    senhaOp1                                 0x1ffff017   Data           7  validacao_senhas.o(.data.senhaOp1)
    senhaOp2                                 0x1ffff01e   Data           7  validacao_senhas.o(.data.senhaOp2)
    teclado                                  0x1ffff025   Data          16  teclado.o(.data.teclado)
    __libspace_start                         0x1ffff038   Data          96  libspace.o(.bss)
    __temporary_stack_top$libspace           0x1ffff098   Data           0  libspace.o(.bss)
    nr_digitados                             0x1ffff0a0   Data           4  validacao_senhas.o(.bss.nr_digitados)
    senha                                    0x1ffff0b0   Data           7  validacao_senhas.o(.bss.senha)
    tecla                                    0x1ffff0b7   Data           1  teclado.o(.bss.tecla)



==============================================================================

Memory Map of the image

  Image Entry point : 0x00000165

  Load Region LR_1 (Base: 0x00000000, Size: 0x00000eec, Max: 0xffffffff, ABSOLUTE)

    Execution Region ER_RO (Exec base: 0x00000000, Load base: 0x00000000, Size: 0x00000eb4, Max: 0xffffffff, ABSOLUTE)

    Exec Addr    Load Addr    Size         Type   Attr      Idx    E Section Name        Object

    0x00000000   0x00000000   0x000000c0   Data   RO          158    RESET               startup_mkl25z4.o
    0x000000c0   0x000000c0   0x00000008   Code   RO          194  * !!!main             c_p.l(__main.o)
    0x000000c8   0x000000c8   0x0000003c   Code   RO          408    !!!scatter          c_p.l(__scatter.o)
    0x00000104   0x00000104   0x0000001a   Code   RO          410    !!handler_copy      c_p.l(__scatter_copy.o)
    0x0000011e   0x0000011e   0x00000002   PAD
    0x00000120   0x00000120   0x0000001c   Code   RO          412    !!handler_zi        c_p.l(__scatter_zi.o)
    0x0000013c   0x0000013c   0x00000002   Code   RO          272    .ARM.Collect$$libinit$$00000000  c_p.l(libinit.o)
    0x0000013e   0x0000013e   0x00000000   Code   RO          283    .ARM.Collect$$libinit$$00000002  c_p.l(libinit2.o)
    0x0000013e   0x0000013e   0x00000000   Code   RO          285    .ARM.Collect$$libinit$$00000004  c_p.l(libinit2.o)
    0x0000013e   0x0000013e   0x00000000   Code   RO          287    .ARM.Collect$$libinit$$00000006  c_p.l(libinit2.o)
    0x0000013e   0x0000013e   0x00000000   Code   RO          290    .ARM.Collect$$libinit$$0000000C  c_p.l(libinit2.o)
    0x0000013e   0x0000013e   0x00000000   Code   RO          292    .ARM.Collect$$libinit$$0000000E  c_p.l(libinit2.o)
    0x0000013e   0x0000013e   0x00000000   Code   RO          294    .ARM.Collect$$libinit$$00000010  c_p.l(libinit2.o)
    0x0000013e   0x0000013e   0x00000000   Code   RO          297    .ARM.Collect$$libinit$$00000013  c_p.l(libinit2.o)
    0x0000013e   0x0000013e   0x00000000   Code   RO          299    .ARM.Collect$$libinit$$00000015  c_p.l(libinit2.o)
    0x0000013e   0x0000013e   0x00000000   Code   RO          301    .ARM.Collect$$libinit$$00000017  c_p.l(libinit2.o)
    0x0000013e   0x0000013e   0x00000000   Code   RO          303    .ARM.Collect$$libinit$$00000019  c_p.l(libinit2.o)
    0x0000013e   0x0000013e   0x00000000   Code   RO          305    .ARM.Collect$$libinit$$0000001B  c_p.l(libinit2.o)
    0x0000013e   0x0000013e   0x00000000   Code   RO          307    .ARM.Collect$$libinit$$0000001D  c_p.l(libinit2.o)
    0x0000013e   0x0000013e   0x00000000   Code   RO          309    .ARM.Collect$$libinit$$0000001F  c_p.l(libinit2.o)
    0x0000013e   0x0000013e   0x00000000   Code   RO          311    .ARM.Collect$$libinit$$00000021  c_p.l(libinit2.o)
    0x0000013e   0x0000013e   0x00000000   Code   RO          313    .ARM.Collect$$libinit$$00000023  c_p.l(libinit2.o)
    0x0000013e   0x0000013e   0x00000000   Code   RO          315    .ARM.Collect$$libinit$$00000025  c_p.l(libinit2.o)
    0x0000013e   0x0000013e   0x00000000   Code   RO          317    .ARM.Collect$$libinit$$00000027  c_p.l(libinit2.o)
    0x0000013e   0x0000013e   0x00000000   Code   RO          321    .ARM.Collect$$libinit$$0000002E  c_p.l(libinit2.o)
    0x0000013e   0x0000013e   0x00000000   Code   RO          323    .ARM.Collect$$libinit$$00000030  c_p.l(libinit2.o)
    0x0000013e   0x0000013e   0x00000000   Code   RO          325    .ARM.Collect$$libinit$$00000032  c_p.l(libinit2.o)
    0x0000013e   0x0000013e   0x00000000   Code   RO          327    .ARM.Collect$$libinit$$00000034  c_p.l(libinit2.o)
    0x0000013e   0x0000013e   0x00000002   Code   RO          328    .ARM.Collect$$libinit$$00000035  c_p.l(libinit2.o)
    0x00000140   0x00000140   0x00000002   Code   RO          363    .ARM.Collect$$libshutdown$$00000000  c_p.l(libshutdown.o)
    0x00000142   0x00000142   0x00000000   Code   RO          391    .ARM.Collect$$libshutdown$$00000002  c_p.l(libshutdown2.o)
    0x00000142   0x00000142   0x00000000   Code   RO          393    .ARM.Collect$$libshutdown$$00000004  c_p.l(libshutdown2.o)
    0x00000142   0x00000142   0x00000000   Code   RO          396    .ARM.Collect$$libshutdown$$00000007  c_p.l(libshutdown2.o)
    0x00000142   0x00000142   0x00000000   Code   RO          399    .ARM.Collect$$libshutdown$$0000000A  c_p.l(libshutdown2.o)
    0x00000142   0x00000142   0x00000000   Code   RO          401    .ARM.Collect$$libshutdown$$0000000C  c_p.l(libshutdown2.o)
    0x00000142   0x00000142   0x00000000   Code   RO          404    .ARM.Collect$$libshutdown$$0000000F  c_p.l(libshutdown2.o)
    0x00000142   0x00000142   0x00000002   Code   RO          405    .ARM.Collect$$libshutdown$$00000010  c_p.l(libshutdown2.o)
    0x00000144   0x00000144   0x00000000   Code   RO          211    .ARM.Collect$$rtentry$$00000000  c_p.l(__rtentry.o)
    0x00000144   0x00000144   0x00000000   Code   RO          228    .ARM.Collect$$rtentry$$00000002  c_p.l(__rtentry2.o)
    0x00000144   0x00000144   0x00000006   Code   RO          240    .ARM.Collect$$rtentry$$00000004  c_p.l(__rtentry4.o)
    0x0000014a   0x0000014a   0x00000000   Code   RO          230    .ARM.Collect$$rtentry$$00000009  c_p.l(__rtentry2.o)
    0x0000014a   0x0000014a   0x00000004   Code   RO          231    .ARM.Collect$$rtentry$$0000000A  c_p.l(__rtentry2.o)
    0x0000014e   0x0000014e   0x00000000   Code   RO          233    .ARM.Collect$$rtentry$$0000000C  c_p.l(__rtentry2.o)
    0x0000014e   0x0000014e   0x00000008   Code   RO          234    .ARM.Collect$$rtentry$$0000000D  c_p.l(__rtentry2.o)
    0x00000156   0x00000156   0x00000002   Code   RO          274    .ARM.Collect$$rtexit$$00000000  c_p.l(rtexit.o)
    0x00000158   0x00000158   0x00000000   Code   RO          334    .ARM.Collect$$rtexit$$00000002  c_p.l(rtexit2.o)
    0x00000158   0x00000158   0x00000004   Code   RO          335    .ARM.Collect$$rtexit$$00000003  c_p.l(rtexit2.o)
    0x0000015c   0x0000015c   0x00000006   Code   RO          336    .ARM.Collect$$rtexit$$00000004  c_p.l(rtexit2.o)
    0x00000162   0x00000162   0x00000002   PAD
    0x00000164   0x00000164   0x00000040   Code   RO          160  * .text               startup_mkl25z4.o
    0x000001a4   0x000001a4   0x0000004c   Code   RO          184    .text               c_p.l(strcpy.o)
    0x000001f0   0x000001f0   0x00000088   Code   RO          186    .text               c_p.l(strcmp.o)
    0x00000278   0x00000278   0x0000016c   Code   RO          188    .text               c_p.l(aeabi_sdiv.o)
    0x000003e4   0x000003e4   0x00000006   Code   RO          192    .text               c_p.l(heapauxi.o)
    0x000003ea   0x000003ea   0x00000002   PAD
    0x000003ec   0x000003ec   0x00000008   Code   RO          224    .text               c_p.l(libspace.o)
    0x000003f4   0x000003f4   0x0000000c   Code   RO          329    .text               c_p.l(sys_exit.o)
    0x00000400   0x00000400   0x00000010   Code   RO          159    .ARM.__at_0x400     startup_mkl25z4.o
    0x00000410   0x00000410   0x0000003e   Code   RO          248    .text               c_p.l(sys_stackheap_outer.o)
    0x0000044e   0x0000044e   0x00000010   Code   RO          261    .text               c_p.l(exit.o)
    0x0000045e   0x0000045e   0x00000002   Code   RO          352    .text               c_p.l(use_no_semi.o)
    0x00000460   0x00000460   0x00000000   Code   RO          354    .text               c_p.l(indicate_semi.o)
    0x00000460   0x00000460   0x00000044   Code   RO          140    .text.RTC_timer_configura  controle_motor.o
    0x000004a4   0x000004a4   0x0000000c   Code   RO          169    .text.SystemInit    system_mkl25z4.o
    0x000004b0   0x000004b0   0x00000032   Code   RO          119    .text.atraso        timers.o
    0x000004e2   0x000004e2   0x0000001c   Code   RO           57    .text.config_lcd_padrao  lcdio.o
    0x000004fe   0x000004fe   0x00000002   PAD
    0x00000500   0x00000500   0x00000058   Code   RO          117    .text.delay_ms      timers.o
    0x00000558   0x00000558   0x00000060   Code   RO          115    .text.delay_s       timers.o
    0x000005b8   0x000005b8   0x000000b4   Code   RO           22    .text.edicaoParametros  validacao_senhas.o
    0x0000066c   0x0000066c   0x000000d8   Code   RO           20    .text.lerSenha      validacao_senhas.o
    0x00000744   0x00000744   0x00000098   Code   RO          103    .text.lerTeclado    teclado.o
    0x000007dc   0x000007dc   0x00000104   Code   RO           97    .text.ligaLinhas    teclado.o
    0x000008e0   0x000008e0   0x00000018   Code   RO           55    .text.limpa_reseta_cursor  lcdio.o
    0x000008f8   0x000008f8   0x00000218   Code   RO            2    .text.main          main.o
    0x00000b10   0x00000b10   0x00000080   Code   RO           99    .text.procuraLinhas  teclado.o
    0x00000b90   0x00000b90   0x00000014   Code   RO          101    .text.procuraTecla  teclado.o
    0x00000ba4   0x00000ba4   0x00000012   Code   RO           59    .text.proxima_linha  lcdio.o
    0x00000bb6   0x00000bb6   0x00000002   PAD
    0x00000bb8   0x00000bb8   0x0000004c   Code   RO           51    .text.send_command  lcdio.o
    0x00000c04   0x00000c04   0x00000054   Code   RO           49    .text.send_data     lcdio.o
    0x00000c58   0x00000c58   0x00000026   Code   RO           53    .text.send_string   lcdio.o
    0x00000c7e   0x00000c7e   0x00000002   PAD
    0x00000c80   0x00000c80   0x0000007c   Code   RO           95    .text.teclaDeboucing  teclado.o
    0x00000cfc   0x00000cfc   0x0000001c   Code   RO           67    .text.telaAdmLogado  lcdio.o
    0x00000d18   0x00000d18   0x00000020   Code   RO           61    .text.telaArmMetro  lcdio.o
    0x00000d38   0x00000d38   0x00000020   Code   RO           69    .text.telaEditarParametros  lcdio.o
    0x00000d58   0x00000d58   0x00000020   Code   RO           79    .text.telaEditarVel  lcdio.o
    0x00000d78   0x00000d78   0x0000001c   Code   RO           63    .text.telaSenhaCorreta  lcdio.o
    0x00000d94   0x00000d94   0x0000001c   Code   RO           65    .text.telaSenhaIncorreta  lcdio.o
    0x00000db0   0x00000db0   0x00000038   Code   RO           47    .text.trigger_EN    lcdio.o
    0x00000de8   0x00000de8   0x0000001a   Data   RO           12    .rodata.str1.1      main.o
    0x00000e02   0x00000e02   0x00000013   Data   RO           38    .rodata.str1.1      validacao_senhas.o
    0x00000e15   0x00000e15   0x0000007c   Data   RO           87    .rodata.str1.1      lcdio.o
    0x00000e91   0x00000e91   0x00000003   PAD
    0x00000e94   0x00000e94   0x00000020   Data   RO          407    Region$$Table       anon$$obj.o


    Execution Region ER_RW (Exec base: 0x1ffff000, Load base: 0x00000eb4, Size: 0x00000038, Max: 0xffffffff, ABSOLUTE)

    Exec Addr    Load Addr    Size         Type   Attr      Idx    E Section Name        Object

    0x1ffff000   0x00000eb4   0x00000010   Data   RW           37    .data.estado        validacao_senhas.o
    0x1ffff010   0x00000ec4   0x00000007   Data   RW           30    .data.senhaAdm      validacao_senhas.o
    0x1ffff017   0x00000ecb   0x00000007   Data   RW           31    .data.senhaOp1      validacao_senhas.o
    0x1ffff01e   0x00000ed2   0x00000007   Data   RW           32    .data.senhaOp2      validacao_senhas.o
    0x1ffff025   0x00000ed9   0x00000010   Data   RW          105    .data.teclado       teclado.o


    Execution Region ER_ZI (Exec base: 0x1ffff038, Load base: 0x00000eec, Size: 0x00000190, Max: 0xffffffff, ABSOLUTE)

    Exec Addr    Load Addr    Size         Type   Attr      Idx    E Section Name        Object

    0x1ffff038        -       0x00000060   Zero   RW          225    .bss                c_p.l(libspace.o)
    0x1ffff098        -       0x00000004   Zero   RW            4    .bss.distancia      main.o
    0x1ffff09c        -       0x00000004   Zero   RW           10    .bss.motor_calibrado  main.o
    0x1ffff0a0        -       0x00000004   Zero   RW           34    .bss.nr_digitados   validacao_senhas.o
    0x1ffff0a4        -       0x00000004   Zero   RW            7    .bss.pulsos         main.o
    0x1ffff0a8        -       0x00000004   Zero   RW            9    .bss.rotacoes_0kmh  main.o
    0x1ffff0ac        -       0x00000004   Zero   RW            8    .bss.rotacoes_80kmh  main.o
    0x1ffff0b0        -       0x00000007   Zero   RW           35    .bss.senha          validacao_senhas.o
    0x1ffff0b7        -       0x00000001   Zero   RW          106    .bss.tecla          teclado.o
    0x1ffff0b8        -       0x00000004   Zero   RW            6    .bss.tempoEntrePulsos  main.o
    0x1ffff0bc        -       0x00000004   Zero   RW            5    .bss.tempoFaltando  main.o
    0x1ffff0c0        -       0x00000004   Zero   RW           11    .bss.velocidadeAtual  main.o
    0x1ffff0c4   0x00000eec   0x00000004   PAD
    0x1ffff0c8        -       0x00000000   Zero   RW          157    HEAP                startup_mkl25z4.o
    0x1ffff0c8        -       0x00000100   Zero   RW          156    STACK               startup_mkl25z4.o


==============================================================================

Image component sizes


      Code (inc. data)   RO Data    RW Data    ZI Data      Debug   Object Name

        68         20          0          0          0       3413   controle_motor.o
       504         60        124          0          0       3118   lcdio.o
       536        168         26          0         32       2276   main.o
        80         44        192          0        256        876   startup_mkl25z4.o
        12          4          0          0          0       2558   system_mkl25z4.o
       684         20          0         16          1       1984   teclado.o
       234         16          0          0          0       1575   timers.o
       396         48         19         37         11       2326   validacao_senhas.o

    ----------------------------------------------------------------------
      2520        380        396         56        304      18126   Object Totals
         0          0         32          0          0          0   (incl. Generated)
         6          0          3          3          4          0   (incl. Padding)

    ----------------------------------------------------------------------

      Code (inc. data)   RO Data    RW Data    ZI Data      Debug   Library Member Name

         8          0          0          0          0         68   __main.o
         0          0          0          0          0          0   __rtentry.o
        12          0          0          0          0          0   __rtentry2.o
         6          0          0          0          0          0   __rtentry4.o
        60          8          0          0          0          0   __scatter.o
        26          0          0          0          0          0   __scatter_copy.o
        28          0          0          0          0          0   __scatter_zi.o
       364          4          0          0          0         92   aeabi_sdiv.o
        16          0          0          0          0         68   exit.o
         6          0          0          0          0        136   heapauxi.o
         0          0          0          0          0          0   indicate_semi.o
         2          0          0          0          0          0   libinit.o
         2          0          0          0          0          0   libinit2.o
         2          0          0          0          0          0   libshutdown.o
         2          0          0          0          0          0   libshutdown2.o
         8          4          0          0         96         68   libspace.o
         2          0          0          0          0          0   rtexit.o
        10          0          0          0          0          0   rtexit2.o
       136          4          0          0          0         72   strcmp.o
        76          6          0          0          0         72   strcpy.o
        12          4          0          0          0         60   sys_exit.o
        62          0          0          0          0         80   sys_stackheap_outer.o
         2          0          0          0          0         68   use_no_semi.o

    ----------------------------------------------------------------------
       848         30          0          0         96        784   Library Totals
         6          0          0          0          0          0   (incl. Padding)

    ----------------------------------------------------------------------

      Code (inc. data)   RO Data    RW Data    ZI Data      Debug   Library Name

       842         30          0          0         96        784   c_p.l

    ----------------------------------------------------------------------
       848         30          0          0         96        784   Library Totals

    ----------------------------------------------------------------------

==============================================================================


      Code (inc. data)   RO Data    RW Data    ZI Data      Debug   

      3368        410        396         56        400      18558   Grand Totals
      3368        410        396         56        400      18558   ELF Image Totals
      3368        410        396         56          0          0   ROM Totals

==============================================================================

    Total RO  Size (Code + RO Data)                 3764 (   3.68kB)
    Total RW  Size (RW Data + ZI Data)               456 (   0.45kB)
    Total ROM Size (Code + RO Data + RW Data)       3820 (   3.73kB)

==============================================================================

